<html>
<body>
<pre>
<h1>µVision Build Log</h1>
<h2>Project:</h2>
C:\Users\Kord\Desktop\project\MicroProject.uvproj
Project File Date:  11/23/2017

<h2>Output:</h2>
Build target 'Target 1'
compiling main.c...
LCDHeader.h(4): warning:  #1295-D: Deprecated declaration PortF_PortB_init - give arg types
  void PortF_PortB_init();
LCDHeader.h(5): warning:  #1295-D: Deprecated declaration cursorLeft - give arg types
  void cursorLeft();
LCDHeader.h(6): warning:  #1-D: last line of file ends without a newline
  void cursorRight();
LCDHeader.h(6): warning:  #1295-D: Deprecated declaration cursorRight - give arg types
  void cursorRight();
main.c(253): warning:  #111-D: statement is unreachable
                                        operatorEntered(c);
main.c: 5 warnings, 0 errors
linking...
Program Size: Code=16756 RO-data=1000 RW-data=44 ZI-data=16780  
".\MicroProject.axf" - 0 Error(s), 5 Warning(s).
Load "C:\\Users\\Kord\\Desktop\\project\\MicroProject.axf" 
Connecting: Mode=JTAG, Speed=1000000Hz
Erase Done.
Programming Done.
Verify OK.
</pre>
</body>
</html>
OK.
file ends without a newline
  void cursorRight();
LCDHeader.h(6): warning:  #1295-D: Deprecated declaration cursorRight - give arg types
  void cursorRight();
inialization.c: 4 warnings, 0 errors
linking...
Program Size: Code=6536 RO-data=952 RW-data=44 ZI-data=16780  
".\MicroProject.axf" - 0 Error(s), 9 Warning(s).
Load "C:\\Users\\Kord\\Desktop\\project\\MicroProject.axf" 
Connecting: Mode=JTAG, Speed=1000000Hz
Erase Done.
Programming Done.
Verify OK.
