ARM Linker, 5.03 [Build 76] [MDK-ARM Lite]

==============================================================================

Section Cross References

    startup_tm4c123.o(STACK) refers (Special) to heapauxi.o(.text) for __use_two_region_memory
    startup_tm4c123.o(HEAP) refers (Special) to heapauxi.o(.text) for __use_two_region_memory
    startup_tm4c123.o(RESET) refers (Special) to heapauxi.o(.text) for __use_two_region_memory
    startup_tm4c123.o(RESET) refers to startup_tm4c123.o(STACK) for __initial_sp
    startup_tm4c123.o(RESET) refers to startup_tm4c123.o(.text) for Reset_Handler
    startup_tm4c123.o(.text) refers (Special) to heapauxi.o(.text) for __use_two_region_memory
    startup_tm4c123.o(.text) refers to main.o(.text) for SystemInit
    startup_tm4c123.o(.text) refers to startup_tm4c123.o(HEAP) for Heap_Mem
    startup_tm4c123.o(.text) refers to startup_tm4c123.o(STACK) for Stack_Mem
    main.o(.text) refers to _printf_percent.o(.ARM.Collect$$_printf_percent$$00000000) for _printf_percent
    main.o(.text) refers to _printf_f.o(.ARM.Collect$$_printf_percent$$00000003) for _printf_f
    main.o(.text) refers to printf1.o(x$fpl$printf1) for _printf_fp_dec
    main.o(.text) refers to strlen.o(.text) for strlen
    main.o(.text) refers to dflt_clz.o(x$fpl$dflt) for __aeabi_i2d
    main.o(.text) refers to pow.o(i.__hardfp_pow) for __hardfp_pow
    main.o(.text) refers to f2d.o(x$fpl$f2d) for __aeabi_f2d
    main.o(.text) refers to dmul.o(x$fpl$dmul) for __aeabi_dmul
    main.o(.text) refers to daddsub_clz.o(x$fpl$dadd) for __aeabi_dadd
    main.o(.text) refers to d2f.o(x$fpl$d2f) for __aeabi_d2f
    main.o(.text) refers to noretval__2printf.o(.text) for __2printf
    main.o(.text) refers to strcat.o(.text) for strcat
    main.o(.text) refers to keypad.o(.text) for keypad_getkey
    main.o(.text) refers to lcd.o(.text) for LCD_data
    main.o(.text) refers to delay.o(.text) for delayMs
    main.o(.text) refers to noretval__2sprintf.o(.text) for __2sprintf
    main.o(.text) refers to strcpy.o(.text) for strcpy
    main.o(.text) refers to inialization.o(.text) for PortF_PortB_init
    main.o(.text) refers to main.o(.bss) for currentOperand
    main.o(.text) refers to main.o(.data) for i
    keypad.o(.text) refers to delay.o(.text) for delayMs
    keypad.o(.text) refers to keypad.o(.constdata) for .constdata
    lcd.o(.text) refers to delay.o(.text) for delayUs
    __2printf.o(.text) refers to _printf_char_file.o(.text) for _printf_char_file
    __2printf.o(.text) refers to stdio_streams.o(.bss) for __stdout
    __2sprintf.o(.text) refers to _printf_char_common.o(.text) for _printf_char_common
    __2sprintf.o(.text) refers to _sputc.o(.text) for _sputc
    noretval__2printf.o(.text) refers to _printf_char_file.o(.text) for _printf_char_file
    noretval__2printf.o(.text) refers to stdio_streams.o(.bss) for __stdout
    noretval__2sprintf.o(.text) refers to _printf_char_common.o(.text) for _printf_char_common
    noretval__2sprintf.o(.text) refers to _sputc.o(.text) for _sputc
    __printf.o(.text) refers to _printf_percent.o(.ARM.Collect$$_printf_percent$$00000000) for _printf_percent
    __printf_flags.o(.text) refers to _printf_percent.o(.ARM.Collect$$_printf_percent$$00000000) for _printf_percent
    __printf_flags.o(.text) refers to __printf_flags.o(.constdata) for .constdata
    __printf_ss.o(.text) refers to _printf_percent.o(.ARM.Collect$$_printf_percent$$00000000) for _printf_percent
    __printf_flags_ss.o(.text) refers to _printf_percent.o(.ARM.Collect$$_printf_percent$$00000000) for _printf_percent
    __printf_flags_ss.o(.text) refers to __printf_flags_ss.o(.constdata) for .constdata
    __printf_wp.o(.text) refers to __printf_wp.o(i._is_digit) for _is_digit
    __printf_wp.o(.text) refers to _printf_percent.o(.ARM.Collect$$_printf_percent$$00000000) for _printf_percent
    __printf_flags_wp.o(.text) refers to __printf_wp.o(i._is_digit) for _is_digit
    __printf_flags_wp.o(.text) refers to _printf_percent.o(.ARM.Collect$$_printf_percent$$00000000) for _printf_percent
    __printf_flags_wp.o(.text) refers to __printf_flags_wp.o(.constdata) for .constdata
    __printf_ss_wp.o(.text) refers to __printf_wp.o(i._is_digit) for _is_digit
    __printf_ss_wp.o(.text) refers to _printf_percent.o(.ARM.Collect$$_printf_percent$$00000000) for _printf_percent
    __printf_flags_ss_wp.o(.text) refers to __printf_wp.o(i._is_digit) for _is_digit
    __printf_flags_ss_wp.o(.text) refers to _printf_percent.o(.ARM.Collect$$_printf_percent$$00000000) for _printf_percent
    __printf_flags_ss_wp.o(.text) refers to __printf_flags_ss_wp.o(.constdata) for .constdata
    _printf_f.o(.ARM.Collect$$_printf_percent$$00000003) refers (Weak) to printf1.o(x$fpl$printf1) for _printf_fp_dec
    _printf_percent.o(.ARM.Collect$$_printf_percent$$00000000) refers (Special) to _printf_percent_end.o(.ARM.Collect$$_printf_percent$$00000017) for _printf_percent_end
[...]
    ../clib/string.c                         0x00000000   Number         0  strcat.o ABSOLUTE
    ../clib/string.c                         0x00000000   Number         0  strlen.o ABSOLUTE
    ../clib/string.c                         0x00000000   Number         0  strcpy.o ABSOLUTE
    ../clib/wchar.c                          0x00000000   Number         0  flsbuf_fwide.o ABSOLUTE
    ../fplib/basic.s                         0x00000000   Number         0  basic.o ABSOLUTE
    ../fplib/d2f.s                           0x00000000   Number         0  d2f.o ABSOLUTE
    ../fplib/daddsub.s                       0x00000000   Number         0  daddsub_clz.o ABSOLUTE
    ../fplib/dcheck1.s                       0x00000000   Number         0  dcheck1.o ABSOLUTE
    ../fplib/dcmpi.s                         0x00000000   Number         0  dcmpi.o ABSOLUTE
    ../fplib/ddiv.s                          0x00000000   Number         0  ddiv.o ABSOLUTE
    ../fplib/dflt.s                          0x00000000   Number         0  dflt_clz.o ABSOLUTE
    ../fplib/dleqf.s                         0x00000000   Number         0  dleqf.o ABSOLUTE
    ../fplib/dmul.s                          0x00000000   Number         0  dmul.o ABSOLUTE
    ../fplib/dnaninf.s                       0x00000000   Number         0  dnaninf.o ABSOLUTE
    ../fplib/dretinf.s                       0x00000000   Number         0  dretinf.o ABSOLUTE
    ../fplib/drleqf.s                        0x00000000   Number         0  drleqf.o ABSOLUTE
    ../fplib/dsqrt.s                         0x00000000   Number         0  dsqrt_umaal.o ABSOLUTE
    ../fplib/f2d.s                           0x00000000   Number         0  f2d.o ABSOLUTE
    ../fplib/fnaninf.s                       0x00000000   Number         0  fnaninf.o ABSOLUTE
    ../fplib/fpinit.s                        0x00000000   Number         0  fpinit.o ABSOLUTE
    ../fplib/fretinf.s                       0x00000000   Number         0  fretinf.o ABSOLUTE
    ../fplib/istatus.s                       0x00000000   Number         0  istatus.o ABSOLUTE
    ../fplib/printf1.s                       0x00000000   Number         0  printf1.o ABSOLUTE
    ../fplib/retnan.s                        0x00000000   Number         0  retnan.o ABSOLUTE
    ../fplib/scalbn.s                        0x00000000   Number         0  scalbn.o ABSOLUTE
    ../fplib/trapv.s                         0x00000000   Number         0  trapv.o ABSOLUTE
    ../fplib/usenofp.s                       0x00000000   Number         0  usenofp.o ABSOLUTE
    ../mathlib/dunder.c                      0x00000000   Number         0  dunder.o ABSOLUTE
    ../mathlib/fabs.c                        0x00000000   Number         0  fabs.o ABSOLUTE
    ../mathlib/fpclassify.c                  0x00000000   Number         0  fpclassify.o ABSOLUTE
    ../mathlib/poly.c                        0x00000000   Number         0  poly.o ABSOLUTE
    ../mathlib/pow.c                         0x00000000   Number         0  pow.o ABSOLUTE
    ../mathlib/pow.c                         0x00000000   Number         0  pow_x.o ABSOLUTE
    ../mathlib/qnan.c                        0x00000000   Number         0  qnan.o ABSOLUTE
    ../mathlib/sqrt.c                        0x00000000   Number         0  sqrt_x.o ABSOLUTE
    ../mathlib/sqrt.c                        0x00000000   Number         0  sqrt.o ABSOLUTE
    Delay.c                                  0x00000000   Number         0  delay.o ABSOLUTE
    dc.s                                     0x00000000   Number         0  dc.o ABSOLUTE
    inialization.c                           0x00000000   Number         0  inialization.o ABSOLUTE
    keypad.c                                 0x00000000   Number         0  keypad.o ABSOLUTE
    lcd.c                                    0x00000000   Number         0  lcd.o ABSOLUTE
    main.c                                   0x00000000   Number         0  main.o ABSOLUTE
    main.c                                   0x00000000   Number         0  main.o ABSOLUTE
    startup_TM4C123.s                        0x00000000   Number         0  startup_tm4c123.o ABSOLUTE
    !!!main                                  0x0000026c   Section        8  __main.o(!!!main)
    !!!scatter                               0x00000274   Section       52  __scatter.o(!!!scatter)
    !!handler_copy                           0x000002a8   Section       26  __scatter_copy.o(!!handler_copy)
    !!handler_zi                             0x000002c4   Section       28  __scatter_zi.o(!!handler_zi)
    .ARM.Collect$$_printf_percent$$00000000  0x000002e0   Section        0  _printf_percent.o(.ARM.Collect$$_printf_percent$$00000000)
    .ARM.Collect$$_printf_percent$$00000003  0x000002e0   Section        6  _printf_f.o(.ARM.Collect$$_printf_percent$$00000003)
    .ARM.Collect$$_printf_percent$$00000017  0x000002e6   Section        4  _printf_percent_end.o(.ARM.Collect$$_printf_percent$$00000017)
    .ARM.Collect$$libinit$$00000000          0x000002ea   Section        2  libinit.o(.ARM.Collect$$libinit$$00000000)
    .ARM.Collect$$libinit$$00000001          0x000002ec   Section        4  libinit2.o(.ARM.Collect$$libinit$$00000001)
    .ARM.Collect$$libinit$$00000003          0x000002f0   Section        8  libinit2.o(.ARM.Collect$$libinit$$00000003)
    .ARM.Collect$$libinit$$00000008          0x000002f8   Section        0  libinit2.o(.ARM.Collect$$libinit$$00000008)
    .ARM.Collect$$libinit$$0000000A          0x000002f8   Section        0  libinit2.o(.ARM.Collect$$libinit$$0000000A)
    .ARM.Collect$$libinit$$0000000C          0x000002f8   Section        0  libinit2.o(.ARM.Collect$$libinit$$0000000C)
    .ARM.Collect$$libinit$$0000000D          0x000002f8   Section        6  libinit2.o(.ARM.Collect$$libinit$$0000000D)
    .ARM.Collect$$libinit$$0000000F          0x000002fe   Section        0  libinit2.o(.ARM.Collect$$libinit$$0000000F)
    .ARM.Collect$$libinit$$00000011          0x000002fe   Section        0  libinit2.o(.ARM.Collect$$libinit$$00000011)
    .ARM.Collect$$libinit$$00000013          0x000002fe   Section        0  libinit2.o(.ARM.Collect$$libinit$$00000013)
    .ARM.Collect$$libinit$$00000014          0x000002fe   Section       10  libinit2.o(.ARM.Collect$$libinit$$00000014)
    .ARM.Collect$$libinit$$00000015          0x00000308   Section        0  libinit2.o(.ARM.Collect$$libinit$$00000015)
    .ARM.Collect$$libinit$$00000017          0x00000308   Section        0  libinit2.o(.ARM.Collect$$libinit$$00000017)
    .ARM.Collect$$libinit$$00000019          0x00000308   Section        0  libinit2.o(.ARM.Collect$$libinit$$00000019)
    .ARM.Collect$$libinit$$0000001B          0x00000308   Section        0  libinit2.o(.ARM.Collect$$libinit$$0000001B)
    .ARM.Collect$$libinit$$0000001D          0x00000308   Section        0  libinit2.o(.ARM.Collect$$libinit$$0000001D)
    .ARM.Collect$$libinit$$0000001F          0x00000308   Section        0  libinit2.o(.ARM.Collect$$libinit$$0000001F)
    .ARM.Collect$$libinit$$00000021          0x00000308   Section        0  libinit2.o(.ARM.Collect$$libinit$$00000021)
    .ARM.Collect$$libinit$$00000022          0x00000308   Section        4  libinit2.o(.ARM.Collect$$libinit$$00000022)
    .ARM.Collect$$libinit$$00000023          0x0000030c   Section        0  libinit2.o(.ARM.Collect$$libinit$$00000023)
    .ARM.Collect$$libinit$$0000002A          0x0000030c   Section        0  libinit2.o(.ARM.Collect$$libinit$$0000002A)
    .ARM.Collect$$libinit$$0000002C          0x0000030c   Section        0  libinit2.o(.ARM.Collect$$libinit$$0000002C)
    .ARM.Collect$$libinit$$0000002E          0x0000030c   Section        0  libinit2.o(.ARM.Collect$$libinit$$0000002E)
    .ARM.Collect$$libinit$$00000030          0x0000030c   Section        0  libinit2.o(.ARM.Collect$$libinit$$00000030)
    .ARM.Collect$$libinit$$00000031          0x0000030c   Section        2  libinit2.o(.ARM.Collect$$libinit$$00000031)
    .ARM.Collect$$libshutdown$$00000000      0x0000030e   Section        2  libshutdown.o(.ARM.Collect$$libshutdown$$00000000)
    .ARM.Collect$$libshutdown$$00000002      0x00000310   Section        4  libshutdown2.o(.ARM.Collect$$libshutdown$$00000002)
    .ARM.Collect$$libshutdown$$00000003      0x00000314   Section        0  libshutdown2.o(.ARM.Collect$$libshutdown$$00000003)
    .ARM.Collect$$libshutdown$$00000006      0x00000314   Section        0  libshutdown2.o(.ARM.Collect$$libshutdown$$00000006)
    .ARM.Collect$$libshutdown$$00000009      0x00000314   Section        0  libshutdown2.o(.ARM.Collect$$libshutdown$$00000009)
    .ARM.Collect$$libshutdown$$0000000B      0x00000314   Section        0  libshutdown2.o(.ARM.Collect$$libshutdown$$0000000B)
    .ARM.Collect$$libshutdown$$0000000E      0x00000314   Section        0  libshutdown2.o(.ARM.Collect$$libshutdown$$0000000E)
    .ARM.Collect$$libshutdown$$0000000F      0x00000314   Section        2  libshutdown2.o(.ARM.Collect$$libshutdown$$0000000F)
    .ARM.Collect$$rtentry$$00000000          0x00000316   Section        0  rtentry.o(.ARM.Collect$$rtentry$$00000000)
    .ARM.Collect$$rtentry$$00000002          0x00000316   Section        0  rtentry2.o(.ARM.Collect$$rtentry$$00000002)
    .ARM.Collect$$rtentry$$00000004          0x00000316   Section        6  rtentry4.o(.ARM.Collect$$rtentry$$00000004)
    .ARM.Collect$$rtentry$$00000009          0x0000031c   Section        0  rtentry2.o(.ARM.Collect$$rtentry$$00000009)
    .ARM.Collect$$rtentry$$0000000A          0x0000031c   Section        4  rtentry2.o(.ARM.Collect$$rtentry$$0000000A)
    .ARM.Collect$$rtentry$$0000000C          0x00000320   Section        0  rtentry2.o(.ARM.Collect$$rtentry$$0000000C)
    .ARM.Collect$$rtentry$$0000000D          0x00000320   Section        8  rtentry2.o(.ARM.Collect$$rtentry$$0000000D)
    .ARM.Collect$$rtexit$$00000000           0x00000328   Section        2  rtexit.o(.ARM.Collect$$rtexit$$00000000)
    .ARM.Collect$$rtexit$$00000002           0x0000032a   Section        0  rtexit2.o(.ARM.Collect$$rtexit$$00000002)
    .ARM.Collect$$rtexit$$00000003           0x0000032a   Section        4  rtexit2.o(.ARM.Collect$$rtexit$$00000003)
    .ARM.Collect$$rtexit$$00000004           0x0000032e   Section        6  rtexit2.o(.ARM.Collect$$rtexit$$00000004)
    .emb_text                                0x00000334   Section        0  maybetermalloc1.o(.emb_text)
    .text                                    0x00000334   Section      292  startup_tm4c123.o(.text)
    $v0                                      0x00000334   Number         0  startup_tm4c123.o(.text)
    .text                                    0x00000458   Section        0  main.o(.text)
    .text                                    0x00000a24   Section        0  delay.o(.text)
    .text                                    0x00000a54   Section        0  inialization.o(.text)
    .text                                    0x00000b08   Section        0  keypad.o(.text)
    .text                                    0x00000c78   Section        0  lcd.o(.text)
    .text                                    0x00000dd4   Section        0  noretval__2printf.o(.text)
    .text                                    0x00000dec   Section        0  noretval__2sprintf.o(.text)
    .text                                    0x00000e14   Section        0  __printf.o(.text)
    .text                                    0x00000e7c   Section        0  strcpy.o(.text)
    .text                                    0x00000ec4   Section        0  strlen.o(.text)
    .text                                    0x00000f02   Section        0  strcat.o(.text)
    .text                                    0x00000f1a   Section        0  heapauxi.o(.text)
    .text                                    0x00000f20   Section        0  _rserrno.o(.text)
    .text                                    0x00000f36   Section        0  _printf_fp_dec.o(.text)
    _fp_digits                               0x00000f39   Thumb Code   426  _printf_fp_dec.o(.text)
    .text                                    0x00001358   Section        0  _printf_char_common.o(.text)
    _printf_input_char                       0x00001359   Thumb Code    10  _printf_char_common.o(.text)
    .text                                    0x00001388   Section        0  _sputc.o(.text)
    .text                                    0x00001394   Section        0  _printf_char_file.o(.text)
    .text                                    0x000013b8   Section        8  rt_locale_intlibspace.o(.text)
    .text                                    0x000013c0   Section        8  rt_errno_addr_intlibspace.o(.text)
    .text                                    0x000013c8   Section      138  lludiv10.o(.text)
    .text                                    0x00001454   Section        0  _printf_fp_infnan.o(.text)
    .text                                    0x000014d4   Section        0  bigflt0.o(.text)
    .text                                    0x000015b8   Section        0  ferror.o(.text)
    .text                                    0x000015c0   Section        0  initio.o(.text)
    .text                                    0x000016f8   Section        0  sys_io.o(.text)
    .text                                    0x00001760   Section        8  libspace.o(.text)
    .text                                    0x00001768   Section       74  sys_stackheap_outer.o(.text)
    .text                                    0x000017b2   Section        0  h1_free.o(.text)
    .text                                    0x00001800   Section        0  flsbuf.o(.text)
    .text                                    0x000019de   Section        0  setvbuf.o(.text)
    .text                                    0x00001a24   Section        0  fopen.o(.text)
    _freopen_locked                          0x00001a25   Thumb Code     0  fopen.o(.text)
    .text                                    0x00001b10   Section        0  fclose.o(.text)
    .text                                    0x00001b5c   Section        0  exit.o(.text)
    .text                                    0x00001b68   Section        0  defsig_rtred_outer.o(.text)
    .text                                    0x00001b76   Section       78  rt_memclr_w.o(.text)
    .text                                    0x00001bc4   Section      128  strcmpv7m.o(.text)
    .text                                    0x00001c44   Section        2  use_no_semi.o(.text)
    .text                                    0x00001c46   Section        0  indicate_semi.o(.text)
    .text                                    0x00001c48   Section        8  rt_heap_descriptor_intlibspace.o(.text)
    .text                                    0x00001c50   Section        0  hguard.o(.text)
    .text                                    0x00001c54   Section        0  init_alloc.o(.text)
    .text                                    0x00001cde   Section        0  h1_alloc.o(.text)
    .text                                    0x00001d3c   Section        0  fseek.o(.text)
    .text                                    0x00001e34   Section        0  stdio.o(.text)
    .text                                    0x00001f24   Section        0  defsig_exit.o(.text)
    .text                                    0x00001f30   Section        0  defsig_rtred_inner.o(.text)
    .text                                    0x00001f64   Section        0  sys_exit.o(.text)
    .text                                    0x00001f70   Section        0  h1_init.o(.text)
    .text                                    0x00001f7e   Section        0  h1_extend.o(.text)
    .text                                    0x00001fb2   Section        0  ftell.o(.text)
    .text                                    0x00001ff8   Section        0  defsig_general.o(.text)
    .text                                    0x0000202a   Section        0  defsig_rtmem_outer.o(.text)
    .text                                    0x00002038   Section        0  sys_wrch.o(.text)
    .text                                    0x00002048   Section        0  defsig_rtmem_inner.o(.text)
    CL$$btod_d2e                             0x00002098   Section       62  btod.o(CL$$btod_d2e)
    CL$$btod_d2e_denorm_low                  0x000020d6   Section       70  btod.o(CL$$btod_d2e_denorm_low)
    CL$$btod_d2e_norm_op1                    0x0000211c   Section       96  btod.o(CL$$btod_d2e_norm_op1)
    CL$$btod_div_common                      0x0000217c   Section      824  btod.o(CL$$btod_div_common)
    CL$$btod_e2e                             0x000024b4   Section      198  btod.o(CL$$btod_e2e)
    CL$$btod_ediv                            0x0000257a   Section       40  btod.o(CL$$btod_ediv)
    CL$$btod_emul                            0x000025a2   Section       40  btod.o(CL$$btod_emul)
    CL$$btod_mult_common                     0x000025ca   Section      580  btod.o(CL$$btod_mult_common)
    i.__ARM_fpclassify                       0x0000280e   Section        0  fpclassify.o(i.__ARM_fpclassify)
    i.__hardfp_pow                           0x00002840   Section        0  pow.o(i.__hardfp_pow)
    i.__kernel_poly                          0x000034d0   Section        0  poly.o(i.__kernel_poly)
    i.__mathlib_dbl_underflow                0x000035c8   Section        0  dunder.o(i.__mathlib_dbl_underflow)
    i.fabs                                   0x000035e8   Section        0  fabs.o(i.fabs)
    i.fputc                                  0x00003608   Section        0  fputc.o(i.fputc)
    i.sqrt                                   0x00003622   Section        0  sqrt.o(i.sqrt)
    locale$$code                             0x00003690   Section       44  lc_numeric_c.o(locale$$code)
    x$fpl$basic                              0x000036bc   Section       24  basic.o(x$fpl$basic)
    $v0                                      0x000036bc   Number         0  basic.o(x$fpl$basic)
    x$fpl$d2f                                0x000036d4   Section       98  d2f.o(x$fpl$d2f)
    $v0                                      0x000036d4   Number         0  d2f.o(x$fpl$d2f)
    x$fpl$dadd                               0x00003738   Section      336  daddsub_clz.o(x$fpl$dadd)
    $v0                                      0x00003738   Number         0  daddsub_clz.o(x$fpl$dadd)
    _dadd1                                   0x00003749   Thumb Code     0  daddsub_clz.o(x$fpl$dadd)
    x$fpl$dcheck1                            0x00003888   Section       16  dcheck1.o(x$fpl$dcheck1)
    $v0                                      0x00003888   Number         0  dcheck1.o(x$fpl$dcheck1)
    x$fpl$dcmpinf                            0x00003898   Section       24  dcmpi.o(x$fpl$dcmpinf)
    $v0                                      0x00003898   Number         0  dcmpi.o(x$fpl$dcmpinf)
    x$fpl$ddiv                               0x000038b0   Section      688  ddiv.o(x$fpl$ddiv)
    $v0                                      0x000038b0   Number         0  ddiv.o(x$fpl$ddiv)
    ddiv_entry                               0x000038b7   Thumb Code     0  ddiv.o(x$fpl$ddiv)
    x$fpl$dflt                               0x00003b60   Section       46  dflt_clz.o(x$fpl$dflt)
    $v0                                      0x00003b60   Number         0  dflt_clz.o(x$fpl$dflt)
    x$fpl$dleqf                              0x00003b90   Section      120  dleqf.o(x$fpl$dleqf)
    $v0                                      0x00003b90   Number         0  dleqf.o(x$fpl$dleqf)
    x$fpl$dmul                               0x00003c08   Section      340  dmul.o(x$fpl$dmul)
    $v0                                      0x00003c08   Number         0  dmul.o(x$fpl$dmul)
    x$fpl$dnaninf                            0x00003d5c   Section      156  dnaninf.o(x$fpl$dnaninf)
    $v0                                      0x00003d5c   Number         0  dnaninf.o(x$fpl$dnaninf)
    x$fpl$dretinf                            0x00003df8   Section       12  dretinf.o(x$fpl$dretinf)
    $v0                                      0x00003df8   Number         0  dretinf.o(x$fpl$dretinf)
    x$fpl$drleqf                             0x00003e04   Section      108  drleqf.o(x$fpl$drleqf)
    $v0                                      0x00003e04   Number         0  drleqf.o(x$fpl$drleqf)
    x$fpl$drsb                               0x00003e70   Section       22  daddsub_clz.o(x$fpl$drsb)
    $v0                                      0x00003e70   Number         0  daddsub_clz.o(x$fpl$drsb)
    x$fpl$dsqrt                              0x00003e88   Section      408  dsqrt_umaal.o(x$fpl$dsqrt)
    $v0                                      0x00003e88   Number         0  dsqrt_umaal.o(x$fpl$dsqrt)
    x$fpl$dsub                               0x00004020   Section      468  daddsub_clz.o(x$fpl$dsub)
    $v0                                      0x00004020   Number         0  daddsub_clz.o(x$fpl$dsub)
    _dsub1                                   0x00004031   Thumb Code     0  daddsub_clz.o(x$fpl$dsub)
    x$fpl$f2d                                0x000041f4   Section       86  f2d.o(x$fpl$f2d)
    $v0                                      0x000041f4   Number         0  f2d.o(x$fpl$f2d)
    x$fpl$fnaninf                            0x0000424a   Section      140  fnaninf.o(x$fpl$fnaninf)
    $v0                                      0x0000424a   Number         0  fnaninf.o(x$fpl$fnaninf)
    x$fpl$fpinit                             0x000042d6   Section       10  fpinit.o(x$fpl$fpinit)
    $v0                                      0x000042d6   Number         0  fpinit.o(x$fpl$fpinit)
    x$fpl$fretinf                            0x000042e0   Section       10  fretinf.o(x$fpl$fretinf)
    $v0                                      0x000042e0   Number         0  fretinf.o(x$fpl$fretinf)
    x$fpl$printf1                            0x000042ea   Section        4  printf1.o(x$fpl$printf1)
    $v0                                      0x000042ea   Number         0  printf1.o(x$fpl$printf1)
    x$fpl$retnan                             0x000042ee   Section      100  retnan.o(x$fpl$retnan)
    $v0                                      0x000042ee   Number         0  retnan.o(x$fpl$retnan)
    x$fpl$scalbn                             0x00004352   Section       92  scalbn.o(x$fpl$scalbn)
    $v0                                      0x00004352   Number         0  scalbn.o(x$fpl$scalbn)
    x$fpl$trapveneer                         0x000043ae   Section       48  trapv.o(x$fpl$trapveneer)
    $v0                                      0x000043ae   Number         0  trapv.o(x$fpl$trapveneer)
    x$fpl$usenofp                            0x000043de   Section        0  usenofp.o(x$fpl$usenofp)
    .constdata                               0x000043e0   Section       16  keypad.o(.constdata)
    .constdata                               0x000043f0   Section      136  pow.o(.constdata)
    bp                                       0x000043f0   Data          16  pow.o(.constdata)
    dp_h                                     0x00004400   Data          16  pow.o(.constdata)
    dp_l                                     0x00004410   Data          16  pow.o(.constdata)
    L                                        0x00004420   Data          48  pow.o(.constdata)
    P                                        0x00004450   Data          40  pow.o(.constdata)
    .constdata                               0x00004478   Section        8  qnan.o(.constdata)
    .constdata                               0x00004480   Section      148  bigflt0.o(.constdata)
    tenpwrs_x                                0x00004480   Data          60  bigflt0.o(.constdata)
    tenpwrs_i                                0x000044bc   Data          64  bigflt0.o(.constdata)
    .constdata                               0x00004514   Section        4  sys_io.o(.constdata)
    .constdata                               0x00004518   Section        4  sys_io.o(.constdata)
    .constdata                               0x0000451c   Section        4  sys_io.o(.constdata)
    locale$$data                             0x00004540   Section       28  lc_numeric_c.o(locale$$data)
    __lcnum_c_name                           0x00004544   Data           2  lc_numeric_c.o(locale$$data)
    __lcnum_c_start                          0x0000454c   Data           0  lc_numeric_c.o(locale$$data)
    __lcnum_c_point                          0x00004558   Data           0  lc_numeric_c.o(locale$$data)
    __lcnum_c_thousands                      0x0000455a   Data           0  lc_numeric_c.o(locale$$data)
    __lcnum_c_grouping                       0x0000455b   Data           0  lc_numeric_c.o(locale$$data)
    __lcnum_c_end                            0x0000455c   Data           0  lc_numeric_c.o(locale$$data)
    .data                                    0x20000000   Section       32  main.o(.data)
    .data                                    0x20000020   Section        4  stdio_streams.o(.data)
    .data                                    0x20000024   Section        4  stdio_streams.o(.data)
    .data                                    0x20000028   Section        4  stdio_streams.o(.data)
    .bss                                     0x2000002c   Section       48  main.o(.bss)
    .bss                                     0x2000005c   Section       84  stdio_streams.o(.bss)
    .bss                                     0x200000b0   Section       84  stdio_streams.o(.bss)
    .bss                                     0x20000104   Section       84  stdio_streams.o(.bss)
    .bss                                     0x20000158   Section       96  libspace.o(.bss)
    HEAP                                     0x200001b8   Section        0  startup_tm4c123.o(HEAP)
    STACK                                    0x200001b8   Section    16384  startup_tm4c123.o(STACK)
    Heap_Mem                                 0x200001b8   Data           0  startup_tm4c123.o(HEAP)
    Stack_Mem                                0x200001b8   Data       16384  startup_tm4c123.o(STACK)
    __initial_sp                             0x200041b8   Data           0  startup_tm4c123.o(STACK)

    Global Symbols

    Symbol Name                              Value     Ov Type        Size  Object(Section)

    BuildAttributes$$THM_ISAv4$E$P$D$K$B$S$7EM$VFPi3$EXTD16$VFPS$VFMA$PE$A:L22UL41UL21$X:L11$S22US41US21$IEEE1$IW$USESV6$~STKCKD$USESV7$~SHL$OTIME$ROPI$IEEEX$EBA8$UX$STANDARDLIB$REQ8$PRES8$EABIv2 0x00000000   Number         0  anon$$obj.o ABSOLUTE
    __ARM_use_no_argv                        0x00000000   Number         0  main.o ABSOLUTE
    __Vectors                                0x00000000   Data           4  startup_tm4c123.o(RESET)
    __ARM_exceptions_init                     - Undefined Weak Reference
    __alloca_initialize                       - Undefined Weak Reference
    __cpp_initialize__aeabi_                  - Undefined Weak Reference
    __cxa_finalize                            - Undefined Weak Reference
    __sigvec_lookup                           - Undefined Weak Reference
    __user_heap_extent                        - Undefined Weak Reference
    _atexit_init                              - Undefined Weak Reference
    _call_atexit_fns                          - Undefined Weak Reference
    _clock_init                               - Undefined Weak Reference
    _fp_trap_init                             - Undefined Weak Reference
    _fp_trap_shutdown                         - Undefined Weak Reference
    _get_lc_collate                           - Undefined Weak Reference
    _get_lc_ctype                             - Undefined Weak Reference
    _get_lc_monetary                          - Undefined Weak Reference
    _get_lc_time                              - Undefined Weak Reference
    _getenv_init                              - Undefined Weak Reference
    _handle_redirection                       - Undefined Weak Reference
    _mutex_acquire                            - Undefined Weak Reference
    _mutex_free                               - Undefined Weak Reference
    _mutex_release                            - Undefined Weak Reference
    _printf_post_padding                      - Undefined Weak Reference
    _printf_pre_padding                       - Undefined Weak Reference
    _rand_init                                - Undefined Weak Reference
    _signal_finish                            - Undefined Weak Reference
    _signal_init                              - Undefined Weak Reference
    __Vectors_End                            0x0000026c   Data           0  startup_tm4c123.o(RESET)
    __Vectors_Size                           0x0000026c   Number         0  startup_tm4c123.o ABSOLUTE
    __main                                   0x0000026d   Thumb Code     8  __main.o(!!!main)
    __scatterload                            0x00000275   Thumb Code     0  __scatter.o(!!!scatter)
    __scatterload_rt2                        0x00000275   Thumb Code    44  __scatter.o(!!!scatter)
    __scatterload_rt2_thumb_only             0x00000275   Thumb Code     0  __scatter.o(!!!scatter)
    __scatterload_null                       0x00000283   Thumb Code     0  __scatter.o(!!!scatter)
    __scatterload_copy                       0x000002a9   Thumb Code    26  __scatter_copy.o(!!handler_copy)
    __scatterload_zeroinit                   0x000002c5   Thumb Code    28  __scatter_zi.o(!!handler_zi)
    _printf_f                                0x000002e1   Thumb Code     0  _printf_f.o(.ARM.Collect$$_printf_percent$$00000003)
    _printf_percent                          0x000002e1   Thumb Code     0  _printf_percent.o(.ARM.Collect$$_printf_percent$$00000000)
    _printf_percent_end                      0x000002e7   Thumb Code     0  _printf_percent_end.o(.ARM.Collect$$_printf_percent$$00000017)
    __rt_lib_init                            0x000002eb   Thumb Code     0  libinit.o(.ARM.Collect$$libinit$$00000000)
    __rt_lib_init_fp_1                       0x000002ed   Thumb Code     0  libinit2.o(.ARM.Collect$$libinit$$00000001)
    __rt_lib_init_heap_2                     0x000002f1   Thumb Code     0  libinit2.o(.ARM.Collect$$libinit$$00000003)
    __rt_lib_init_heap_1                     0x000002f9   Thumb Code     0  libinit2.o(.ARM.Collect$$libinit$$00000008)
    __rt_lib_init_lc_common                  0x000002f9   Thumb Code     0  libinit2.o(.ARM.Collect$$libinit$$0000000D)
    __rt_lib_init_rand_1                     0x000002f9   Thumb Code     0  libinit2.o(.ARM.Collect$$libinit$$0000000C)
    __rt_lib_init_user_alloc_1               0x000002f9   Thumb Code     0  libinit2.o(.ARM.Collect$$libinit$$0000000A)
    __rt_lib_init_lc_collate_1               0x000002ff   Thumb Code     0  libinit2.o(.ARM.Collect$$libinit$$0000000F)
    __rt_lib_init_lc_ctype_1                 0x000002ff   Thumb Code     0  libinit2.o(.ARM.Collect$$libinit$$00000011)
    __rt_lib_init_lc_monetary_1              0x000002ff   Thumb Code     0  libinit2.o(.ARM.Collect$$libinit$$00000013)
    __rt_lib_init_lc_numeric_2               0x000002ff   Thumb Code     0  libinit2.o(.ARM.Collect$$libinit$$00000014)
    __rt_lib_init_atexit_1                   0x00000309   Thumb Code     0  libinit2.o(.ARM.Collect$$libinit$$00000019)
    __rt_lib_init_clock_1                    0x00000309   Thumb Code     0  libinit2.o(.ARM.Collect$$libinit$$0000001F)
    __rt_lib_init_fp_trap_1                  0x00000309   Thumb Code     0  libinit2.o(.ARM.Collect$$libinit$$0000001D)
    __rt_lib_init_getenv_1                   0x00000309   Thumb Code     0  libinit2.o(.ARM.Collect$$libinit$$00000021)
    __rt_lib_init_lc_numeric_1               0x00000309   Thumb Code     0  libinit2.o(.ARM.Collect$$libinit$$00000015)
    __rt_lib_init_lc_time_1                  0x00000309   Thumb Code     0  libinit2.o(.ARM.Collect$$libinit$$00000017)
    __rt_lib_init_signal_1                   0x00000309   Thumb Code     0  libinit2.o(.ARM.Collect$$libinit$$0000001B)
    __rt_lib_init_stdio_2                    0x00000309   Thumb Code     0  libinit2.o(.ARM.Collect$$libinit$$00000022)
    __rt_lib_init_alloca_1                   0x0000030d   Thumb Code     0  libinit2.o(.ARM.Collect$$libinit$$0000002C)
    __rt_lib_init_argv_1                     0x0000030d   Thumb Code     0  libinit2.o(.ARM.Collect$$libinit$$0000002A)
    __rt_lib_init_cpp_1                      0x0000030d   Thumb Code     0  libinit2.o(.ARM.Collect$$libinit$$00000030)
    __rt_lib_init_exceptions_1               0x0000030d   Thumb Code     0  libinit2.o(.ARM.Collect$$libinit$$0000002E)
    __rt_lib_init_return                     0x0000030d   Thumb Code     0  libinit2.o(.ARM.Collect$$libinit$$00000031)
    __rt_lib_init_stdio_1                    0x0000030d   Thumb Code     0  libinit2.o(.ARM.Collect$$libinit$$00000023)
    __rt_lib_shutdown                        0x0000030f   Thumb Code     0  libshutdown.o(.ARM.Collect$$libshutdown$$00000000)
    __rt_lib_shutdown_stdio_2                0x00000311   Thumb Code     0  libshutdown2.o(.ARM.Collect$$libshutdown$$00000002)
    __rt_lib_shutdown_fp_trap_1              0x00000315   Thumb Code     0  libshutdown2.o(.ARM.Collect$$libshutdown$$00000006)
    __rt_lib_shutdown_heap_1                 0x00000315   Thumb Code     0  libshutdown2.o(.ARM.Collect$$libshutdown$$0000000E)
    __rt_lib_shutdown_return                 0x00000315   Thumb Code     0  libshutdown2.o(.ARM.Collect$$libshutdown$$0000000F)
    __rt_lib_shutdown_signal_1               0x00000315   Thumb Code     0  libshutdown2.o(.ARM.Collect$$libshutdown$$00000009)
    __rt_lib_shutdown_stdio_1                0x00000315   Thumb Code     0  libshutdown2.o(.ARM.Collect$$libshutdown$$00000003)
    __rt_lib_shutdown_user_alloc_1           0x00000315   Thumb Code     0  libshutdown2.o(.ARM.Collect$$libshutdown$$0000000B)
    __rt_entry                               0x00000317   Thumb Code     0  rtentry.o(.ARM.Collect$$rtentry$$00000000)
    __rt_entry_presh_1                       0x00000317   Thumb Code     0  rtentry2.o(.ARM.Collect$$rtentry$$00000002)
    __rt_entry_sh                            0x00000317   Thumb Code     0  rtentry4.o(.ARM.Collect$$rtentry$$00000004)
    __rt_entry_li                            0x0000031d   Thumb Code     0  rtentry2.o(.ARM.Collect$$rtentry$$0000000A)
    __rt_entry_postsh_1                      0x0000031d   Thumb Code     0  rtentry2.o(.ARM.Collect$$rtentry$$00000009)
    __rt_entry_main                          0x00000321   Thumb Code     0  rtentry2.o(.ARM.Collect$$rtentry$$0000000D)
    __rt_entry_postli_1                      0x00000321   Thumb Code     0  rtentry2.o(.ARM.Collect$$rtentry$$0000000C)
    __rt_exit                                0x00000329   Thumb Code     0  rtexit.o(.ARM.Collect$$rtexit$$00000000)
    __rt_exit_ls                             0x0000032b   Thumb Code     0  rtexit2.o(.ARM.Collect$$rtexit$$00000003)
    __rt_exit_prels_1                        0x0000032b   Thumb Code     0  rtexit2.o(.ARM.Collect$$rtexit$$00000002)
    __rt_exit_exit                           0x0000032f   Thumb Code     0  rtexit2.o(.ARM.Collect$$rtexit$$00000004)
    Reset_Handler                            0x00000335   Thumb Code    24  startup_tm4c123.o(.text)
    _maybe_terminate_alloc                   0x00000335   Thumb Code     0  maybetermalloc1.o(.emb_text)
    NMI_Handler                              0x0000034d   Thumb Code     2  startup_tm4c123.o(.text)
    HardFault_Handler                        0x0000034f   Thumb Code     2  startup_tm4c123.o(.text)
    MemManage_Handler                        0x00000351   Thumb Code     2  startup_tm4c123.o(.text)
    BusFault_Handler                         0x00000353   Thumb Code     2  startup_tm4c123.o(.text)
    UsageFault_Handler                       0x00000355   Thumb Code     2  startup_tm4c123.o(.text)
    SVC_Handler                              0x00000357   Thumb Code     2  startup_tm4c123.o(.text)
    DebugMon_Handler                         0x00000359   Thumb Code     2  startup_tm4c123.o(.text)
    PendSV_Handler                           0x0000035b   Thumb Code     2  startup_tm4c123.o(.text)
    SysTick_Handler                          0x0000035d   Thumb Code     2  startup_tm4c123.o(.text)
    GPIOA_Handler                            0x0000035f   Thumb Code     2  startup_tm4c123.o(.text)
    GPIOB_Handler                            0x00000361   Thumb Code     2  startup_tm4c123.o(.text)
    GPIOC_Handler                            0x00000363   Thumb Code     2  startup_tm4c123.o(.text)
    GPIOD_Handler                            0x00000365   Thumb Code     2  startup_tm4c123.o(.text)
    GPIOE_Handler                            0x00000367   Thumb Code     2  startup_tm4c123.o(.text)
    UART0_Handler                            0x00000369   Thumb Code     2  startup_tm4c123.o(.text)
    UART1_Handler                            0x0000036b   Thumb Code     2  startup_tm4c123.o(.text)
    SSI0_Handler                             0x0000036d   Thumb Code     2  startup_tm4c123.o(.text)
    I2C0_Handler                             0x0000036f   Thumb Code     2  startup_tm4c123.o(.text)
    PMW0_FAULT_Handler                       0x00000371   Thumb Code     2  startup_tm4c123.o(.text)
    PWM0_0_Handler                           0x00000373   Thumb Code     2  startup_tm4c123.o(.text)
    PWM0_1_Handler                           0x00000375   Thumb Code     2  startup_tm4c123.o(.text)
    PWM0_2_Handler                           0x00000377   Thumb Code     2  startup_tm4c123.o(.text)
    QEI0_Handler                             0x00000379   Thumb Code     2  startup_tm4c123.o(.text)
    ADC0SS0_Handler                          0x0000037b   Thumb Code     2  startup_tm4c123.o(.text)
    ADC0SS1_Handler                          0x0000037d   Thumb Code     2  startup_tm4c123.o(.text)
    ADC0SS2_Handler                          0x0000037f   Thumb Code     2  startup_tm4c123.o(.text)
    ADC0SS3_Handler                          0x00000381   Thumb Code     2  startup_tm4c123.o(.text)
    WDT0_Handler                             0x00000383   Thumb Code     2  startup_tm4c123.o(.text)
    TIMER0A_Handler                          0x00000385   Thumb Code     2  startup_tm4c123.o(.text)
    TIMER0B_Handler                          0x00000387   Thumb Code     2  startup_tm4c123.o(.text)
    TIMER1A_Handler                          0x00000389   Thumb Code     2  startup_tm4c123.o(.text)
    TIMER1B_Handler                          0x0000038b   Thumb Code     2  startup_tm4c123.o(.text)
    TIMER2A_Handler                          0x0000038d   Thumb Code     2  startup_tm4c123.o(.text)
    TIMER2B_Handler                          0x0000038f   Thumb Code     2  startup_tm4c123.o(.text)
    COMP0_Handler                            0x00000391   Thumb Code     2  startup_tm4c123.o(.text)
    COMP1_Handler                            0x00000393   Thumb Code     2  startup_tm4c123.o(.text)
    COMP2_Handler                            0x00000395   Thumb Code     2  startup_tm4c123.o(.text)
    SYSCTL_Handler                           0x00000397   Thumb Code     2  startup_tm4c123.o(.text)
    FLASH_Handler                            0x00000399   Thumb Code     2  startup_tm4c123.o(.text)
    GPIOF_Handler                            0x0000039b   Thumb Code     2  startup_tm4c123.o(.text)
    GPIOG_Handler                            0x0000039d   Thumb Code     2  startup_tm4c123.o(.text)
    GPIOH_Handler                            0x0000039f   Thumb Code     2  startup_tm4c123.o(.text)
    UART2_Handler                            0x000003a1   Thumb Code     2  startup_tm4c123.o(.text)
    SSI1_Handler                             0x000003a3   Thumb Code     2  startup_tm4c123.o(.text)
    TIMER3A_Handler                          0x000003a5   Thumb Code     2  startup_tm4c123.o(.text)
    TIMER3B_Handler                          0x000003a7   Thumb Code     2  startup_tm4c123.o(.text)
    I2C1_Handler                             0x000003a9   Thumb Code     2  startup_tm4c123.o(.text)
    QEI1_Handler                             0x000003ab   Thumb Code     2  startup_tm4c123.o(.text)
    CAN0_Handler                             0x000003ad   Thumb Code     2  startup_tm4c123.o(.text)
    CAN1_Handler                             0x000003af   Thumb Code     2  startup_tm4c123.o(.text)
    CAN2_Handler                             0x000003b1   Thumb Code     2  startup_tm4c123.o(.text)
    HIB_Handler                              0x000003b3   Thumb Code     2  startup_tm4c123.o(.text)
    USB0_Handler                             0x000003b5   Thumb Code     2  startup_tm4c123.o(.text)
    PWM0_3_Handler                           0x000003b7   Thumb Code     2  startup_tm4c123.o(.text)
    UDMA_Handler                             0x000003b9   Thumb Code     2  startup_tm4c123.o(.text)
    UDMAERR_Handler                          0x000003bb   Thumb Code     2  startup_tm4c123.o(.text)
    ADC1SS0_Handler                          0x000003bd   Thumb Code     2  startup_tm4c123.o(.text)
    ADC1SS1_Handler                          0x000003bf   Thumb Code     2  startup_tm4c123.o(.text)
    ADC1SS2_Handler                          0x000003c1   Thumb Code     2  startup_tm4c123.o(.text)
    ADC1SS3_Handler                          0x000003c3   Thumb Code     2  startup_tm4c123.o(.text)
    GPIOJ_Handler                            0x000003c5   Thumb Code     2  startup_tm4c123.o(.text)
    GPIOK_Handler                            0x000003c7   Thumb Code     2  startup_tm4c123.o(.text)
    GPIOL_Handler                            0x000003c9   Thumb Code     2  startup_tm4c123.o(.text)
    SSI2_Handler                             0x000003cb   Thumb Code     2  startup_tm4c123.o(.text)
    SSI3_Handler                             0x000003cd   Thumb Code     2  startup_tm4c123.o(.text)
    UART3_Handler                            0x000003cf   Thumb Code     2  startup_tm4c123.o(.text)
    UART4_Handler                            0x000003d1   Thumb Code     2  startup_tm4c123.o(.text)
    UART5_Handler                            0x000003d3   Thumb Code     2  startup_tm4c123.o(.text)
    UART6_Handler                            0x000003d5   Thumb Code     2  startup_tm4c123.o(.text)
    UART7_Handler                            0x000003d7   Thumb Code     2  startup_tm4c123.o(.text)
    I2C2_Handler                             0x000003d9   Thumb Code     2  startup_tm4c123.o(.text)
    I2C3_Handler                             0x000003db   Thumb Code     2  startup_tm4c123.o(.text)
    TIMER4A_Handler                          0x000003dd   Thumb Code     2  startup_tm4c123.o(.text)
    TIMER4B_Handler                          0x000003df   Thumb Code     2  startup_tm4c123.o(.text)
    TIMER5A_Handler                          0x000003e1   Thumb Code     2  startup_tm4c123.o(.text)
    TIMER5B_Handler                          0x000003e3   Thumb Code     2  startup_tm4c123.o(.text)
    WTIMER0A_Handler                         0x000003e5   Thumb Code     2  startup_tm4c123.o(.text)
    WTIMER0B_Handler                         0x000003e7   Thumb Code     2  startup_tm4c123.o(.text)
    WTIMER1A_Handler                         0x000003e9   Thumb Code     2  startup_tm4c123.o(.text)
    WTIMER1B_Handler                         0x000003eb   Thumb Code     2  startup_tm4c123.o(.text)
    WTIMER2A_Handler                         0x000003ed   Thumb Code     2  startup_tm4c123.o(.text)
    WTIMER2B_Handler                         0x000003ef   Thumb Code     2  startup_tm4c123.o(.text)
    WTIMER3A_Handler                         0x000003f1   Thumb Code     2  startup_tm4c123.o(.text)
    WTIMER3B_Handler                         0x000003f3   Thumb Code     2  startup_tm4c123.o(.text)
    WTIMER4A_Handler                         0x000003f5   Thumb Code     2  startup_tm4c123.o(.text)
    WTIMER4B_Handler                         0x000003f7   Thumb Code     2  startup_tm4c123.o(.text)
    WTIMER5A_Handler                         0x000003f9   Thumb Code     2  startup_tm4c123.o(.text)
    WTIMER5B_Handler                         0x000003fb   Thumb Code     2  startup_tm4c123.o(.text)
    FPU_Handler                              0x000003fd   Thumb Code     2  startup_tm4c123.o(.text)
    I2C4_Handler                             0x000003ff   Thumb Code     2  startup_tm4c123.o(.text)
    I2C5_Handler                             0x00000401   Thumb Code     2  startup_tm4c123.o(.text)
    GPIOM_Handler                            0x00000403   Thumb Code     2  startup_tm4c123.o(.text)
    GPION_Handler                            0x00000405   Thumb Code     2  startup_tm4c123.o(.text)
    QEI2_Handler                             0x00000407   Thumb Code     2  startup_tm4c123.o(.text)
    GPIOP0_Handler                           0x00000409   Thumb Code     2  startup_tm4c123.o(.text)
    GPIOP1_Handler                           0x0000040b   Thumb Code     2  startup_tm4c123.o(.text)
    GPIOP2_Handler                           0x0000040d   Thumb Code     2  startup_tm4c123.o(.text)
    GPIOP3_Handler                           0x0000040f   Thumb Code     2  startup_tm4c123.o(.text)
    GPIOP4_Handler                           0x00000411   Thumb Code     2  startup_tm4c123.o(.text)
    GPIOP5_Handler                           0x00000413   Thumb Code     2  startup_tm4c123.o(.text)
    GPIOP6_Handler                           0x00000415   Thumb Code     2  startup_tm4c123.o(.text)
    GPIOP7_Handler                           0x00000417   Thumb Code     2  startup_tm4c123.o(.text)
    GPIOQ0_Handler                           0x00000419   Thumb Code     2  startup_tm4c123.o(.text)
    GPIOQ1_Handler                           0x0000041b   Thumb Code     2  startup_tm4c123.o(.text)
    GPIOQ2_Handler                           0x0000041d   Thumb Code     2  startup_tm4c123.o(.text)
    GPIOQ3_Handler                           0x0000041f   Thumb Code     2  startup_tm4c123.o(.text)
    GPIOQ4_Handler                           0x00000421   Thumb Code     2  startup_tm4c123.o(.text)
    GPIOQ5_Handler                           0x00000423   Thumb Code     2  startup_tm4c123.o(.text)
    GPIOQ6_Handler                           0x00000425   Thumb Code     2  startup_tm4c123.o(.text)
    GPIOQ7_Handler                           0x00000427   Thumb Code     2  startup_tm4c123.o(.text)
    GPIOR_Handler                            0x00000429   Thumb Code     2  startup_tm4c123.o(.text)
    GPIOS_Handler                            0x0000042b   Thumb Code     2  startup_tm4c123.o(.text)
    PMW1_0_Handler                           0x0000042d   Thumb Code     2  startup_tm4c123.o(.text)
    PWM1_1_Handler                           0x0000042f   Thumb Code     2  startup_tm4c123.o(.text)
    PWM1_2_Handler                           0x00000431   Thumb Code     2  startup_tm4c123.o(.text)
    PWM1_3_Handler                           0x00000433   Thumb Code     2  startup_tm4c123.o(.text)
    PWM1_FAULT_Handler                       0x00000435   Thumb Code     2  startup_tm4c123.o(.text)
    __user_initial_stackheap                 0x00000439   Thumb Code     0  startup_tm4c123.o(.text)
    SystemInit                               0x00000459   Thumb Code     2  main.o(.text)
    parseInt                                 0x0000045b   Thumb Code    32  main.o(.text)
    findDecimalIndex                         0x0000047b   Thumb Code    22  main.o(.text)
    parsefloat                               0x00000491   Thumb Code   210  main.o(.text)
    PortF_Output                             0x00000563   Thumb Code     6  main.o(.text)
    clearStrings                             0x00000569   Thumb Code    64  main.o(.text)
    calc                                     0x000005a9   Thumb Code   102  main.o(.text)
    lengthOf                                 0x0000060f   Thumb Code    28  main.o(.text)
    isOperator                               0x0000062b   Thumb Code    30  main.o(.text)
    isNumber                                 0x00000649   Thumb Code    18  main.o(.text)
    append                                   0x0000065b   Thumb Code    14  main.o(.text)
    getKey                                   0x00000669   Thumb Code    12  main.o(.text)
    display                                  0x00000675   Thumb Code    30  main.o(.text)
    clear                                    0x00000693   Thumb Code    78  main.o(.text)
    displayString                            0x000006e1   Thumb Code    62  main.o(.text)
    operatorEntered                          0x0000071f   Thumb Code    42  main.o(.text)
    addchar                                  0x00000749   Thumb Code    56  main.o(.text)
    calculator                               0x00000781   Thumb Code   196  main.o(.text)
    readswitches                             0x00000845   Thumb Code    28  main.o(.text)
    main                                     0x00000861   Thumb Code   410  main.o(.text)
    delayUs                                  0x00000a25   Thumb Code    22  delay.o(.text)
    delayMs                                  0x00000a3b   Thumb Code    26  delay.o(.text)
    PortF_PortB_init                         0x00000a55   Thumb Code   122  inialization.o(.text)
    KEYPAD_init                              0x00000b09   Thumb Code    70  keypad.o(.text)
    keypad_kbhit                             0x00000b4f   Thumb Code    32  keypad.o(.text)
    keypad_getkey                            0x00000b6f   Thumb Code   242  keypad.o(.text)
    LCD_nibble_write                         0x00000c79   Thumb Code    56  lcd.o(.text)
    LCD_command                              0x00000cb1   Thumb Code    44  lcd.o(.text)
    LCD_init                                 0x00000cdd   Thumb Code   176  lcd.o(.text)
    LCD_data                                 0x00000d8d   Thumb Code    32  lcd.o(.text)
    cursorLeft                               0x00000dad   Thumb Code    10  lcd.o(.text)
    cursorRight                              0x00000db7   Thumb Code    10  lcd.o(.text)
    __2printf                                0x00000dd5   Thumb Code    20  noretval__2printf.o(.text)
    __2sprintf                               0x00000ded   Thumb Code    34  noretval__2sprintf.o(.text)
    __printf                                 0x00000e15   Thumb Code   104  __printf.o(.text)
    strcpy                                   0x00000e7d   Thumb Code    72  strcpy.o(.text)
    strlen                                   0x00000ec5   Thumb Code    62  strlen.o(.text)
    strcat                                   0x00000f03   Thumb Code    24  strcat.o(.text)
    __use_two_region_memory                  0x00000f1b   Thumb Code     2  heapauxi.o(.text)
    __rt_heap_escrow                         0x00000f1d   Thumb Code     2  heapauxi.o(.text)
    __rt_heap_expand                         0x00000f1f   Thumb Code     2  heapauxi.o(.text)
    __read_errno                             0x00000f21   Thumb Code    10  _rserrno.o(.text)
    __set_errno                              0x00000f2b   Thumb Code    12  _rserrno.o(.text)
    __lib_sel_fp_printf                      0x00000f37   Thumb Code     2  _printf_fp_dec.o(.text)
    _printf_fp_dec_real                      0x000010e3   Thumb Code   628  _printf_fp_dec.o(.text)
    _printf_char_common                      0x00001363   Thumb Code    32  _printf_char_common.o(.text)
    _sputc                                   0x00001389   Thumb Code    10  _sputc.o(.text)
    _printf_char_file                        0x00001395   Thumb Code    32  _printf_char_file.o(.text)
    __rt_locale                              0x000013b9   Thumb Code     8  rt_locale_intlibspace.o(.text)
    __aeabi_errno_addr                       0x000013c1   Thumb Code     8  rt_errno_addr_intlibspace.o(.text)
    __errno$intlibspace                      0x000013c1   Thumb Code     0  rt_errno_addr_intlibspace.o(.text)
    __rt_errno_addr$intlibspace              0x000013c1   Thumb Code     0  rt_errno_addr_intlibspace.o(.text)
    _ll_udiv10                               0x000013c9   Thumb Code   138  lludiv10.o(.text)
    _printf_fp_infnan                        0x00001455   Thumb Code   112  _printf_fp_infnan.o(.text)
    _btod_etento                             0x000014d5   Thumb Code   222  bigflt0.o(.text)
    ferror                                   0x000015b9   Thumb Code     8  ferror.o(.text)
    _initio                                  0x000015c1   Thumb Code   210  initio.o(.text)
    _terminateio                             0x00001693   Thumb Code    56  initio.o(.text)
    _sys_open                                0x000016f9   Thumb Code    20  sys_io.o(.text)
    _sys_close                               0x0000170d   Thumb Code    12  sys_io.o(.text)
    _sys_write                               0x00001719   Thumb Code    16  sys_io.o(.text)
    _sys_read                                0x00001729   Thumb Code    14  sys_io.o(.text)
    _sys_istty                               0x00001737   Thumb Code    12  sys_io.o(.text)
    _sys_seek                                0x00001743   Thumb Code    14  sys_io.o(.text)
    _sys_ensure                              0x00001751   Thumb Code     2  sys_io.o(.text)
    _sys_flen                                0x00001753   Thumb Code    12  sys_io.o(.text)
    __user_libspace                          0x00001761   Thumb Code     8  libspace.o(.text)
    __user_perproc_libspace                  0x00001761   Thumb Code     0  libspace.o(.text)
    __user_perthread_libspace                0x00001761   Thumb Code     0  libspace.o(.text)
    __user_setup_stackheap                   0x00001769   Thumb Code    74  sys_stackheap_outer.o(.text)
    free                                     0x000017b3   Thumb Code    78  h1_free.o(.text)
    __flsbuf                                 0x00001801   Thumb Code   478  flsbuf.o(.text)
    __flsbuf_byte                            0x00001801   Thumb Code     0  flsbuf.o(.text)
    __flsbuf_wide                            0x00001801   Thumb Code     0  flsbuf.o(.text)
    setvbuf                                  0x000019df   Thumb Code    70  setvbuf.o(.text)
    freopen                                  0x00001a25   Thumb Code   158  fopen.o(.text)
    fopen                                    0x00001ac3   Thumb Code    74  fopen.o(.text)
    _fclose_internal                         0x00001b11   Thumb Code    76  fclose.o(.text)
    fclose                                   0x00001b11   Thumb Code     0  fclose.o(.text)
    exit                                     0x00001b5d   Thumb Code    12  exit.o(.text)
    __rt_SIGRTRED                            0x00001b69   Thumb Code    14  defsig_rtred_outer.o(.text)
    __aeabi_memclr4                          0x00001b77   Thumb Code     0  rt_memclr_w.o(.text)
    __aeabi_memclr8                          0x00001b77   Thumb Code     0  rt_memclr_w.o(.text)
    __rt_memclr_w                            0x00001b77   Thumb Code    78  rt_memclr_w.o(.text)
    _memset_w                                0x00001b7b   Thumb Code     0  rt_memclr_w.o(.text)
    strcmp                                   0x00001bc5   Thumb Code   128  strcmpv7m.o(.text)
    __I$use$semihosting                      0x00001c45   Thumb Code     0  use_no_semi.o(.text)
    __use_no_semihosting_swi                 0x00001c45   Thumb Code     2  use_no_semi.o(.text)
    __semihosting_library_function           0x00001c47   Thumb Code     0  indicate_semi.o(.text)
    __rt_heap_descriptor                     0x00001c49   Thumb Code     8  rt_heap_descriptor_intlibspace.o(.text)
    __use_no_heap                            0x00001c51   Thumb Code     2  hguard.o(.text)
    __heap$guard                             0x00001c53   Thumb Code     2  hguard.o(.text)
    _terminate_user_alloc                    0x00001c55   Thumb Code     2  init_alloc.o(.text)
    _init_user_alloc                         0x00001c57   Thumb Code     2  init_alloc.o(.text)
    __Heap_Full                              0x00001c59   Thumb Code    34  init_alloc.o(.text)
    __Heap_Broken                            0x00001c7b   Thumb Code     6  init_alloc.o(.text)
    _init_alloc                              0x00001c81   Thumb Code    94  init_alloc.o(.text)
    malloc                                   0x00001cdf   Thumb Code    94  h1_alloc.o(.text)
    _fseek                                   0x00001d3d   Thumb Code   242  fseek.o(.text)
    fseek                                    0x00001d3d   Thumb Code     0  fseek.o(.text)
    _seterr                                  0x00001e35   Thumb Code    20  stdio.o(.text)
    _writebuf                                0x00001e49   Thumb Code    84  stdio.o(.text)
    _fflush                                  0x00001e9d   Thumb Code    70  stdio.o(.text)
    _deferredlazyseek                        0x00001ee3   Thumb Code    60  stdio.o(.text)
    __sig_exit                               0x00001f25   Thumb Code    10  defsig_exit.o(.text)
    __rt_SIGRTRED_inner                      0x00001f31   Thumb Code    14  defsig_rtred_inner.o(.text)
    _sys_exit                                0x00001f65   Thumb Code     8  sys_exit.o(.text)
    __Heap_Initialize                        0x00001f71   Thumb Code    10  h1_init.o(.text)
    __Heap_DescSize                          0x00001f7b   Thumb Code     4  h1_init.o(.text)
    __Heap_ProvideMemory                     0x00001f7f   Thumb Code    52  h1_extend.o(.text)
    _ftell_internal                          0x00001fb3   Thumb Code    70  ftell.o(.text)
    ftell                                    0x00001fb3   Thumb Code     0  ftell.o(.text)
    __default_signal_display                 0x00001ff9   Thumb Code    50  defsig_general.o(.text)
    __rt_SIGRTMEM                            0x0000202b   Thumb Code    14  defsig_rtmem_outer.o(.text)
    _ttywrch                                 0x00002039   Thumb Code    14  sys_wrch.o(.text)
    __rt_SIGRTMEM_inner                      0x00002049   Thumb Code    22  defsig_rtmem_inner.o(.text)
    _btod_d2e                                0x00002099   Thumb Code    62  btod.o(CL$$btod_d2e)
    _d2e_denorm_low                          0x000020d7   Thumb Code    70  btod.o(CL$$btod_d2e_denorm_low)
    _d2e_norm_op1                            0x0000211d   Thumb Code    96  btod.o(CL$$btod_d2e_norm_op1)
    __btod_div_common                        0x0000217d   Thumb Code   696  btod.o(CL$$btod_div_common)
    _e2e                                     0x000024b5   Thumb Code   198  btod.o(CL$$btod_e2e)
    _btod_ediv                               0x0000257b   Thumb Code    40  btod.o(CL$$btod_ediv)
    _btod_emul                               0x000025a3   Thumb Code    40  btod.o(CL$$btod_emul)
    __btod_mult_common                       0x000025cb   Thumb Code   580  btod.o(CL$$btod_mult_common)
    __ARM_fpclassify                         0x0000280f   Thumb Code    48  fpclassify.o(i.__ARM_fpclassify)
    __hardfp_pow                             0x00002841   Thumb Code  3132  pow.o(i.__hardfp_pow)
    __kernel_poly                            0x000034d1   Thumb Code   248  poly.o(i.__kernel_poly)
    __mathlib_dbl_underflow                  0x000035c9   Thumb Code    24  dunder.o(i.__mathlib_dbl_underflow)
    fabs                                     0x000035e9   Thumb Code    32  fabs.o(i.fabs)
    fputc                                    0x00003609   Thumb Code    26  fputc.o(i.fputc)
    sqrt                                     0x00003623   Thumb Code   110  sqrt.o(i.sqrt)
    _get_lc_numeric                          0x00003691   Thumb Code    44  lc_numeric_c.o(locale$$code)
    __aeabi_dneg                             0x000036bd   Thumb Code     0  basic.o(x$fpl$basic)
    _dneg                                    0x000036bd   Thumb Code     6  basic.o(x$fpl$basic)
    __aeabi_fneg                             0x000036c3   Thumb Code     0  basic.o(x$fpl$basic)
    _fneg                                    0x000036c3   Thumb Code     6  basic.o(x$fpl$basic)
    _dabs                                    0x000036c9   Thumb Code     6  basic.o(x$fpl$basic)
    _fabs                                    0x000036cf   Thumb Code     6  basic.o(x$fpl$basic)
    __aeabi_d2f                              0x000036d5   Thumb Code     0  d2f.o(x$fpl$d2f)
    _d2f                                     0x000036d5   Thumb Code    98  d2f.o(x$fpl$d2f)
    __aeabi_dadd                             0x00003739   Thumb Code     0  daddsub_clz.o(x$fpl$dadd)
    _dadd                                    0x00003739   Thumb Code   332  daddsub_clz.o(x$fpl$dadd)
    __fpl_dcheck_NaN1                        0x00003889   Thumb Code    10  dcheck1.o(x$fpl$dcheck1)
    __fpl_dcmp_Inf                           0x00003899   Thumb Code    24  dcmpi.o(x$fpl$dcmpinf)
    __aeabi_ddiv                             0x000038b1   Thumb Code     0  ddiv.o(x$fpl$ddiv)
    _ddiv                                    0x000038b1   Thumb Code   552  ddiv.o(x$fpl$ddiv)
    __aeabi_i2d                              0x00003b61   Thumb Code     0  dflt_clz.o(x$fpl$dflt)
    _dflt                                    0x00003b61   Thumb Code    46  dflt_clz.o(x$fpl$dflt)
    __aeabi_cdcmple                          0x00003b91   Thumb Code     0  dleqf.o(x$fpl$dleqf)
    _dcmple                                  0x00003b91   Thumb Code   120  dleqf.o(x$fpl$dleqf)
    __fpl_dcmple_InfNaN                      0x00003bf3   Thumb Code     0  dleqf.o(x$fpl$dleqf)
    __aeabi_dmul                             0x00003c09   Thumb Code     0  dmul.o(x$fpl$dmul)
    _dmul                                    0x00003c09   Thumb Code   332  dmul.o(x$fpl$dmul)
    __fpl_dnaninf                            0x00003d5d   Thumb Code   156  dnaninf.o(x$fpl$dnaninf)
    __fpl_dretinf                            0x00003df9   Thumb Code    12  dretinf.o(x$fpl$dretinf)
    __aeabi_cdrcmple                         0x00003e05   Thumb Code     0  drleqf.o(x$fpl$drleqf)
    _drcmple                                 0x00003e05   Thumb Code   108  drleqf.o(x$fpl$drleqf)
    __aeabi_drsub                            0x00003e71   Thumb Code     0  daddsub_clz.o(x$fpl$drsb)
    _drsb                                    0x00003e71   Thumb Code    22  daddsub_clz.o(x$fpl$drsb)
    _dsqrt                                   0x00003e89   Thumb Code   404  dsqrt_umaal.o(x$fpl$dsqrt)
    __aeabi_dsub                             0x00004021   Thumb Code     0  daddsub_clz.o(x$fpl$dsub)
    _dsub                                    0x00004021   Thumb Code   464  daddsub_clz.o(x$fpl$dsub)
    __aeabi_f2d                              0x000041f5   Thumb Code     0  f2d.o(x$fpl$f2d)
    _f2d                                     0x000041f5   Thumb Code    86  f2d.o(x$fpl$f2d)
    __fpl_fnaninf                            0x0000424b   Thumb Code   140  fnaninf.o(x$fpl$fnaninf)
    _fp_init                                 0x000042d7   Thumb Code    10  fpinit.o(x$fpl$fpinit)
    __fplib_config_fpu_vfp                   0x000042df   Thumb Code     0  fpinit.o(x$fpl$fpinit)
    __fplib_config_pureend_doubles           0x000042df   Thumb Code     0  fpinit.o(x$fpl$fpinit)
    __fpl_fretinf                            0x000042e1   Thumb Code    10  fretinf.o(x$fpl$fretinf)
    _printf_fp_dec                           0x000042eb   Thumb Code     4  printf1.o(x$fpl$printf1)
    __fpl_return_NaN                         0x000042ef   Thumb Code   100  retnan.o(x$fpl$retnan)
    __ARM_scalbn                             0x00004353   Thumb Code    92  scalbn.o(x$fpl$scalbn)
    __fpl_cmpreturn                          0x000043af   Thumb Code    48  trapv.o(x$fpl$trapveneer)
    __I$use$fp                               0x000043de   Number         0  usenofp.o(x$fpl$usenofp)
    __mathlib_zero                           0x00004478   Data           8  qnan.o(.constdata)
    __stdin_name                             0x00004514   Data           4  sys_io.o(.constdata)
    __stdout_name                            0x00004518   Data           4  sys_io.o(.constdata)
    __stderr_name                            0x0000451c   Data           4  sys_io.o(.constdata)
    Region$$Table$$Base                      0x00004520   Number         0  anon$$obj.o(Region$$Table)
    Region$$Table$$Limit                     0x00004540   Number         0  anon$$obj.o(Region$$Table)
    cursorPos                                0x20000000   Data           4  main.o(.data)
    opEntered                                0x20000004   Data           4  main.o(.data)
    dotAdded                                 0x20000008   Data           4  main.o(.data)
    currentState                             0x2000000c   Data           1  main.o(.data)
    operator_                                0x2000000d   Data           1  main.o(.data)
    c                                        0x2000000e   Data           1  main.o(.data)
    i                                        0x20000010   Data           4  main.o(.data)
    ret                                      0x20000014   Data           4  main.o(.data)
    sw1                                      0x20000018   Data           4  main.o(.data)
    sw2                                      0x2000001c   Data           4  main.o(.data)
    __aeabi_stdin                            0x20000020   Data           4  stdio_streams.o(.data)
    __aeabi_stdout                           0x20000024   Data           4  stdio_streams.o(.data)
    __aeabi_stderr                           0x20000028   Data           4  stdio_streams.o(.data)
    previousOperand                          0x2000002c   Data          16  main.o(.bss)
    currentOperand                           0x2000003c   Data          16  main.o(.bss)
    currentExp                               0x2000004c   Data          16  main.o(.bss)
    __stdin                                  0x2000005c   Data          84  stdio_streams.o(.bss)
    __stdout                                 0x200000b0   Data          84  stdio_streams.o(.bss)
    __stderr                                 0x20000104   Data          84  stdio_streams.o(.bss)
    __libspace_start                         0x20000158   Data          96  libspace.o(.bss)
    __temporary_stack_top$libspace           0x200001b8   Data           0  libspace.o(.bss)



==============================================================================

Memory Map of the image

  Image Entry point : 0x00000335

  Load Region LR_1 (Base: 0x00000000, Size: 0x00004588, Max: 0xffffffff, ABSOLUTE)

    Execution Region ER_RO (Base: 0x00000000, Size: 0x0000455c, Max: 0xffffffff, ABSOLUTE)

    Base Addr    Size         Type   Attr      Idx    E Section Name        Object

    0x00000000   0x0000026c   Data   RO            3    RESET               startup_tm4c123.o
    0x0000026c   0x00000008   Code   RO          166  * !!!main             c_w.l(__main.o)
    0x00000274   0x00000034   Code   RO          647    !!!scatter          c_w.l(__scatter.o)
    0x000002a8   0x0000001a   Code   RO          649    !!handler_copy      c_w.l(__scatter_copy.o)
    0x000002c2   0x00000002   PAD
    0x000002c4   0x0000001c   Code   RO          651    !!handler_zi        c_w.l(__scatter_zi.o)
    0x000002e0   0x00000000   Code   RO          157    .ARM.Collect$$_printf_percent$$00000000  c_w.l(_printf_percent.o)
    0x000002e0   0x00000006   Code   RO          156    .ARM.Collect$$_printf_percent$$00000003  c_w.l(_printf_f.o)
    0x000002e6   0x00000004   Code   RO          213    .ARM.Collect$$_printf_percent$$00000017  c_w.l(_printf_percent_end.o)
    0x000002ea   0x00000002   Code   RO          441    .ARM.Collect$$libinit$$00000000  c_w.l(libinit.o)
    0x000002ec   0x00000004   Code   RO          442    .ARM.Collect$$libinit$$00000001  c_w.l(libinit2.o)
    0x000002f0   0x00000008   Code   RO          444    .ARM.Collect$$libinit$$00000003  c_w.l(libinit2.o)
    0x000002f8   0x00000000   Code   RO          446    .ARM.Collect$$libinit$$00000008  c_w.l(libinit2.o)
    0x000002f8   0x00000000   Code   RO          448    .ARM.Collect$$libinit$$0000000A  c_w.l(libinit2.o)
    0x000002f8   0x00000000   Code   RO          450    .ARM.Collect$$libinit$$0000000C  c_w.l(libinit2.o)
    0x000002f8   0x00000006   Code   RO          451    .ARM.Collect$$libinit$$0000000D  c_w.l(libinit2.o)
    0x000002fe   0x00000000   Code   RO          453    .ARM.Collect$$libinit$$0000000F  c_w.l(libinit2.o)
    0x000002fe   0x00000000   Code   RO          455    .ARM.Collect$$libinit$$00000011  c_w.l(libinit2.o)
    0x000002fe   0x00000000   Code   RO          457    .ARM.Collect$$libinit$$00000013  c_w.l(libinit2.o)
    0x000002fe   0x0000000a   Code   RO          458    .ARM.Collect$$libinit$$00000014  c_w.l(libinit2.o)
    0x00000308   0x00000000   Code   RO          459    .ARM.Collect$$libinit$$00000015  c_w.l(libinit2.o)
    0x00000308   0x00000000   Code   RO          461    .ARM.Collect$$libinit$$00000017  c_w.l(libinit2.o)
    0x00000308   0x00000000   Code   RO          463    .ARM.Collect$$libinit$$00000019  c_w.l(libinit2.o)
    0x00000308   0x00000000   Code   RO          465    .ARM.Collect$$libinit$$0000001B  c_w.l(libinit2.o)
    0x00000308   0x00000000   Code   RO          467    .ARM.Collect$$libinit$$0000001D  c_w.l(libinit2.o)
    0x00000308   0x00000000   Code   RO          469    .ARM.Collect$$libinit$$0000001F  c_w.l(libinit2.o)
    0x00000308   0x00000000   Code   RO          471    .ARM.Collect$$libinit$$00000021  c_w.l(libinit2.o)
    0x00000308   0x00000004   Code   RO          472    .ARM.Collect$$libinit$$00000022  c_w.l(libinit2.o)
    0x0000030c   0x00000000   Code   RO          473    .ARM.Collect$$libinit$$00000023  c_w.l(libinit2.o)
    0x0000030c   0x00000000   Code   RO          477    .ARM.Collect$$libinit$$0000002A  c_w.l(libinit2.o)
    0x0000030c   0x00000000   Code   RO          479    .ARM.Collect$$libinit$$0000002C  c_w.l(libinit2.o)
    0x0000030c   0x00000000   Code   RO          481    .ARM.Collect$$libinit$$0000002E  c_w.l(libinit2.o)
    0x0000030c   0x00000000   Code   RO          483    .ARM.Collect$$libinit$$00000030  c_w.l(libinit2.o)
    0x0000030c   0x00000002   Code   RO          484    .ARM.Collect$$libinit$$00000031  c_w.l(libinit2.o)
    0x0000030e   0x00000002   Code   RO          626    .ARM.Collect$$libshutdown$$00000000  c_w.l(libshutdown.o)
    0x00000310   0x00000004   Code   RO          486    .ARM.Collect$$libshutdown$$00000002  c_w.l(libshutdown2.o)
    0x00000314   0x00000000   Code   RO          487    .ARM.Collect$$libshutdown$$00000003  c_w.l(libshutdown2.o)
    0x00000314   0x00000000   Code   RO          490    .ARM.Collect$$libshutdown$$00000006  c_w.l(libshutdown2.o)
    0x00000314   0x00000000   Code   RO          493    .ARM.Collect$$libshutdown$$00000009  c_w.l(libshutdown2.o)
    0x00000314   0x00000000   Code   RO          495    .ARM.Collect$$libshutdown$$0000000B  c_w.l(libshutdown2.o)
    0x00000314   0x00000000   Code   RO          498    .ARM.Collect$$libshutdown$$0000000E  c_w.l(libshutdown2.o)
    0x00000314   0x00000002   Code   RO          499    .ARM.Collect$$libshutdown$$0000000F  c_w.l(libshutdown2.o)
    0x00000316   0x00000000   Code   RO          202    .ARM.Collect$$rtentry$$00000000  c_w.l(rtentry.o)
    0x00000316   0x00000000   Code   RO          265    .ARM.Collect$$rtentry$$00000002  c_w.l(rtentry2.o)
    0x00000316   0x00000006   Code   RO          277    .ARM.Collect$$rtentry$$00000004  c_w.l(rtentry4.o)
    0x0000031c   0x00000000   Code   RO          267    .ARM.Collect$$rtentry$$00000009  c_w.l(rtentry2.o)
    0x0000031c   0x00000004   Code   RO          268    .ARM.Collect$$rtentry$$0000000A  c_w.l(rtentry2.o)
    0x00000320   0x00000000   Code   RO          270    .ARM.Collect$$rtentry$$0000000C  c_w.l(rtentry2.o)
    0x00000320   0x00000008   Code   RO          271    .ARM.Collect$$rtentry$$0000000D  c_w.l(rtentry2.o)
    0x00000328   0x00000002   Code   RO          509    .ARM.Collect$$rtexit$$00000000  c_w.l(rtexit.o)
    0x0000032a   0x00000000   Code   RO          567    .ARM.Collect$$rtexit$$00000002  c_w.l(rtexit2.o)
    0x0000032a   0x00000004   Code   RO          568    .ARM.Collect$$rtexit$$00000003  c_w.l(rtexit2.o)
    0x0000032e   0x00000006   Code   RO          569    .ARM.Collect$$rtexit$$00000004  c_w.l(rtexit2.o)
    0x00000334   0x00000000   Code   RO          573    .emb_text           c_w.l(maybetermalloc1.o)
    0x00000334   0x00000124   Code   RO            4  * .text               startup_tm4c123.o
    0x00000458   0x000005cc   Code   RO           12    .text               main.o
    0x00000a24   0x00000030   Code   RO           78    .text               delay.o
    0x00000a54   0x000000b4   Code   RO           87    .text               inialization.o
    0x00000b08   0x00000170   Code   RO           99    .text               keypad.o
    0x00000c78   0x0000015c   Code   RO          112    .text               lcd.o
    0x00000dd4   0x00000018   Code   RO          130    .text               c_w.l(noretval__2printf.o)
    0x00000dec   0x00000028   Code   RO          132    .text               c_w.l(noretval__2sprintf.o)
    0x00000e14   0x00000068   Code   RO          134    .text               c_w.l(__printf.o)
    0x00000e7c   0x00000048   Code   RO          158    .text               c_w.l(strcpy.o)
    0x00000ec4   0x0000003e   Code   RO          160    .text               c_w.l(strlen.o)
    0x00000f02   0x00000018   Code   RO          162    .text               c_w.l(strcat.o)
    0x00000f1a   0x00000006   Code   RO          164    .text               c_w.l(heapauxi.o)
    0x00000f20   0x00000016   Code   RO          203    .text               c_w.l(_rserrno.o)
    0x00000f36   0x00000420   Code   RO          205    .text               c_w.l(_printf_fp_dec.o)
    0x00001356   0x00000002   PAD
    0x00001358   0x00000030   Code   RO          207    .text               c_w.l(_printf_char_common.o)
    0x00001388   0x0000000a   Code   RO          209    .text               c_w.l(_sputc.o)
    0x00001392   0x00000002   PAD
    0x00001394   0x00000024   Code   RO          211    .text               c_w.l(_printf_char_file.o)
    0x000013b8   0x00000008   Code   RO          282    .text               c_w.l(rt_locale_intlibspace.o)
    0x000013c0   0x00000008   Code   RO          287    .text               c_w.l(rt_errno_addr_intlibspace.o)
    0x000013c8   0x0000008a   Code   RO          289    .text               c_w.l(lludiv10.o)
    0x00001452   0x00000002   PAD
    0x00001454   0x00000080   Code   RO          291    .text               c_w.l(_printf_fp_infnan.o)
    0x000014d4   0x000000e4   Code   RO          295    .text               c_w.l(bigflt0.o)
    0x000015b8   0x00000008   Code   RO          320    .text               c_w.l(ferror.o)
    0x000015c0   0x00000138   Code   RO          326    .text               c_w.l(initio.o)
    0x000016f8   0x00000066   Code   RO          345    .text               c_w.l(sys_io.o)
    0x0000175e   0x00000002   PAD
    0x00001760   0x00000008   Code   RO          350    .text               c_w.l(libspace.o)
    0x00001768   0x0000004a   Code   RO          355    .text               c_w.l(sys_stackheap_outer.o)
    0x000017b2   0x0000004e   Code   RO          359    .text               c_w.l(h1_free.o)
    0x00001800   0x000001de   Code   RO          413    .text               c_w.l(flsbuf.o)
    0x000019de   0x00000046   Code   RO          415    .text               c_w.l(setvbuf.o)
    0x00001a24   0x000000ec   Code   RO          418    .text               c_w.l(fopen.o)
    0x00001b10   0x0000004c   Code   RO          420    .text               c_w.l(fclose.o)
    0x00001b5c   0x0000000c   Code   RO          426    .text               c_w.l(exit.o)
    0x00001b68   0x0000000e   Code   RO          428    .text               c_w.l(defsig_rtred_outer.o)
    0x00001b76   0x0000004e   Code   RO          432    .text               c_w.l(rt_memclr_w.o)
    0x00001bc4   0x00000080   Code   RO          434    .text               c_w.l(strcmpv7m.o)
    0x00001c44   0x00000002   Code   RO          506    .text               c_w.l(use_no_semi.o)
    0x00001c46   0x00000000   Code   RO          508    .text               c_w.l(indicate_semi.o)
    0x00001c46   0x00000002   PAD
    0x00001c48   0x00000008   Code   RO          516    .text               c_w.l(rt_heap_descriptor_intlibspace.o)
    0x00001c50   0x00000004   Code   RO          518    .text               c_w.l(hguard.o)
    0x00001c54   0x0000008a   Code   RO          520    .text               c_w.l(init_alloc.o)
    0x00001cde   0x0000005e   Code   RO          526    .text               c_w.l(h1_alloc.o)
    0x00001d3c   0x000000f8   Code   RO          542    .text               c_w.l(fseek.o)
    0x00001e34   0x000000f0   Code   RO          544    .text               c_w.l(stdio.o)
    0x00001f24   0x0000000a   Code   RO          550    .text               c_w.l(defsig_exit.o)
    0x00001f2e   0x00000002   PAD
    0x00001f30   0x00000034   Code   RO          552    .text               c_w.l(defsig_rtred_inner.o)
    0x00001f64   0x0000000c   Code   RO          564    .text               c_w.l(sys_exit.o)
    0x00001f70   0x0000000e   Code   RO          575    .text               c_w.l(h1_init.o)
    0x00001f7e   0x00000034   Code   RO          577    .text               c_w.l(h1_extend.o)
    0x00001fb2   0x00000046   Code   RO          587    .text               c_w.l(ftell.o)
    0x00001ff8   0x00000032   Code   RO          595    .text               c_w.l(defsig_general.o)
    0x0000202a   0x0000000e   Code   RO          597    .text               c_w.l(defsig_rtmem_outer.o)
    0x00002038   0x0000000e   Code   RO          612    .text               c_w.l(sys_wrch.o)
    0x00002046   0x00000002   PAD
    0x00002048   0x00000050   Code   RO          620    .text               c_w.l(defsig_rtmem_inner.o)
    0x00002098   0x0000003e   Code   RO          298    CL$$btod_d2e        c_w.l(btod.o)
    0x000020d6   0x00000046   Code   RO          300    CL$$btod_d2e_denorm_low  c_w.l(btod.o)
    0x0000211c   0x00000060   Code   RO          299    CL$$btod_d2e_norm_op1  c_w.l(btod.o)
    0x0000217c   0x00000338   Code   RO          308    CL$$btod_div_common  c_w.l(btod.o)
    0x000024b4   0x000000c6   Code   RO          305    CL$$btod_e2e        c_w.l(btod.o)
    0x0000257a   0x00000028   Code   RO          302    CL$$btod_ediv       c_w.l(btod.o)
    0x000025a2   0x00000028   Code   RO          301    CL$$btod_emul       c_w.l(btod.o)
    0x000025ca   0x00000244   Code   RO          307    CL$$btod_mult_common  c_w.l(btod.o)
    0x0000280e   0x00000030   Code   RO          247    i.__ARM_fpclassify  m_wm.l(fpclassify.o)
    0x0000283e   0x00000002   PAD
    0x00002840   0x00000c90   Code   RO          188    i.__hardfp_pow      m_wm.l(pow.o)
    0x000034d0   0x000000f8   Code   RO          249    i.__kernel_poly     m_wm.l(poly.o)
    0x000035c8   0x00000020   Code   RO          239    i.__mathlib_dbl_underflow  m_wm.l(dunder.o)
    0x000035e8   0x00000020   Code   RO          243    i.fabs              m_wm.l(fabs.o)
    0x00003608   0x0000001a   Code   RO          323    i.fputc             c_w.l(fputc.o)
    0x00003622   0x0000006e   Code   RO          254    i.sqrt              m_wm.l(sqrt.o)
    0x00003690   0x0000002c   Code   RO          335    locale$$code        c_w.l(lc_numeric_c.o)
    0x000036bc   0x00000018   Code   RO          220    x$fpl$basic         fz_wm.l(basic.o)
    0x000036d4   0x00000062   Code   RO          168    x$fpl$d2f           fz_wm.l(d2f.o)
    0x00003736   0x00000002   PAD
    0x00003738   0x00000150   Code   RO          170    x$fpl$dadd          fz_wm.l(daddsub_clz.o)
    0x00003888   0x00000010   Code   RO          337    x$fpl$dcheck1       fz_wm.l(dcheck1.o)
    0x00003898   0x00000018   Code   RO          502    x$fpl$dcmpinf       fz_wm.l(dcmpi.o)
    0x000038b0   0x000002b0   Code   RO          223    x$fpl$ddiv          fz_wm.l(ddiv.o)
    0x00003b60   0x0000002e   Code   RO          177    x$fpl$dflt          fz_wm.l(dflt_clz.o)
    0x00003b8e   0x00000002   PAD
    0x00003b90   0x00000078   Code   RO          339    x$fpl$dleqf         fz_wm.l(dleqf.o)
    0x00003c08   0x00000154   Code   RO          182    x$fpl$dmul          fz_wm.l(dmul.o)
    0x00003d5c   0x0000009c   Code   RO          226    x$fpl$dnaninf       fz_wm.l(dnaninf.o)
    0x00003df8   0x0000000c   Code   RO          228    x$fpl$dretinf       fz_wm.l(dretinf.o)
    0x00003e04   0x0000006c   Code   RO          230    x$fpl$drleqf        fz_wm.l(drleqf.o)
    0x00003e70   0x00000016   Code   RO          171    x$fpl$drsb          fz_wm.l(daddsub_clz.o)
    0x00003e86   0x00000002   PAD
    0x00003e88   0x00000198   Code   RO          341    x$fpl$dsqrt         fz_wm.l(dsqrt_umaal.o)
    0x00004020   0x000001d4   Code   RO          172    x$fpl$dsub          fz_wm.l(daddsub_clz.o)
    0x000041f4   0x00000056   Code   RO          184    x$fpl$f2d           fz_wm.l(f2d.o)
    0x0000424a   0x0000008c   Code   RO          232    x$fpl$fnaninf       fz_wm.l(fnaninf.o)
    0x000042d6   0x0000000a   Code   RO          560    x$fpl$fpinit        fz_wm.l(fpinit.o)
    0x000042e0   0x0000000a   Code   RO          234    x$fpl$fretinf       fz_wm.l(fretinf.o)
    0x000042ea   0x00000004   Code   RO          186    x$fpl$printf1       fz_wm.l(printf1.o)
    0x000042ee   0x00000064   Code   RO          504    x$fpl$retnan        fz_wm.l(retnan.o)
    0x00004352   0x0000005c   Code   RO          236    x$fpl$scalbn        fz_wm.l(scalbn.o)
    0x000043ae   0x00000030   Code   RO          562    x$fpl$trapveneer    fz_wm.l(trapv.o)
    0x000043de   0x00000000   Code   RO          238    x$fpl$usenofp       fz_wm.l(usenofp.o)
    0x000043de   0x00000002   PAD
    0x000043e0   0x00000010   Data   RO          100    .constdata          keypad.o
    0x000043f0   0x00000088   Data   RO          191    .constdata          m_wm.l(pow.o)
    0x00004478   0x00000008   Data   RO          251    .constdata          m_wm.l(qnan.o)
    0x00004480   0x00000094   Data   RO          296    .constdata          c_w.l(bigflt0.o)
    0x00004514   0x00000004   Data   RO          346    .constdata          c_w.l(sys_io.o)
    0x00004518   0x00000004   Data   RO          347    .constdata          c_w.l(sys_io.o)
    0x0000451c   0x00000004   Data   RO          348    .constdata          c_w.l(sys_io.o)
    0x00004520   0x00000020   Data   RO          645    Region$$Table       anon$$obj.o
    0x00004540   0x0000001c   Data   RO          334    locale$$data        c_w.l(lc_numeric_c.o)


    Execution Region ER_RW (Base: 0x20000000, Size: 0x0000002c, Max: 0xffffffff, ABSOLUTE)

    Base Addr    Size         Type   Attr      Idx    E Section Name        Object

    0x20000000   0x00000020   Data   RW           14    .data               main.o
    0x20000020   0x00000004   Data   RW          217    .data               c_w.l(stdio_streams.o)
    0x20000024   0x00000004   Data   RW          218    .data               c_w.l(stdio_streams.o)
    0x20000028   0x00000004   Data   RW          219    .data               c_w.l(stdio_streams.o)


    Execution Region ER_ZI (Base: 0x2000002c, Size: 0x0000418c, Max: 0xffffffff, ABSOLUTE)

    Base Addr    Size         Type   Attr      Idx    E Section Name        Object

    0x2000002c   0x00000030   Zero   RW           13    .bss                main.o
    0x2000005c   0x00000054   Zero   RW          214    .bss                c_w.l(stdio_streams.o)
    0x200000b0   0x00000054   Zero   RW          215    .bss                c_w.l(stdio_streams.o)
    0x20000104   0x00000054   Zero   RW          216    .bss                c_w.l(stdio_streams.o)
    0x20000158   0x00000060   Zero   RW          351    .bss                c_w.l(libspace.o)
    0x200001b8   0x00000000   Zero   RW            2    HEAP                startup_tm4c123.o
    0x200001b8   0x00004000   Zero   RW            1    STACK               startup_tm4c123.o


==============================================================================

Image component sizes


      Code (inc. data)   RO Data    RW Data    ZI Data      Debug   Object Name

        48          0          0          0          0        598   delay.o
       180         58          0          0          0        451   inialization.o
       368         24         16          0          0       1201   keypad.o
       348         20          0          0          0       1280   lcd.o
      1484        116          0         32         48      10321   main.o
       292         24        620          0      16384       5380   startup_tm4c123.o

    ----------------------------------------------------------------------
      2720        242        668         32      16432      19231   Object Totals
         0          0         32          0          0          0   (incl. Generated)
         0          0          0          0          0          0   (incl. Padding)

    ----------------------------------------------------------------------

      Code (inc. data)   RO Data    RW Data    ZI Data      Debug   Library Member Name

         8          0          0          0          0         68   __main.o
       104          0          0          0          0         84   __printf.o
        52          8          0          0          0          0   __scatter.o
        26          0          0          0          0          0   __scatter_copy.o
        28          0          0          0          0          0   __scatter_zi.o
        48          6          0          0          0         96   _printf_char_common.o
        36          4          0          0          0         80   _printf_char_file.o
         6          0          0          0          0          0   _printf_f.o
      1056          0          0          0          0        216   _printf_fp_dec.o
       128         16          0          0          0         84   _printf_fp_infnan.o
         0          0          0          0          0          0   _printf_percent.o
         4          0          0          0          0          0   _printf_percent_end.o
        22          0          0          0          0        100   _rserrno.o
        10          0          0          0          0         68   _sputc.o
       228          6        148          0          0         96   bigflt0.o
      1910        128          0          0          0        672   btod.o
        10          0          0          0          0         68   defsig_exit.o
        50          0          0          0          0         88   defsig_general.o
        80         58          0          0          0         76   defsig_rtmem_inner.o
        14          0          0          0          0         80   defsig_rtmem_outer.o
        52         38          0          0          0         76   defsig_rtred_inner.o
        14          0          0          0          0         80   defsig_rtred_outer.o
        12          0          0          0          0         72   exit.o
        76          0          0          0          0         88   fclose.o
         8          0          0          0          0         68   ferror.o
       478          0          0          0          0         88   flsbuf.o
       236          4          0          0          0        128   fopen.o
        26          0          0          0          0         68   fputc.o
       248          6          0          0          0         84   fseek.o
        70          0          0          0          0         76   ftell.o
        94          0          0          0          0         80   h1_alloc.o
        52          0          0          0          0         68   h1_extend.o
        78          0          0          0          0         80   h1_free.o
        14          0          0          0          0         84   h1_init.o
         6          0          0          0          0        152   heapauxi.o
         4          0          0          0          0        136   hguard.o
         0          0          0          0          0          0   indicate_semi.o
       138          0          0          0          0        168   init_alloc.o
       312         46          0          0          0        112   initio.o
        44         10         28          0          0         76   lc_numeric_c.o
         2          0          0          0          0          0   libinit.o
        34          0          0          0          0          0   libinit2.o
         2          0          0          0          0          0   libshutdown.o
         6          0          0          0          0          0   libshutdown2.o
         8          4          0          0         96         68   libspace.o
       138          0          0          0          0         80   lludiv10.o
         0          0          0          0          0          0   maybetermalloc1.o
        24          4          0          0          0         84   noretval__2printf.o
        40          6          0          0          0         84   noretval__2sprintf.o
         8          4          0          0          0         68   rt_errno_addr_intlibspace.o
         8          4          0          0          0         68   rt_heap_descriptor_intlibspace.o
         8          4          0          0          0         68   rt_locale_intlibspace.o
        78          0          0          0          0         80   rt_memclr_w.o
         0          0          0          0          0          0   rtentry.o
        12          0          0          0          0          0   rtentry2.o
         6          0          0          0          0          0   rtentry4.o
         2          0          0          0          0          0   rtexit.o
        10          0          0          0          0          0   rtexit2.o
        70          0          0          0          0         80   setvbuf.o
       240          6          0          0          0        156   stdio.o
         0          0          0         12        252          0   stdio_streams.o
        24          0          0          0          0         68   strcat.o
       128          0          0          0          0         68   strcmpv7m.o
        72          0          0          0          0         80   strcpy.o
        62          0          0          0          0         76   strlen.o
        12          4          0          0          0         68   sys_exit.o
       102          0         12          0          0        240   sys_io.o
        74          0          0          0          0         80   sys_stackheap_outer.o
        14          0          0          0          0         76   sys_wrch.o
         2          0          0          0          0         68   use_no_semi.o
        24          0          0          0          0        164   basic.o
        98          4          0          0          0        140   d2f.o
       826         16          0          0          0        492   daddsub_clz.o
        16          4          0          0          0        116   dcheck1.o
        24          0          0          0          0        116   dcmpi.o
       688        140          0          0          0        256   ddiv.o
        46          0          0          0          0        116   dflt_clz.o
       120          4          0          0          0        140   dleqf.o
       340         12          0          0          0        152   dmul.o
       156          4          0          0          0        140   dnaninf.o
        12          0          0          0          0        116   dretinf.o
       108          0          0          0          0        128   drleqf.o
       408         56          0          0          0        168   dsqrt_umaal.o
        86          4          0          0          0        132   f2d.o
       140          4          0          0          0        132   fnaninf.o
        10          0          0          0          0        116   fpinit.o
        10          0          0          0          0        116   fretinf.o
         4          0          0          0          0        116   printf1.o
       100          0          0          0          0        116   retnan.o
        92          0          0          0          0        116   scalbn.o
        48          0          0          0          0        116   trapv.o
         0          0          0          0          0          0   usenofp.o
        32          8          0          0          0        124   dunder.o
        32          0          0          0          0        124   fabs.o
        48          0          0          0          0        124   fpclassify.o
       248          0          0          0          0        152   poly.o
      3216        310        136          0          0        216   pow.o
         0          0          8          0          0          0   qnan.o
       110          0          0          0          0        148   sqrt.o

    ----------------------------------------------------------------------
     14036        932        332         12        348       9412   Library Totals
        26          0          0          0          0          0   (incl. Padding)

    ----------------------------------------------------------------------

      Code (inc. data)   RO Data    RW Data    ZI Data      Debug   Library Name

      6968        366        188         12        348       5320   c_w.l
      3356        248          0          0          0       3204   fz_wm.l
      3686        318        144          0          0        888   m_wm.l

    ----------------------------------------------------------------------
     14036        932        332         12        348       9412   Library Totals

    ----------------------------------------------------------------------

==============================================================================


      Code (inc. data)   RO Data    RW Data    ZI Data      Debug   

     16756       1174       1000         44      16780      22175   Grand Totals
     16756       1174       1000         44      16780      22175   ELF Image Totals
     16756       1174       1000         44          0          0   ROM Totals

==============================================================================

    Total RO  Size (Code + RO Data)                17756 (  17.34kB)
    Total RW  Size (RW Data + ZI Data)             16824 (  16.43kB)
    Total ROM Size (Code + RO Data + RW Data)      17800 (  17.38kB)

==============================================================================

