ARM Linker, 5.03 [Build 76] [MDK-ARM Lite]

==============================================================================

Section Cross References

    buttons.o(i.ButtonsInit) refers to buttons.o(.data) for .data
    buttons.o(i.ButtonsPoll) refers to buttons.o(.data) for .data
    freertos_demo.o(i.ConfigureUART) refers to uart.o(i.UARTClockSourceSet) for UARTClockSourceSet
    freertos_demo.o(i.ConfigureUART) refers to uartstdio.o(i.UARTStdioConfig) for UARTStdioConfig
    freertos_demo.o(i.main) refers to freertos_demo.o(i.ConfigureUART) for ConfigureUART
    freertos_demo.o(i.main) refers to gpio.o(i.GPIOPinTypeGPIOOutput) for GPIOPinTypeGPIOOutput
    freertos_demo.o(i.main) refers to uartstdio.o(i.UARTprintf) for UARTprintf
    freertos_demo.o(i.main) refers to queue.o(i.xQueueCreateMutex) for xQueueCreateMutex
    freertos_demo.o(i.main) refers to queue.o(i.xQueueGenericCreate) for xQueueGenericCreate
    freertos_demo.o(i.main) refers to queue.o(i.xQueueGenericSend) for xQueueGenericSend
    freertos_demo.o(i.main) refers to led_task.o(i.LEDTaskInit) for LEDTaskInit
    freertos_demo.o(i.main) refers to switch_task.o(i.SwitchTaskInit) for SwitchTaskInit
    freertos_demo.o(i.main) refers to tasks.o(i.vTaskStartScheduler) for vTaskStartScheduler
    freertos_demo.o(i.main) refers to freertos_demo.o(.data) for .data
    heap_2.o(i.pvPortMalloc) refers to tasks.o(i.vTaskSuspendAll) for vTaskSuspendAll
    heap_2.o(i.pvPortMalloc) refers to tasks.o(i.xTaskResumeAll) for xTaskResumeAll
    heap_2.o(i.pvPortMalloc) refers to heap_2.o(.data) for .data
    heap_2.o(i.pvPortMalloc) refers to heap_2.o(.bss) for .bss
    heap_2.o(i.vPortFree) refers to tasks.o(i.vTaskSuspendAll) for vTaskSuspendAll
    heap_2.o(i.vPortFree) refers to tasks.o(i.xTaskResumeAll) for xTaskResumeAll
    heap_2.o(i.vPortFree) refers to heap_2.o(.data) for .data
    heap_2.o(i.xPortGetFreeHeapSize) refers to heap_2.o(.data) for .data
    led_task.o(i.LEDTask) refers to tasks.o(i.xTaskGetTickCount) for xTaskGetTickCount
    led_task.o(i.LEDTask) refers to queue.o(i.xQueueGenericReceive) for xQueueGenericReceive
    led_task.o(i.LEDTask) refers to gpio.o(i.GPIOPinWrite) for GPIOPinWrite
    led_task.o(i.LEDTask) refers to rgb.o(i.RGBColorSet) for RGBColorSet
    led_task.o(i.LEDTask) refers to uartstdio.o(i.UARTprintf) for UARTprintf
    led_task.o(i.LEDTask) refers to queue.o(i.xQueueGenericSend) for xQueueGenericSend
    led_task.o(i.LEDTask) refers to rgb.o(i.RGBEnable) for RGBEnable
    led_task.o(i.LEDTask) refers to tasks.o(i.vTaskDelayUntil) for vTaskDelayUntil
    led_task.o(i.LEDTask) refers to rgb.o(i.RGBDisable) for RGBDisable
    led_task.o(i.LEDTask) refers to led_task.o(.data) for .data
    led_task.o(i.LEDTask) refers to led_task.o(.bss) for .bss
    led_task.o(i.LEDTask) refers to freertos_demo.o(.data) for g_pUARTSemaphore
    led_task.o(i.LEDTaskInit) refers to rgb.o(i.RGBInit) for RGBInit
    led_task.o(i.LEDTaskInit) refers to rgb.o(i.RGBIntensitySet) for RGBIntensitySet
    led_task.o(i.LEDTaskInit) refers to rgb.o(i.RGBColorSet) for RGBColorSet
    led_task.o(i.LEDTaskInit) refers to uartstdio.o(i.UARTprintf) for UARTprintf
    led_task.o(i.LEDTaskInit) refers to queue.o(i.xQueueGenericCreate) for xQueueGenericCreate
    led_task.o(i.LEDTaskInit) refers to tasks.o(i.xTaskGenericCreate) for xTaskGenericCreate
    led_task.o(i.LEDTaskInit) refers to led_task.o(.data) for .data
    led_task.o(i.LEDTaskInit) refers to led_task.o(.bss) for .bss
    led_task.o(i.LEDTaskInit) refers to led_task.o(i.LEDTask) for LEDTask
    port.o(.emb_text) refers to tasks.o(i.vTaskSwitchContext) for vTaskSwitchContext
    port.o(.emb_text) refers to tasks.o(.data) for pxCurrentTCB
    port.o(i.pxPortInitialiseStack) refers to port.o(i.prvTaskExitError) for prvTaskExitError
    port.o(i.vPortEnterCritical) refers to port.o(.data) for .data
    port.o(i.vPortExitCritical) refers to port.o(.data) for .data
    port.o(i.xPortStartScheduler) refers to port.o(i.vPortSetupTimerInterrupt) for vPortSetupTimerInterrupt
    port.o(i.xPortStartScheduler) refers to port.o(.emb_text) for __asm___6_port_c_39a90d8d__prvEnableVFP
    port.o(i.xPortStartScheduler) refers to port.o(.data) for .data
    port.o(i.xPortSysTickHandler) refers to tasks.o(i.xTaskIncrementTick) for xTaskIncrementTick
    queue.o(i.prvCopyDataFromQueue) refers to memcpya.o(.text) for __aeabi_memcpy
    queue.o(i.prvCopyDataToQueue) refers to memcpya.o(.text) for __aeabi_memcpy
    queue.o(i.prvCopyDataToQueue) refers to tasks.o(i.xTaskPriorityDisinherit) for xTaskPriorityDisinherit
    queue.o(i.prvUnlockQueue) refers to port.o(i.vPortEnterCritical) for vPortEnterCritical
    queue.o(i.prvUnlockQueue) refers to tasks.o(i.xTaskRemoveFromEventList) for xTaskRemoveFromEventList
    queue.o(i.prvUnlockQueue) refers to tasks.o(i.vTaskMissedYield) for vTaskMissedYield
    queue.o(i.prvUnlockQueue) refers to port.o(i.vPortExitCritical) for vPortExitCritical
[...]
    queue.o(i.xQueueGenericReceive) refers to tasks.o(i.vTaskSetTimeOutState) for vTaskSetTimeOutState
    queue.o(i.xQueueGenericReceive) refers to tasks.o(i.vTaskSuspendAll) for vTaskSuspendAll
    queue.o(i.xQueueGenericReceive) refers to tasks.o(i.xTaskCheckForTimeOut) for xTaskCheckForTimeOut
    queue.o(i.xQueueGenericReceive) refers to queue.o(i.prvUnlockQueue) for prvUnlockQueue
    queue.o(i.xQueueGenericReceive) refers to tasks.o(i.xTaskResumeAll) for xTaskResumeAll
    queue.o(i.xQueueGenericReceive) refers to tasks.o(i.vTaskPriorityInherit) for vTaskPriorityInherit
    queue.o(i.xQueueGenericReceive) refers to tasks.o(i.vTaskPlaceOnEventList) for vTaskPlaceOnEventList
    queue.o(i.xQueueGenericReset) refers to port.o(i.vPortEnterCritical) for vPortEnterCritical
    queue.o(i.xQueueGenericReset) refers to list.o(i.vListInitialise) for vListInitialise
    queue.o(i.xQueueGenericReset) refers to port.o(i.vPortExitCritical) for vPortExitCritical
    queue.o(i.xQueueGenericReset) refers to tasks.o(i.xTaskRemoveFromEventList) for xTaskRemoveFromEventList
    queue.o(i.xQueueGenericSend) refers to port.o(i.vPortEnterCritical) for vPortEnterCritical
    queue.o(i.xQueueGenericSend) refers to queue.o(i.prvCopyDataToQueue) for prvCopyDataToQueue
    queue.o(i.xQueueGenericSend) refers to tasks.o(i.xTaskRemoveFromEventList) for xTaskRemoveFromEventList
    queue.o(i.xQueueGenericSend) refers to port.o(i.vPortExitCritical) for vPortExitCritical
    queue.o(i.xQueueGenericSend) refers to tasks.o(i.vTaskSetTimeOutState) for vTaskSetTimeOutState
    queue.o(i.xQueueGenericSend) refers to tasks.o(i.vTaskSuspendAll) for vTaskSuspendAll
    queue.o(i.xQueueGenericSend) refers to tasks.o(i.xTaskCheckForTimeOut) for xTaskCheckForTimeOut
    queue.o(i.xQueueGenericSend) refers to queue.o(i.prvUnlockQueue) for prvUnlockQueue
    queue.o(i.xQueueGenericSend) refers to tasks.o(i.xTaskResumeAll) for xTaskResumeAll
    queue.o(i.xQueueGenericSend) refers to tasks.o(i.vTaskPlaceOnEventList) for vTaskPlaceOnEventList
    queue.o(i.xQueueGenericSendFromISR) refers to queue.o(i.prvCopyDataToQueue) for prvCopyDataToQueue
    queue.o(i.xQueueGenericSendFromISR) refers to tasks.o(i.xTaskRemoveFromEventList) for xTaskRemoveFromEventList
    queue.o(i.xQueueGiveFromISR) refers to tasks.o(i.xTaskRemoveFromEventList) for xTaskRemoveFromEventList
    queue.o(i.xQueueGiveMutexRecursive) refers to tasks.o(i.xTaskGetCurrentTaskHandle) for xTaskGetCurrentTaskHandle
    queue.o(i.xQueueGiveMutexRecursive) refers to queue.o(i.xQueueGenericSend) for xQueueGenericSend
    queue.o(i.xQueuePeekFromISR) refers to queue.o(i.prvCopyDataFromQueue) for prvCopyDataFromQueue
    queue.o(i.xQueueReceiveFromISR) refers to queue.o(i.prvCopyDataFromQueue) for prvCopyDataFromQueue
    queue.o(i.xQueueReceiveFromISR) refers to tasks.o(i.xTaskRemoveFromEventList) for xTaskRemoveFromEventList
    queue.o(i.xQueueTakeMutexRecursive) refers to tasks.o(i.xTaskGetCurrentTaskHandle) for xTaskGetCurrentTaskHandle
    queue.o(i.xQueueTakeMutexRecursive) refers to queue.o(i.xQueueGenericReceive) for xQueueGenericReceive
    rgb.o(i.RGBBlinkIntHandler) refers to rgb.o(i.RGBEnable) for RGBEnable
    rgb.o(i.RGBBlinkIntHandler) refers to rgb.o(i.RGBDisable) for RGBDisable
    rgb.o(i.RGBBlinkIntHandler) refers to rgb.o(.data) for .data
    rgb.o(i.RGBBlinkRateSet) refers to rgb.o(i.RGBEnable) for RGBEnable
    rgb.o(i.RGBBlinkRateSet) refers to sysctl.o(i.SysCtlClockGet) for SysCtlClockGet
    rgb.o(i.RGBBlinkRateSet) refers to ffixul.o(.text) for __aeabi_f2ulz
    rgb.o(i.RGBColorGet) refers to rgb.o(.bss) for .bss
    rgb.o(i.RGBColorSet) refers to rgb.o(.bss) for .bss
    rgb.o(i.RGBColorSet) refers to rgb.o(.data) for .data
    rgb.o(i.RGBInit) refers to rgb.o(i.RGBEnable) for RGBEnable
    rgb.o(i.RGBIntensitySet) refers to rgb.o(i.RGBColorSet) for RGBColorSet
    rgb.o(i.RGBIntensitySet) refers to rgb.o(.data) for .data
    rgb.o(i.RGBIntensitySet) refers to rgb.o(.bss) for .bss
    rgb.o(i.RGBSet) refers to rgb.o(i.RGBColorSet) for RGBColorSet
    rgb.o(i.RGBSet) refers to rgb.o(i.RGBIntensitySet) for RGBIntensitySet
    startup_rvmdk.o(RESET) refers to startup_rvmdk.o(STACK) for StackMem
    startup_rvmdk.o(RESET) refers to port.o(.emb_text) for vPortSVCHandler
    startup_rvmdk.o(RESET) refers to port.o(i.xPortSysTickHandler) for xPortSysTickHandler
    startup_rvmdk.o(RESET) refers to entry.o(.ARM.Collect$$$$00000000) for __main
    switch_task.o(i.SwitchTask) refers to tasks.o(i.xTaskGetTickCount) for xTaskGetTickCount
    switch_task.o(i.SwitchTask) refers to queue.o(i.xQueueGenericReceive) for xQueueGenericReceive
    switch_task.o(i.SwitchTask) refers to uartstdio.o(i.UARTprintf) for UARTprintf
    switch_task.o(i.SwitchTask) refers to queue.o(i.xQueueGenericSend) for xQueueGenericSend
    switch_task.o(i.SwitchTask) refers to freertos_demo.o(.data) for xBinarySemaphore
    switch_task.o(i.SwitchTask) refers to led_task.o(.data) for g_pLEDQueue
    switch_task.o(i.SwitchTaskInit) refers to gpio.o(i.GPIOIntRegister) for GPIOIntRegister
    switch_task.o(i.SwitchTaskInit) refers to buttons.o(i.ButtonsInit) for ButtonsInit
    switch_task.o(i.SwitchTaskInit) refers to gpio.o(i.GPIOIntDisable) for GPIOIntDisable
    switch_task.o(i.SwitchTaskInit) refers to gpio.o(i.GPIOIntClear) for GPIOIntClear
    switch_task.o(i.SwitchTaskInit) refers to gpio.o(i.GPIOIntTypeSet) for GPIOIntTypeSet
    switch_task.o(i.SwitchTaskInit) refers to gpio.o(i.GPIOIntEnable) for GPIOIntEnable
    switch_task.o(i.SwitchTaskInit) refers to tasks.o(i.xTaskGenericCreate) for xTaskGenericCreate
    switch_task.o(i.SwitchTaskInit) refers to switch_task.o(i.vSoftwareInterruptHandler) for vSoftwareInterruptHandler
    switch_task.o(i.SwitchTaskInit) refers to switch_task.o(i.SwitchTask) for SwitchTask
    switch_task.o(i.vSoftwareInterruptHandler) refers to gpio.o(i.GPIOIntClear) for GPIOIntClear
    switch_task.o(i.vSoftwareInterruptHandler) refers to queue.o(i.xQueueGiveFromISR) for xQueueGiveFromISR
    switch_task.o(i.vSoftwareInterruptHandler) refers to freertos_demo.o(.data) for xBinarySemaphore
    tasks.o(i.prvAddCurrentTaskToDelayedList) refers to list.o(i.vListInsert) for vListInsert
    tasks.o(i.prvAddCurrentTaskToDelayedList) refers to tasks.o(.data) for .data
    tasks.o(i.prvCheckTasksWaitingTermination) refers to tasks.o(i.vTaskSuspendAll) for vTaskSuspendAll
    tasks.o(i.prvCheckTasksWaitingTermination) refers to tasks.o(i.xTaskResumeAll) for xTaskResumeAll
    tasks.o(i.prvCheckTasksWaitingTermination) refers to port.o(i.vPortEnterCritical) for vPortEnterCritical
    tasks.o(i.prvCheckTasksWaitingTermination) refers to list.o(i.uxListRemove) for uxListRemove
    tasks.o(i.prvCheckTasksWaitingTermination) refers to port.o(i.vPortExitCritical) for vPortExitCritical
    tasks.o(i.prvCheckTasksWaitingTermination) refers to heap_2.o(i.vPortFree) for vPortFree
    tasks.o(i.prvCheckTasksWaitingTermination) refers to tasks.o(.bss) for .bss
    tasks.o(i.prvCheckTasksWaitingTermination) refers to tasks.o(.data) for .data
    tasks.o(i.prvIdleTask) refers to tasks.o(i.prvCheckTasksWaitingTermination) for prvCheckTasksWaitingTermination
    tasks.o(i.prvListTaskWithinSingleList) refers to tasks.o(i.prvTaskCheckFreeStackSpace) for prvTaskCheckFreeStackSpace
    tasks.o(i.prvResetNextTaskUnblockTime) refers to tasks.o(.data) for .data
    tasks.o(i.prvTaskIsTaskSuspended) refers to tasks.o(.bss) for .bss
    tasks.o(i.pvTaskIncrementMutexHeldCount) refers to tasks.o(.data) for .data
    tasks.o(i.ulTaskNotifyTake) refers to port.o(i.vPortEnterCritical) for vPortEnterCritical
    tasks.o(i.ulTaskNotifyTake) refers to list.o(i.uxListRemove) for uxListRemove
    tasks.o(i.ulTaskNotifyTake) refers to tasks.o(i.prvAddCurrentTaskToDelayedList) for prvAddCurrentTaskToDelayedList
    tasks.o(i.ulTaskNotifyTake) refers to port.o(i.vPortExitCritical) for vPortExitCritical
    tasks.o(i.ulTaskNotifyTake) refers to list.o(i.vListInsertEnd) for vListInsertEnd
    tasks.o(i.ulTaskNotifyTake) refers to tasks.o(.data) for .data
    tasks.o(i.ulTaskNotifyTake) refers to tasks.o(.bss) for .bss
    tasks.o(i.uxTaskGetNumberOfTasks) refers to tasks.o(.data) for .data
    tasks.o(i.uxTaskGetStackHighWaterMark) refers to tasks.o(i.prvTaskCheckFreeStackSpace) for prvTaskCheckFreeStackSpace
    tasks.o(i.uxTaskGetStackHighWaterMark) refers to tasks.o(.data) for .data
    tasks.o(i.uxTaskGetSystemState) refers to tasks.o(i.vTaskSuspendAll) for vTaskSuspendAll
    tasks.o(i.uxTaskGetSystemState) refers to tasks.o(i.prvListTaskWithinSingleList) for prvListTaskWithinSingleList
    tasks.o(i.uxTaskGetSystemState) refers to tasks.o(i.xTaskResumeAll) for xTaskResumeAll
    tasks.o(i.uxTaskGetSystemState) refers to tasks.o(.data) for .data
    tasks.o(i.uxTaskGetSystemState) refers to tasks.o(.bss) for .bss
    tasks.o(i.uxTaskPriorityGet) refers to port.o(i.vPortEnterCritical) for vPortEnterCritical
    tasks.o(i.uxTaskPriorityGet) refers to port.o(i.vPortExitCritical) for vPortExitCritical
    tasks.o(i.uxTaskPriorityGet) refers to tasks.o(.data) for .data
    tasks.o(i.uxTaskPriorityGetFromISR) refers to tasks.o(.data) for .data
    tasks.o(i.uxTaskResetEventItemValue) refers to tasks.o(.data) for .data
    tasks.o(i.vTaskDelay) refers to tasks.o(i.vTaskSuspendAll) for vTaskSuspendAll
    tasks.o(i.vTaskDelay) refers to list.o(i.uxListRemove) for uxListRemove
    tasks.o(i.vTaskDelay) refers to tasks.o(i.prvAddCurrentTaskToDelayedList) for prvAddCurrentTaskToDelayedList
    tasks.o(i.vTaskDelay) refers to tasks.o(i.xTaskResumeAll) for xTaskResumeAll
    tasks.o(i.vTaskDelay) refers to tasks.o(.data) for .data
    tasks.o(i.vTaskDelayUntil) refers to tasks.o(i.vTaskSuspendAll) for vTaskSuspendAll
    tasks.o(i.vTaskDelayUntil) refers to list.o(i.uxListRemove) for uxListRemove
    tasks.o(i.vTaskDelayUntil) refers to tasks.o(i.prvAddCurrentTaskToDelayedList) for prvAddCurrentTaskToDelayedList
    tasks.o(i.vTaskDelayUntil) refers to tasks.o(i.xTaskResumeAll) for xTaskResumeAll
    tasks.o(i.vTaskDelayUntil) refers to tasks.o(.data) for .data
    tasks.o(i.vTaskDelete) refers to port.o(i.vPortEnterCritical) for vPortEnterCritical
    tasks.o(i.vTaskDelete) refers to list.o(i.uxListRemove) for uxListRemove
    tasks.o(i.vTaskDelete) refers to list.o(i.vListInsertEnd) for vListInsertEnd
    tasks.o(i.vTaskDelete) refers to port.o(i.vPortExitCritical) for vPortExitCritical
    tasks.o(i.vTaskDelete) refers to tasks.o(i.prvResetNextTaskUnblockTime) for prvResetNextTaskUnblockTime
    tasks.o(i.vTaskDelete) refers to tasks.o(.data) for .data
    tasks.o(i.vTaskDelete) refers to tasks.o(.bss) for .bss
    tasks.o(i.vTaskEndScheduler) refers to port.o(i.vPortEndScheduler) for vPortEndScheduler
    tasks.o(i.vTaskEndScheduler) refers to tasks.o(.data) for .data
    tasks.o(i.vTaskMissedYield) refers to tasks.o(.data) for .data
    tasks.o(i.vTaskNotifyGiveFromISR) refers to list.o(i.vListInsertEnd) for vListInsertEnd
    tasks.o(i.vTaskNotifyGiveFromISR) refers to list.o(i.uxListRemove) for uxListRemove
    tasks.o(i.vTaskNotifyGiveFromISR) refers to tasks.o(.data) for .data
    tasks.o(i.vTaskNotifyGiveFromISR) refers to tasks.o(.bss) for .bss
    tasks.o(i.vTaskPlaceOnEventList) refers to list.o(i.vListInsert) for vListInsert
    tasks.o(i.vTaskPlaceOnEventList) refers to list.o(i.uxListRemove) for uxListRemove
    tasks.o(i.vTaskPlaceOnEventList) refers to tasks.o(i.prvAddCurrentTaskToDelayedList) for prvAddCurrentTaskToDelayedList
    tasks.o(i.vTaskPlaceOnEventList) refers to list.o(i.vListInsertEnd) for vListInsertEnd
    tasks.o(i.vTaskPlaceOnEventList) refers to tasks.o(.data) for .data
    tasks.o(i.vTaskPlaceOnEventList) refers to tasks.o(.bss) for .bss
    tasks.o(i.vTaskPlaceOnUnorderedEventList) refers to list.o(i.vListInsertEnd) for vListInsertEnd
    tasks.o(i.vTaskPlaceOnUnorderedEventList) refers to list.o(i.uxListRemove) for uxListRemove
    tasks.o(i.vTaskPlaceOnUnorderedEventList) refers to tasks.o(i.prvAddCurrentTaskToDelayedList) for prvAddCurrentTaskToDelayedList
    tasks.o(i.vTaskPlaceOnUnorderedEventList) refers to tasks.o(.data) for .data
    tasks.o(i.vTaskPlaceOnUnorderedEventList) refers to tasks.o(.bss) for .bss
    tasks.o(i.vTaskPriorityInherit) refers to list.o(i.uxListRemove) for uxListRemove
    tasks.o(i.vTaskPriorityInherit) refers to list.o(i.vListInsertEnd) for vListInsertEnd
    tasks.o(i.vTaskPriorityInherit) refers to tasks.o(.data) for .data
    tasks.o(i.vTaskPriorityInherit) refers to tasks.o(.bss) for .bss
    tasks.o(i.vTaskPrioritySet) refers to port.o(i.vPortEnterCritical) for vPortEnterCritical
    tasks.o(i.vTaskPrioritySet) refers to list.o(i.uxListRemove) for uxListRemove
    tasks.o(i.vTaskPrioritySet) refers to list.o(i.vListInsertEnd) for vListInsertEnd
    tasks.o(i.vTaskPrioritySet) refers to port.o(i.vPortExitCritical) for vPortExitCritical
    tasks.o(i.vTaskPrioritySet) refers to tasks.o(.data) for .data
    tasks.o(i.vTaskPrioritySet) refers to tasks.o(.bss) for .bss
    tasks.o(i.vTaskResume) refers to port.o(i.vPortEnterCritical) for vPortEnterCritical
    tasks.o(i.vTaskResume) refers to tasks.o(i.prvTaskIsTaskSuspended) for prvTaskIsTaskSuspended
    tasks.o(i.vTaskResume) refers to list.o(i.uxListRemove) for uxListRemove
    tasks.o(i.vTaskResume) refers to list.o(i.vListInsertEnd) for vListInsertEnd
    tasks.o(i.vTaskResume) refers to port.o(i.vPortExitCritical) for vPortExitCritical
    tasks.o(i.vTaskResume) refers to tasks.o(.data) for .data
    tasks.o(i.vTaskResume) refers to tasks.o(.bss) for .bss
    tasks.o(i.vTaskSetTimeOutState) refers to tasks.o(.data) for .data
    tasks.o(i.vTaskStartScheduler) refers to tasks.o(i.xTaskGenericCreate) for xTaskGenericCreate
    tasks.o(i.vTaskStartScheduler) refers to port.o(i.xPortStartScheduler) for xPortStartScheduler
    tasks.o(i.vTaskStartScheduler) refers to tasks.o(i.prvIdleTask) for prvIdleTask
    tasks.o(i.vTaskStartScheduler) refers to tasks.o(.data) for .data
    tasks.o(i.vTaskSuspend) refers to port.o(i.vPortEnterCritical) for vPortEnterCritical
    tasks.o(i.vTaskSuspend) refers to list.o(i.uxListRemove) for uxListRemove
    tasks.o(i.vTaskSuspend) refers to list.o(i.vListInsertEnd) for vListInsertEnd
    tasks.o(i.vTaskSuspend) refers to port.o(i.vPortExitCritical) for vPortExitCritical
    tasks.o(i.vTaskSuspend) refers to tasks.o(i.vTaskSwitchContext) for vTaskSwitchContext
    tasks.o(i.vTaskSuspend) refers to tasks.o(i.prvResetNextTaskUnblockTime) for prvResetNextTaskUnblockTime
    tasks.o(i.vTaskSuspend) refers to tasks.o(.data) for .data
    tasks.o(i.vTaskSuspend) refers to tasks.o(.bss) for .bss
    tasks.o(i.vTaskSuspendAll) refers to tasks.o(.data) for .data
    tasks.o(i.vTaskSwitchContext) refers to freertos_demo.o(i.vApplicationStackOverflowHook) for vApplicationStackOverflowHook
    tasks.o(i.vTaskSwitchContext) refers to tasks.o(.data) for .data
    tasks.o(i.vTaskSwitchContext) refers to tasks.o(.bss) for .bss
    tasks.o(i.xTaskCheckForTimeOut) refers to port.o(i.vPortEnterCritical) for vPortEnterCritical
    tasks.o(i.xTaskCheckForTimeOut) refers to tasks.o(i.vTaskSetTimeOutState) for vTaskSetTimeOutState
    tasks.o(i.xTaskCheckForTimeOut) refers to port.o(i.vPortExitCritical) for vPortExitCritical
    tasks.o(i.xTaskCheckForTimeOut) refers to tasks.o(.data) for .data
    tasks.o(i.xTaskGenericCreate) refers to heap_2.o(i.pvPortMalloc) for pvPortMalloc
    tasks.o(i.xTaskGenericCreate) refers to memseta.o(.text) for __aeabi_memset
    tasks.o(i.xTaskGenericCreate) refers to heap_2.o(i.vPortFree) for vPortFree
    tasks.o(i.xTaskGenericCreate) refers to list.o(i.vListInitialiseItem) for vListInitialiseItem
    tasks.o(i.xTaskGenericCreate) refers to port.o(i.pxPortInitialiseStack) for pxPortInitialiseStack
    tasks.o(i.xTaskGenericCreate) refers to port.o(i.vPortEnterCritical) for vPortEnterCritical
    tasks.o(i.xTaskGenericCreate) refers to list.o(i.vListInitialise) for vListInitialise
    tasks.o(i.xTaskGenericCreate) refers to list.o(i.vListInsertEnd) for vListInsertEnd
    tasks.o(i.xTaskGenericCreate) refers to port.o(i.vPortExitCritical) for vPortExitCritical
    tasks.o(i.xTaskGenericCreate) refers to tasks.o(.data) for .data
    tasks.o(i.xTaskGenericCreate) refers to tasks.o(.bss) for .bss
    tasks.o(i.xTaskGenericNotify) refers to port.o(i.vPortEnterCritical) for vPortEnterCritical
    tasks.o(i.xTaskGenericNotify) refers to list.o(i.uxListRemove) for uxListRemove
    tasks.o(i.xTaskGenericNotify) refers to list.o(i.vListInsertEnd) for vListInsertEnd
    tasks.o(i.xTaskGenericNotify) refers to port.o(i.vPortExitCritical) for vPortExitCritical
    tasks.o(i.xTaskGenericNotify) refers to tasks.o(.data) for .data
    tasks.o(i.xTaskGenericNotify) refers to tasks.o(.bss) for .bss
    tasks.o(i.xTaskGenericNotifyFromISR) refers to list.o(i.vListInsertEnd) for vListInsertEnd
    tasks.o(i.xTaskGenericNotifyFromISR) refers to list.o(i.uxListRemove) for uxListRemove
    tasks.o(i.xTaskGenericNotifyFromISR) refers to tasks.o(.data) for .data
    tasks.o(i.xTaskGenericNotifyFromISR) refers to tasks.o(.bss) for .bss
    tasks.o(i.xTaskGetCurrentTaskHandle) refers to tasks.o(.data) for .data
    tasks.o(i.xTaskGetTickCount) refers to tasks.o(.data) for .data
    tasks.o(i.xTaskGetTickCountFromISR) refers to tasks.o(.data) for .data
    tasks.o(i.xTaskIncrementTick) refers to tasks.o(i.prvResetNextTaskUnblockTime) for prvResetNextTaskUnblockTime
    tasks.o(i.xTaskIncrementTick) refers to list.o(i.uxListRemove) for uxListRemove
    tasks.o(i.xTaskIncrementTick) refers to list.o(i.vListInsertEnd) for vListInsertEnd
    tasks.o(i.xTaskIncrementTick) refers to tasks.o(.data) for .data
    tasks.o(i.xTaskIncrementTick) refers to tasks.o(.bss) for .bss
    tasks.o(i.xTaskNotifyStateClear) refers to port.o(i.vPortEnterCritical) for vPortEnterCritical
    tasks.o(i.xTaskNotifyStateClear) refers to port.o(i.vPortExitCritical) for vPortExitCritical
    tasks.o(i.xTaskNotifyStateClear) refers to tasks.o(.data) for .data
    tasks.o(i.xTaskNotifyWait) refers to port.o(i.vPortEnterCritical) for vPortEnterCritical
    tasks.o(i.xTaskNotifyWait) refers to list.o(i.uxListRemove) for uxListRemove
    tasks.o(i.xTaskNotifyWait) refers to tasks.o(i.prvAddCurrentTaskToDelayedList) for prvAddCurrentTaskToDelayedList
    tasks.o(i.xTaskNotifyWait) refers to port.o(i.vPortExitCritical) for vPortExitCritical
    tasks.o(i.xTaskNotifyWait) refers to list.o(i.vListInsertEnd) for vListInsertEnd
    tasks.o(i.xTaskNotifyWait) refers to tasks.o(.data) for .data
    tasks.o(i.xTaskNotifyWait) refers to tasks.o(.bss) for .bss
    tasks.o(i.xTaskPriorityDisinherit) refers to list.o(i.uxListRemove) for uxListRemove
    tasks.o(i.xTaskPriorityDisinherit) refers to list.o(i.vListInsertEnd) for vListInsertEnd
    tasks.o(i.xTaskPriorityDisinherit) refers to tasks.o(.bss) for .bss
    tasks.o(i.xTaskPriorityDisinherit) refers to tasks.o(.data) for .data
    tasks.o(i.xTaskRemoveFromEventList) refers to list.o(i.uxListRemove) for uxListRemove
    tasks.o(i.xTaskRemoveFromEventList) refers to list.o(i.vListInsertEnd) for vListInsertEnd
    tasks.o(i.xTaskRemoveFromEventList) refers to tasks.o(.data) for .data
    tasks.o(i.xTaskRemoveFromEventList) refers to tasks.o(.bss) for .bss
    tasks.o(i.xTaskRemoveFromUnorderedEventList) refers to list.o(i.uxListRemove) for uxListRemove
    tasks.o(i.xTaskRemoveFromUnorderedEventList) refers to list.o(i.vListInsertEnd) for vListInsertEnd
    tasks.o(i.xTaskRemoveFromUnorderedEventList) refers to tasks.o(.data) for .data
    tasks.o(i.xTaskRemoveFromUnorderedEventList) refers to tasks.o(.bss) for .bss
    tasks.o(i.xTaskResumeAll) refers to port.o(i.vPortEnterCritical) for vPortEnterCritical
    tasks.o(i.xTaskResumeAll) refers to list.o(i.uxListRemove) for uxListRemove
    tasks.o(i.xTaskResumeAll) refers to list.o(i.vListInsertEnd) for vListInsertEnd
    tasks.o(i.xTaskResumeAll) refers to tasks.o(i.xTaskIncrementTick) for xTaskIncrementTick
    tasks.o(i.xTaskResumeAll) refers to port.o(i.vPortExitCritical) for vPortExitCritical
    tasks.o(i.xTaskResumeAll) refers to tasks.o(.data) for .data
    tasks.o(i.xTaskResumeAll) refers to tasks.o(.bss) for .bss
    tasks.o(i.xTaskResumeFromISR) refers to tasks.o(i.prvTaskIsTaskSuspended) for prvTaskIsTaskSuspended
    tasks.o(i.xTaskResumeFromISR) refers to list.o(i.uxListRemove) for uxListRemove
    tasks.o(i.xTaskResumeFromISR) refers to list.o(i.vListInsertEnd) for vListInsertEnd
    tasks.o(i.xTaskResumeFromISR) refers to tasks.o(.data) for .data
    tasks.o(i.xTaskResumeFromISR) refers to tasks.o(.bss) for .bss
    uartstdio.o(i.UARTStdioConfig) refers to uartstdio.o(.constdata) for .constdata
    uartstdio.o(i.UARTStdioConfig) refers to uartstdio.o(.data) for .data
    uartstdio.o(i.UARTgetc) refers to uartstdio.o(.data) for .data
    uartstdio.o(i.UARTgets) refers to uartstdio.o(i.UARTwrite) for UARTwrite
    uartstdio.o(i.UARTgets) refers to uartstdio.o(.data) for .data
    uartstdio.o(i.UARTprintf) refers to uartstdio.o(i.UARTvprintf) for UARTvprintf
    uartstdio.o(i.UARTvprintf) refers to uartstdio.o(i.UARTwrite) for UARTwrite
    uartstdio.o(i.UARTvprintf) refers to uartstdio.o(.constdata) for .constdata
    uartstdio.o(i.UARTwrite) refers to uartstdio.o(.data) for .data
    uartstdio.o(.constdata) refers to uartstdio.o(.conststring) for .conststring
    ustdlib.o(i.ulocaltime) refers to ustdlib.o(.constdata) for .constdata
    ustdlib.o(i.umktime) refers to ustdlib.o(i.ulocaltime) for ulocaltime
    ustdlib.o(i.umktime) refers to ustdlib.o(i.ucmptime) for ucmptime
    ustdlib.o(i.urand) refers to ustdlib.o(.data) for .data
    ustdlib.o(i.usnprintf) refers to ustdlib.o(i.uvsnprintf) for uvsnprintf
    ustdlib.o(i.usprintf) refers to ustdlib.o(i.uvsnprintf) for uvsnprintf
    ustdlib.o(i.usrand) refers to ustdlib.o(.data) for .data
    ustdlib.o(i.ustrcasecmp) refers to ustdlib.o(i.ustrncasecmp) for ustrncasecmp
    ustdlib.o(i.ustrcmp) refers to ustdlib.o(i.ustrncmp) for ustrncmp
    ustdlib.o(i.ustrstr) refers to ustdlib.o(i.ustrlen) for ustrlen
    ustdlib.o(i.ustrstr) refers to ustdlib.o(i.ustrncmp) for ustrncmp
    ustdlib.o(i.ustrtof) refers to ustdlib.o(.constdata) for .constdata
    ustdlib.o(i.uvsnprintf) refers to ustdlib.o(i.ustrncpy) for ustrncpy
    ustdlib.o(i.uvsnprintf) refers to ustdlib.o(.constdata) for .constdata
    ustdlib.o(.constdata) refers to ustdlib.o(.conststring) for .conststring
    gpio.o(i.GPIOIntRegister) refers to gpio.o(i._GPIOIntNumberGet) for _GPIOIntNumberGet
    gpio.o(i.GPIOIntRegister) refers to interrupt.o(i.IntRegister) for IntRegister
    gpio.o(i.GPIOIntRegister) refers to interrupt.o(i.IntEnable) for IntEnable
    gpio.o(i.GPIOIntRegisterPin) refers to gpio.o(i._GPIOIntNumberGet) for _GPIOIntNumberGet
    gpio.o(i.GPIOIntRegisterPin) refers to interrupt.o(i.IntRegister) for IntRegister
    gpio.o(i.GPIOIntRegisterPin) refers to interrupt.o(i.IntEnable) for IntEnable
    gpio.o(i.GPIOIntUnregister) refers to gpio.o(i._GPIOIntNumberGet) for _GPIOIntNumberGet
    gpio.o(i.GPIOIntUnregister) refers to interrupt.o(i.IntDisable) for IntDisable
    gpio.o(i.GPIOIntUnregister) refers to interrupt.o(i.IntUnregister) for IntUnregister
    gpio.o(i.GPIOIntUnregisterPin) refers to gpio.o(i._GPIOIntNumberGet) for _GPIOIntNumberGet
    gpio.o(i.GPIOIntUnregisterPin) refers to interrupt.o(i.IntDisable) for IntDisable
    gpio.o(i.GPIOIntUnregisterPin) refers to interrupt.o(i.IntUnregister) for IntUnregister
    gpio.o(i.GPIOPinConfigure) refers to gpio.o(.constdata) for .constdata
    gpio.o(i.GPIOPinTypeADC) refers to gpio.o(i.GPIODirModeSet) for GPIODirModeSet
    gpio.o(i.GPIOPinTypeADC) refers to gpio.o(i.GPIOPadConfigSet) for GPIOPadConfigSet
    gpio.o(i.GPIOPinTypeCAN) refers to gpio.o(i.GPIODirModeSet) for GPIODirModeSet
    gpio.o(i.GPIOPinTypeCAN) refers to gpio.o(i.GPIOPadConfigSet) for GPIOPadConfigSet
    gpio.o(i.GPIOPinTypeComparator) refers to gpio.o(i.GPIODirModeSet) for GPIODirModeSet
    gpio.o(i.GPIOPinTypeComparator) refers to gpio.o(i.GPIOPadConfigSet) for GPIOPadConfigSet
    gpio.o(i.GPIOPinTypeComparatorOutput) refers to gpio.o(i.GPIODirModeSet) for GPIODirModeSet
    gpio.o(i.GPIOPinTypeComparatorOutput) refers to gpio.o(i.GPIOPadConfigSet) for GPIOPadConfigSet
    gpio.o(i.GPIOPinTypeDIVSCLK) refers to gpio.o(i.GPIODirModeSet) for GPIODirModeSet
    gpio.o(i.GPIOPinTypeDIVSCLK) refers to gpio.o(i.GPIOPadConfigSet) for GPIOPadConfigSet
    gpio.o(i.GPIOPinTypeEPI) refers to gpio.o(i.GPIODirModeSet) for GPIODirModeSet
    gpio.o(i.GPIOPinTypeEPI) refers to gpio.o(i.GPIOPadConfigSet) for GPIOPadConfigSet
    gpio.o(i.GPIOPinTypeEthernetLED) refers to gpio.o(i.GPIODirModeSet) for GPIODirModeSet
    gpio.o(i.GPIOPinTypeEthernetLED) refers to gpio.o(i.GPIOPadConfigSet) for GPIOPadConfigSet
    gpio.o(i.GPIOPinTypeEthernetMII) refers to gpio.o(i.GPIODirModeSet) for GPIODirModeSet
    gpio.o(i.GPIOPinTypeEthernetMII) refers to gpio.o(i.GPIOPadConfigSet) for GPIOPadConfigSet
    gpio.o(i.GPIOPinTypeGPIOInput) refers to gpio.o(i.GPIODirModeSet) for GPIODirModeSet
    gpio.o(i.GPIOPinTypeGPIOInput) refers to gpio.o(i.GPIOPadConfigSet) for GPIOPadConfigSet
    gpio.o(i.GPIOPinTypeGPIOOutput) refers to gpio.o(i.GPIOPadConfigSet) for GPIOPadConfigSet
    gpio.o(i.GPIOPinTypeGPIOOutput) refers to gpio.o(i.GPIODirModeSet) for GPIODirModeSet
    gpio.o(i.GPIOPinTypeGPIOOutputOD) refers to gpio.o(i.GPIOPadConfigSet) for GPIOPadConfigSet
    gpio.o(i.GPIOPinTypeGPIOOutputOD) refers to gpio.o(i.GPIODirModeSet) for GPIODirModeSet
    gpio.o(i.GPIOPinTypeHibernateRTCCLK) refers to gpio.o(i.GPIODirModeSet) for GPIODirModeSet
    gpio.o(i.GPIOPinTypeHibernateRTCCLK) refers to gpio.o(i.GPIOPadConfigSet) for GPIOPadConfigSet
    gpio.o(i.GPIOPinTypeI2C) refers to gpio.o(i.GPIODirModeSet) for GPIODirModeSet
    gpio.o(i.GPIOPinTypeI2C) refers to gpio.o(i.GPIOPadConfigSet) for GPIOPadConfigSet
    gpio.o(i.GPIOPinTypeI2CSCL) refers to gpio.o(i.GPIODirModeSet) for GPIODirModeSet
    gpio.o(i.GPIOPinTypeI2CSCL) refers to gpio.o(i.GPIOPadConfigSet) for GPIOPadConfigSet
    gpio.o(i.GPIOPinTypeLCD) refers to gpio.o(i.GPIODirModeSet) for GPIODirModeSet
    gpio.o(i.GPIOPinTypeLCD) refers to gpio.o(i.GPIOPadConfigSet) for GPIOPadConfigSet
    gpio.o(i.GPIOPinTypeOneWire) refers to gpio.o(i.GPIODirModeSet) for GPIODirModeSet
    gpio.o(i.GPIOPinTypeOneWire) refers to gpio.o(i.GPIOPadConfigSet) for GPIOPadConfigSet
    gpio.o(i.GPIOPinTypePWM) refers to gpio.o(i.GPIODirModeSet) for GPIODirModeSet
    gpio.o(i.GPIOPinTypePWM) refers to gpio.o(i.GPIOPadConfigSet) for GPIOPadConfigSet
    gpio.o(i.GPIOPinTypeQEI) refers to gpio.o(i.GPIODirModeSet) for GPIODirModeSet
    gpio.o(i.GPIOPinTypeQEI) refers to gpio.o(i.GPIOPadConfigSet) for GPIOPadConfigSet
    gpio.o(i.GPIOPinTypeSSI) refers to gpio.o(i.GPIODirModeSet) for GPIODirModeSet
    gpio.o(i.GPIOPinTypeSSI) refers to gpio.o(i.GPIOPadConfigSet) for GPIOPadConfigSet
    gpio.o(i.GPIOPinTypeTimer) refers to gpio.o(i.GPIODirModeSet) for GPIODirModeSet
    gpio.o(i.GPIOPinTypeTimer) refers to gpio.o(i.GPIOPadConfigSet) for GPIOPadConfigSet
    gpio.o(i.GPIOPinTypeTrace) refers to gpio.o(i.GPIODirModeSet) for GPIODirModeSet
    gpio.o(i.GPIOPinTypeTrace) refers to gpio.o(i.GPIOPadConfigSet) for GPIOPadConfigSet
    gpio.o(i.GPIOPinTypeUART) refers to gpio.o(i.GPIODirModeSet) for GPIODirModeSet
    gpio.o(i.GPIOPinTypeUART) refers to gpio.o(i.GPIOPadConfigSet) for GPIOPadConfigSet
    gpio.o(i.GPIOPinTypeUSBAnalog) refers to gpio.o(i.GPIODirModeSet) for GPIODirModeSet
    gpio.o(i.GPIOPinTypeUSBAnalog) refers to gpio.o(i.GPIOPadConfigSet) for GPIOPadConfigSet
    gpio.o(i.GPIOPinTypeUSBDigital) refers to gpio.o(i.GPIODirModeSet) for GPIODirModeSet
    gpio.o(i.GPIOPinTypeUSBDigital) refers to gpio.o(i.GPIOPadConfigSet) for GPIOPadConfigSet
    gpio.o(i.GPIOPinTypeWakeHigh) refers to gpio.o(i.GPIODirModeSet) for GPIODirModeSet
    gpio.o(i.GPIOPinTypeWakeHigh) refers to gpio.o(i.GPIOPadConfigSet) for GPIOPadConfigSet
    gpio.o(i.GPIOPinTypeWakeLow) refers to gpio.o(i.GPIODirModeSet) for GPIODirModeSet
    gpio.o(i.GPIOPinTypeWakeLow) refers to gpio.o(i.GPIOPadConfigSet) for GPIOPadConfigSet
    gpio.o(i._GPIOIntNumberGet) refers to gpio.o(.constdata) for .constdata
    sysctl.o(i.SysCtlClockFreqSet) refers to sysctl.o(.constdata) for .constdata
    sysctl.o(i.SysCtlClockGet) refers to sysctl.o(.constdata) for .constdata
    sysctl.o(i.SysCtlClockSet) refers to sysctl.o(.emb_text) for SysCtlDelay
    sysctl.o(i.SysCtlDeepSleep) refers to cpu.o(.emb_text) for CPUwfi
    sysctl.o(i.SysCtlIntRegister) refers to interrupt.o(i.IntRegister) for IntRegister
    sysctl.o(i.SysCtlIntRegister) refers to interrupt.o(i.IntEnable) for IntEnable
    sysctl.o(i.SysCtlIntUnregister) refers to interrupt.o(i.IntDisable) for IntDisable
    sysctl.o(i.SysCtlIntUnregister) refers to interrupt.o(i.IntUnregister) for IntUnregister
    sysctl.o(i.SysCtlSleep) refers to cpu.o(.emb_text) for CPUwfi
    sysctl.o(i.SysCtlVCOGet) refers to sysctl.o(.constdata) for .constdata
    uart.o(i.UARTIntRegister) refers to interrupt.o(i.IntRegister) for IntRegister
    uart.o(i.UARTIntRegister) refers to interrupt.o(i.IntEnable) for IntEnable
    uart.o(i.UARTIntRegister) refers to uart.o(.constdata) for .constdata
    uart.o(i.UARTIntUnregister) refers to interrupt.o(i.IntDisable) for IntDisable
    uart.o(i.UARTIntUnregister) refers to interrupt.o(i.IntUnregister) for IntUnregister
    uart.o(i.UARTIntUnregister) refers to uart.o(.constdata) for .constdata
    interrupt.o(i.IntDisable) refers to interrupt.o(.constdata) for .constdata
    interrupt.o(i.IntEnable) refers to interrupt.o(.constdata) for .constdata
    interrupt.o(i.IntIsEnabled) refers to interrupt.o(.constdata) for .constdata
    interrupt.o(i.IntMasterDisable) refers to cpu.o(.emb_text) for CPUcpsid
    interrupt.o(i.IntMasterEnable) refers to cpu.o(.emb_text) for CPUcpsie
    interrupt.o(i.IntPendClear) refers to interrupt.o(.constdata) for .constdata
    interrupt.o(i.IntPendSet) refers to interrupt.o(.constdata) for .constdata
    interrupt.o(i.IntPriorityGet) refers to interrupt.o(.constdata) for .constdata
    interrupt.o(i.IntPriorityGroupingGet) refers to interrupt.o(.constdata) for .constdata
    interrupt.o(i.IntPriorityGroupingSet) refers to interrupt.o(.constdata) for .constdata
    interrupt.o(i.IntPriorityMaskGet) refers to cpu.o(.emb_text) for CPUbasepriGet
    interrupt.o(i.IntPriorityMaskSet) refers to cpu.o(.emb_text) for CPUbasepriSet
    interrupt.o(i.IntPrioritySet) refers to interrupt.o(.constdata) for .constdata
    interrupt.o(i.IntRegister) refers to interrupt.o(vtable) for vtable
    interrupt.o(i.IntUnregister) refers to interrupt.o(i._IntDefaultHandler) for _IntDefaultHandler
    interrupt.o(i.IntUnregister) refers to interrupt.o(vtable) for vtable
    entry.o(.ARM.Collect$$$$00000000) refers (Special) to entry10a.o(.ARM.Collect$$$$0000000D) for __rt_final_cpp
    entry.o(.ARM.Collect$$$$00000000) refers (Special) to entry11a.o(.ARM.Collect$$$$0000000F) for __rt_final_exit
    entry.o(.ARM.Collect$$$$00000000) refers (Special) to entry7b.o(.ARM.Collect$$$$00000008) for _main_clock
    entry.o(.ARM.Collect$$$$00000000) refers (Special) to entry8b.o(.ARM.Collect$$$$0000000A) for _main_cpp_init
    entry.o(.ARM.Collect$$$$00000000) refers (Special) to entry9a.o(.ARM.Collect$$$$0000000B) for _main_init
    entry.o(.ARM.Collect$$$$00000000) refers (Special) to entry5.o(.ARM.Collect$$$$00000004) for _main_scatterload
    entry.o(.ARM.Collect$$$$00000000) refers (Special) to entry2.o(.ARM.Collect$$$$00000001) for _main_stk
    ffixul.o(.text) refers (Special) to iusefp.o(.text) for __I$use$fp
    ffixul.o(.text) refers to llshl.o(.text) for __aeabi_llsl
    entry2.o(.ARM.Collect$$$$00000001) refers to entry2.o(.ARM.Collect$$$$00002712) for __lit__00000000
    entry2.o(.ARM.Collect$$$$00002712) refers to startup_rvmdk.o(STACK) for __initial_sp
    entry2.o(__vectab_stack_and_reset_area) refers to startup_rvmdk.o(STACK) for __initial_sp
    entry2.o(__vectab_stack_and_reset_area) refers to entry.o(.ARM.Collect$$$$00000000) for __main
    entry5.o(.ARM.Collect$$$$00000004) refers to init.o(.text) for __scatterload
    entry9a.o(.ARM.Collect$$$$0000000B) refers to freertos_demo.o(i.main) for main
    entry9b.o(.ARM.Collect$$$$0000000C) refers to freertos_demo.o(i.main) for main
    init.o(.text) refers to entry5.o(.ARM.Collect$$$$00000004) for __main_after_scatterload


==============================================================================

Removing Unused input sections from the image.

    Removing buttons.o(i.ButtonsPoll), (88 bytes).
    Removing heap_2.o(i.vPortInitialiseBlocks), (2 bytes).
    Removing heap_2.o(i.xPortGetFreeHeapSize), (12 bytes).
    Removing port.o(i.vPortEndScheduler), (2 bytes).
    Removing queue.o(i.ucQueueGetQueueType), (6 bytes).
    Removing queue.o(i.uxQueueGetQueueNumber), (4 bytes).
    Removing queue.o(i.uxQueueMessagesWaiting), (18 bytes).
    Removing queue.o(i.uxQueueMessagesWaitingFromISR), (4 bytes).
    Removing queue.o(i.uxQueueSpacesAvailable), (22 bytes).
    Removing queue.o(i.vQueueAddToRegistry), (36 bytes).
    Removing queue.o(i.vQueueDelete), (18 bytes).
    Removing queue.o(i.vQueueSetQueueNumber), (4 bytes).
    Removing queue.o(i.vQueueUnregisterQueue), (36 bytes).
    Removing queue.o(i.xQueueGenericSendFromISR), (96 bytes).
    Removing queue.o(i.xQueueGiveMutexRecursive), (42 bytes).
    Removing queue.o(i.xQueueIsQueueEmptyFromISR), (12 bytes).
    Removing queue.o(i.xQueueIsQueueFullFromISR), (16 bytes).
    Removing queue.o(i.xQueuePeekFromISR), (44 bytes).
    Removing queue.o(i.xQueueReceiveFromISR), (88 bytes).
    Removing queue.o(i.xQueueTakeMutexRecursive), (50 bytes).
    Removing queue.o(.bss), (80 bytes).
    Removing rgb.o(i.RGBBlinkIntHandler), (56 bytes).
    Removing rgb.o(i.RGBBlinkRateSet), (120 bytes).
    Removing rgb.o(i.RGBColorGet), (24 bytes).
    Removing rgb.o(i.RGBSet), (30 bytes).
    Removing startup_rvmdk.o(HEAP), (0 bytes).
    Removing startup_rvmdk.o(.text), (0 bytes).
    Removing tasks.o(i.prvListTaskWithinSingleList), (126 bytes).
    Removing tasks.o(i.prvTaskCheckFreeStackSpace), (20 bytes).
    Removing tasks.o(i.prvTaskIsTaskSuspended), (32 bytes).
    Removing tasks.o(i.ulTaskNotifyTake), (156 bytes).
    Removing tasks.o(i.uxTaskGetNumberOfTasks), (12 bytes).
    Removing tasks.o(i.uxTaskGetStackHighWaterMark), (16 bytes).
    Removing tasks.o(i.uxTaskGetSystemState), (152 bytes).
    Removing tasks.o(i.uxTaskGetTaskNumber), (8 bytes).
    Removing tasks.o(i.uxTaskPriorityGet), (28 bytes).
    Removing tasks.o(i.uxTaskPriorityGetFromISR), (36 bytes).
    Removing tasks.o(i.uxTaskResetEventItemValue), (24 bytes).
    Removing tasks.o(i.vTaskDelay), (84 bytes).
    Removing tasks.o(i.vTaskDelete), (144 bytes).
    Removing tasks.o(i.vTaskEndScheduler), (28 bytes).
    Removing tasks.o(i.vTaskNotifyGiveFromISR), (132 bytes).
    Removing tasks.o(i.vTaskPlaceOnUnorderedEventList), (88 bytes).
    Removing tasks.o(i.vTaskPrioritySet), (180 bytes).
    Removing tasks.o(i.vTaskResume), (112 bytes).
    Removing tasks.o(i.vTaskSetTaskNumber), (8 bytes).
    Removing tasks.o(i.vTaskSuspend), (160 bytes).
    Removing tasks.o(i.xTaskGenericNotify), (164 bytes).
    Removing tasks.o(i.xTaskGenericNotifyFromISR), (184 bytes).
    Removing tasks.o(i.xTaskGetCurrentTaskHandle), (12 bytes).
    Removing tasks.o(i.xTaskGetTickCountFromISR), (12 bytes).
    Removing tasks.o(i.xTaskNotifyStateClear), (48 bytes).
    Removing tasks.o(i.xTaskNotifyWait), (184 bytes).
    Removing tasks.o(i.xTaskRemoveFromUnorderedEventList), (80 bytes).
    Removing tasks.o(i.xTaskResumeFromISR), (120 bytes).
    Removing uartstdio.o(i.UARTgetc), (24 bytes).
    Removing uartstdio.o(i.UARTgets), (132 bytes).
    Removing ustdlib.o(i.ucmptime), (82 bytes).
    Removing ustdlib.o(i.ulocaltime), (168 bytes).
    Removing ustdlib.o(i.umktime), (58 bytes).
    Removing ustdlib.o(i.urand), (28 bytes).
    Removing ustdlib.o(i.usnprintf), (18 bytes).
    Removing ustdlib.o(i.usprintf), (22 bytes).
    Removing ustdlib.o(i.usrand), (12 bytes).
    Removing ustdlib.o(i.ustrcasecmp), (8 bytes).
    Removing ustdlib.o(i.ustrcmp), (8 bytes).
    Removing ustdlib.o(i.ustrlen), (16 bytes).
    Removing ustdlib.o(i.ustrncasecmp), (70 bytes).
    Removing ustdlib.o(i.ustrncmp), (46 bytes).
    Removing ustdlib.o(i.ustrncpy), (34 bytes).
    Removing ustdlib.o(i.ustrstr), (42 bytes).
    Removing ustdlib.o(i.ustrtof), (320 bytes).
    Removing ustdlib.o(i.ustrtoul), (154 bytes).
    Removing ustdlib.o(i.uvsnprintf), (592 bytes).
    Removing ustdlib.o(.constdata), (76 bytes).
    Removing ustdlib.o(.conststring), (17 bytes).
    Removing ustdlib.o(.data), (4 bytes).
    Removing gpio.o(i.GPIOADCTriggerDisable), (14 bytes).
    Removing gpio.o(i.GPIOADCTriggerEnable), (12 bytes).
    Removing gpio.o(i.GPIODMATriggerDisable), (14 bytes).
    Removing gpio.o(i.GPIODMATriggerEnable), (12 bytes).
    Removing gpio.o(i.GPIODirModeGet), (34 bytes).
    Removing gpio.o(i.GPIOIntRegisterPin), (30 bytes).
    Removing gpio.o(i.GPIOIntStatus), (14 bytes).
    Removing gpio.o(i.GPIOIntTypeGet), (68 bytes).
    Removing gpio.o(i.GPIOIntUnregister), (22 bytes).
    Removing gpio.o(i.GPIOIntUnregisterPin), (26 bytes).
    Removing gpio.o(i.GPIOPadConfigGet), (204 bytes).
    Removing gpio.o(i.GPIOPinConfigure), (68 bytes).
    Removing gpio.o(i.GPIOPinRead), (6 bytes).
    Removing gpio.o(i.GPIOPinTypeADC), (28 bytes).
    Removing gpio.o(i.GPIOPinTypeCAN), (28 bytes).
    Removing gpio.o(i.GPIOPinTypeComparator), (28 bytes).
    Removing gpio.o(i.GPIOPinTypeComparatorOutput), (28 bytes).
    Removing gpio.o(i.GPIOPinTypeDIVSCLK), (28 bytes).
    Removing gpio.o(i.GPIOPinTypeEPI), (28 bytes).
    Removing gpio.o(i.GPIOPinTypeEthernetLED), (28 bytes).
    Removing gpio.o(i.GPIOPinTypeEthernetMII), (28 bytes).
    Removing gpio.o(i.GPIOPinTypeGPIOInput), (28 bytes).
    Removing gpio.o(i.GPIOPinTypeGPIOOutputOD), (28 bytes).
    Removing gpio.o(i.GPIOPinTypeHibernateRTCCLK), (28 bytes).
    Removing gpio.o(i.GPIOPinTypeI2C), (28 bytes).
    Removing gpio.o(i.GPIOPinTypeI2CSCL), (28 bytes).
    Removing gpio.o(i.GPIOPinTypeLCD), (28 bytes).
    Removing gpio.o(i.GPIOPinTypeOneWire), (28 bytes).
    Removing gpio.o(i.GPIOPinTypePWM), (28 bytes).
    Removing gpio.o(i.GPIOPinTypeQEI), (28 bytes).
    Removing gpio.o(i.GPIOPinTypeSSI), (28 bytes).
    Removing gpio.o(i.GPIOPinTypeTimer), (28 bytes).
    Removing gpio.o(i.GPIOPinTypeTrace), (28 bytes).
    Removing gpio.o(i.GPIOPinTypeUART), (28 bytes).
    Removing gpio.o(i.GPIOPinTypeUSBAnalog), (28 bytes).
    Removing gpio.o(i.GPIOPinTypeUSBDigital), (28 bytes).
    Removing gpio.o(i.GPIOPinTypeWakeHigh), (30 bytes).
    Removing gpio.o(i.GPIOPinTypeWakeLow), (30 bytes).
    Removing gpio.o(i.GPIOPinWakeStatus), (6 bytes).
    Removing sysctl.o(.emb_text), (6 bytes).
    Removing sysctl.o(i.SysCtlAltClkConfig), (12 bytes).
    Removing sysctl.o(i.SysCtlClockFreqSet), (740 bytes).
    Removing sysctl.o(i.SysCtlClockGet), (340 bytes).
    Removing sysctl.o(i.SysCtlClockOutConfig), (20 bytes).
    Removing sysctl.o(i.SysCtlClockSet), (288 bytes).
    Removing sysctl.o(i.SysCtlDeepSleep), (32 bytes).
    Removing sysctl.o(i.SysCtlDeepSleepClockConfigSet), (112 bytes).
    Removing sysctl.o(i.SysCtlDeepSleepClockSet), (12 bytes).
    Removing sysctl.o(i.SysCtlDeepSleepPowerSet), (12 bytes).
    Removing sysctl.o(i.SysCtlFlashSectorSizeGet), (56 bytes).
    Removing sysctl.o(i.SysCtlFlashSizeGet), (56 bytes).
    Removing sysctl.o(i.SysCtlGPIOAHBDisable), (28 bytes).
    Removing sysctl.o(i.SysCtlGPIOAHBEnable), (24 bytes).
    Removing sysctl.o(i.SysCtlIntClear), (12 bytes).
    Removing sysctl.o(i.SysCtlIntDisable), (16 bytes).
    Removing sysctl.o(i.SysCtlIntEnable), (16 bytes).
    Removing sysctl.o(i.SysCtlIntRegister), (20 bytes).
    Removing sysctl.o(i.SysCtlIntStatus), (16 bytes).
    Removing sysctl.o(i.SysCtlIntUnregister), (18 bytes).
    Removing sysctl.o(i.SysCtlLDODeepSleepGet), (12 bytes).
    Removing sysctl.o(i.SysCtlLDODeepSleepSet), (12 bytes).
    Removing sysctl.o(i.SysCtlLDOSleepGet), (12 bytes).
    Removing sysctl.o(i.SysCtlLDOSleepSet), (12 bytes).
    Removing sysctl.o(i.SysCtlMOSCConfigSet), (12 bytes).
    Removing sysctl.o(i.SysCtlNMIClear), (16 bytes).
    Removing sysctl.o(i.SysCtlNMIStatus), (12 bytes).
    Removing sysctl.o(i.SysCtlPIOSCCalibrate), (76 bytes).
    Removing sysctl.o(i.SysCtlPWMClockGet), (24 bytes).
    Removing sysctl.o(i.SysCtlPWMClockSet), (20 bytes).
    Removing sysctl.o(i.SysCtlPeripheralClockGating), (68 bytes).
    Removing sysctl.o(i.SysCtlPeripheralDeepSleepDisable), (40 bytes).
    Removing sysctl.o(i.SysCtlPeripheralDeepSleepEnable), (40 bytes).
    Removing sysctl.o(i.SysCtlPeripheralDisable), (40 bytes).
    Removing sysctl.o(i.SysCtlPeripheralEnable), (40 bytes).
    Removing sysctl.o(i.SysCtlPeripheralPowerOff), (40 bytes).
    Removing sysctl.o(i.SysCtlPeripheralPowerOn), (40 bytes).
    Removing sysctl.o(i.SysCtlPeripheralPresent), (44 bytes).
    Removing sysctl.o(i.SysCtlPeripheralReady), (44 bytes).
    Removing sysctl.o(i.SysCtlPeripheralReset), (60 bytes).
    Removing sysctl.o(i.SysCtlPeripheralSleepDisable), (40 bytes).
    Removing sysctl.o(i.SysCtlPeripheralSleepEnable), (40 bytes).
    Removing sysctl.o(i.SysCtlReset), (16 bytes).
    Removing sysctl.o(i.SysCtlResetBehaviorGet), (12 bytes).
    Removing sysctl.o(i.SysCtlResetBehaviorSet), (12 bytes).
    Removing sysctl.o(i.SysCtlResetCauseClear), (16 bytes).
    Removing sysctl.o(i.SysCtlResetCauseGet), (12 bytes).
    Removing sysctl.o(i.SysCtlSRAMSizeGet), (16 bytes).
    Removing sysctl.o(i.SysCtlSleep), (4 bytes).
    Removing sysctl.o(i.SysCtlSleepPowerSet), (12 bytes).
    Removing sysctl.o(i.SysCtlUSBPLLDisable), (16 bytes).
    Removing sysctl.o(i.SysCtlUSBPLLEnable), (16 bytes).
    Removing sysctl.o(i.SysCtlVCOGet), (120 bytes).
    Removing sysctl.o(i.SysCtlVoltageEventClear), (16 bytes).
    Removing sysctl.o(i.SysCtlVoltageEventConfig), (12 bytes).
    Removing sysctl.o(i.SysCtlVoltageEventStatus), (12 bytes).
    Removing sysctl.o(.constdata), (596 bytes).
    Removing uart.o(i.UART9BitAddrSend), (38 bytes).
    Removing uart.o(i.UART9BitAddrSet), (10 bytes).
    Removing uart.o(i.UART9BitDisable), (14 bytes).
    Removing uart.o(i.UART9BitEnable), (14 bytes).
    Removing uart.o(i.UARTBreakCtl), (18 bytes).
    Removing uart.o(i.UARTBusy), (8 bytes).
    Removing uart.o(i.UARTCharGet), (12 bytes).
    Removing uart.o(i.UARTCharGetNonBlocking), (16 bytes).
    Removing uart.o(i.UARTCharPut), (12 bytes).
    Removing uart.o(i.UARTCharPutNonBlocking), (16 bytes).
    Removing uart.o(i.UARTCharsAvail), (10 bytes).
    Removing uart.o(i.UARTClockSourceGet), (6 bytes).
    Removing uart.o(i.UARTConfigGetExpClk), (46 bytes).
    Removing uart.o(i.UARTConfigSetExpClk), (110 bytes).
    Removing uart.o(i.UARTDMADisable), (10 bytes).
    Removing uart.o(i.UARTDMAEnable), (8 bytes).
    Removing uart.o(i.UARTDisable), (30 bytes).
    Removing uart.o(i.UARTDisableSIR), (10 bytes).
    Removing uart.o(i.UARTEnable), (20 bytes).
    Removing uart.o(i.UARTEnableSIR), (18 bytes).
    Removing uart.o(i.UARTFIFODisable), (10 bytes).
    Removing uart.o(i.UARTFIFOEnable), (10 bytes).
    Removing uart.o(i.UARTFIFOLevelGet), (16 bytes).
    Removing uart.o(i.UARTFIFOLevelSet), (6 bytes).
    Removing uart.o(i.UARTFlowControlGet), (8 bytes).
    Removing uart.o(i.UARTFlowControlSet), (12 bytes).
    Removing uart.o(i.UARTIntClear), (4 bytes).
    Removing uart.o(i.UARTIntDisable), (10 bytes).
    Removing uart.o(i.UARTIntEnable), (8 bytes).
    Removing uart.o(i.UARTIntRegister), (88 bytes).
    Removing uart.o(i.UARTIntStatus), (10 bytes).
    Removing uart.o(i.UARTIntUnregister), (88 bytes).
    Removing uart.o(i.UARTLoopbackEnable), (10 bytes).
    Removing uart.o(i.UARTModemControlClear), (14 bytes).
    Removing uart.o(i.UARTModemControlGet), (8 bytes).
    Removing uart.o(i.UARTModemControlSet), (12 bytes).
    Removing uart.o(i.UARTModemStatusGet), (10 bytes).
    Removing uart.o(i.UARTParityModeGet), (8 bytes).
    Removing uart.o(i.UARTParityModeSet), (12 bytes).
    Removing uart.o(i.UARTRxErrorClear), (6 bytes).
    Removing uart.o(i.UARTRxErrorGet), (8 bytes).
    Removing uart.o(i.UARTSmartCardDisable), (10 bytes).
    Removing uart.o(i.UARTSmartCardEnable), (22 bytes).
    Removing uart.o(i.UARTSpaceAvail), (10 bytes).
    Removing uart.o(i.UARTTxIntModeGet), (8 bytes).
    Removing uart.o(i.UARTTxIntModeSet), (12 bytes).
    Removing uart.o(.constdata), (128 bytes).
    Removing cpu.o(.emb_text), (38 bytes).
    Removing interrupt.o(i.IntDisable), (100 bytes).
    Removing interrupt.o(i.IntIsEnabled), (96 bytes).
    Removing interrupt.o(i.IntMasterDisable), (14 bytes).
    Removing interrupt.o(i.IntMasterEnable), (14 bytes).
    Removing interrupt.o(i.IntPendClear), (68 bytes).
    Removing interrupt.o(i.IntPendSet), (84 bytes).
    Removing interrupt.o(i.IntPriorityGet), (28 bytes).
    Removing interrupt.o(i.IntPriorityGroupingGet), (36 bytes).
    Removing interrupt.o(i.IntPriorityGroupingSet), (28 bytes).
    Removing interrupt.o(i.IntPriorityMaskGet), (4 bytes).
    Removing interrupt.o(i.IntPriorityMaskSet), (4 bytes).
    Removing interrupt.o(i.IntPrioritySet), (40 bytes).
    Removing interrupt.o(i.IntTrigger), (12 bytes).
    Removing interrupt.o(i.IntUnregister), (20 bytes).
    Removing interrupt.o(i._IntDefaultHandler), (2 bytes).
    Removing ffixul.o(.text), (44 bytes).

237 unused section(s) (total 11499 bytes) removed from the image.

==============================================================================

Image Symbol Table

    Local Symbols

    Symbol Name                              Value     Ov Type        Size  Object(Section)

    RESET                                    0x00000000   Section      648  startup_rvmdk.o(RESET)
    ../clib/../cmprslib/zerorunl.c           0x00000000   Number         0  __dczerorl.o ABSOLUTE
    ../clib/microlib/init/entry.s            0x00000000   Number         0  entry11a.o ABSOLUTE
    ../clib/microlib/init/entry.s            0x00000000   Number         0  entry2.o ABSOLUTE
    ../clib/microlib/init/entry.s            0x00000000   Number         0  entry8a.o ABSOLUTE
    ../clib/microlib/init/entry.s            0x00000000   Number         0  entry10b.o ABSOLUTE
    ../clib/microlib/init/entry.s            0x00000000   Number         0  entry7b.o ABSOLUTE
    ../clib/microlib/init/entry.s            0x00000000   Number         0  entry10a.o ABSOLUTE
    ../clib/microlib/init/entry.s            0x00000000   Number         0  entry9b.o ABSOLUTE
    ../clib/microlib/init/entry.s            0x00000000   Number         0  entry8b.o ABSOLUTE
    ../clib/microlib/init/entry.s            0x00000000   Number         0  entry9a.o ABSOLUTE
    ../clib/microlib/init/entry.s            0x00000000   Number         0  entry7a.o ABSOLUTE
    ../clib/microlib/init/entry.s            0x00000000   Number         0  entry.o ABSOLUTE
    ../clib/microlib/init/entry.s            0x00000000   Number         0  entry5.o ABSOLUTE
    ../clib/microlib/init/entry.s            0x00000000   Number         0  entry11b.o ABSOLUTE
    ../clib/microlib/longlong.c              0x00000000   Number         0  llshl.o ABSOLUTE
    ../clib/microlib/string/memcpy.c         0x00000000   Number         0  memcpya.o ABSOLUTE
    ../clib/microlib/string/memcpy.c         0x00000000   Number         0  memcpyb.o ABSOLUTE
    ../clib/microlib/string/memset.c         0x00000000   Number         0  memseta.o ABSOLUTE
    ../clib/microlib/stubs.s                 0x00000000   Number         0  iusefp.o ABSOLUTE
    ../fplib/microlib/fpfix.c                0x00000000   Number         0  ffixul.o ABSOLUTE
    ..\..\..\..\third_party\FreeRTOS\Source\list.c 0x00000000   Number         0  list.o ABSOLUTE
    ..\..\..\..\third_party\FreeRTOS\Source\portable\MemMang\heap_2.c 0x00000000   Number         0  heap_2.o ABSOLUTE
    ..\..\..\..\third_party\FreeRTOS\Source\portable\RVDS\ARM_CM4F\port.c 0x00000000   Number         0  port.o ABSOLUTE
    ..\..\..\..\third_party\FreeRTOS\Source\queue.c 0x00000000   Number         0  queue.o ABSOLUTE
    ..\..\..\..\third_party\FreeRTOS\Source\tasks.c 0x00000000   Number         0  tasks.o ABSOLUTE
    ..\..\..\..\utils\uartstdio.c            0x00000000   Number         0  uartstdio.o ABSOLUTE
    ..\..\..\..\utils\ustdlib.c              0x00000000   Number         0  ustdlib.o ABSOLUTE
    ..\\..\\..\\..\\third_party\\FreeRTOS\\Source\\portable\\RVDS\\ARM_CM4F\\port.c 0x00000000   Number         0  port.o ABSOLUTE
    ..\drivers\buttons.c                     0x00000000   Number         0  buttons.o ABSOLUTE
    ..\drivers\rgb.c                         0x00000000   Number         0  rgb.o ABSOLUTE
    cpu.c                                    0x00000000   Number         0  cpu.o ABSOLUTE
    cpu.c                                    0x00000000   Number         0  cpu.o ABSOLUTE
    dc.s                                     0x00000000   Number         0  dc.o ABSOLUTE
    freertos_demo.c                          0x00000000   Number         0  freertos_demo.o ABSOLUTE
    gpio.c                                   0x00000000   Number         0  gpio.o ABSOLUTE
    handlers.s                               0x00000000   Number         0  handlers.o ABSOLUTE
    init.s                                   0x00000000   Number         0  init.o ABSOLUTE
    interrupt.c                              0x00000000   Number         0  interrupt.o ABSOLUTE
    led_task.c                               0x00000000   Number         0  led_task.o ABSOLUTE
    startup_rvmdk.S                          0x00000000   Number         0  startup_rvmdk.o ABSOLUTE
    switch_task.c                            0x00000000   Number         0  switch_task.o ABSOLUTE
    sysctl.c                                 0x00000000   Number         0  sysctl.o ABSOLUTE
    sysctl.c                                 0x00000000   Number         0  sysctl.o ABSOLUTE
    uart.c                                   0x00000000   Number         0  uart.o ABSOLUTE
    $v0                                      0x0000026c   Number         0  startup_rvmdk.o(RESET)
    NmiSR                                    0x00000281   Thumb Code     0  startup_rvmdk.o(RESET)
    FaultISR                                 0x00000283   Thumb Code     0  startup_rvmdk.o(RESET)
    IntDefaultHandler                        0x00000285   Thumb Code     0  startup_rvmdk.o(RESET)
    .ARM.Collect$$$$00000000                 0x00000288   Section        0  entry.o(.ARM.Collect$$$$00000000)
    .ARM.Collect$$$$00000001                 0x00000288   Section        4  entry2.o(.ARM.Collect$$$$00000001)
    .ARM.Collect$$$$00000004                 0x0000028c   Section        4  entry5.o(.ARM.Collect$$$$00000004)
    .ARM.Collect$$$$00000008                 0x00000290   Section        0  entry7b.o(.ARM.Collect$$$$00000008)
    .ARM.Collect$$$$0000000A                 0x00000290   Section        0  entry8b.o(.ARM.Collect$$$$0000000A)
    .ARM.Collect$$$$0000000B                 0x00000290   Section        8  entry9a.o(.ARM.Collect$$$$0000000B)
    .ARM.Collect$$$$0000000D                 0x00000298   Section        0  entry10a.o(.ARM.Collect$$$$0000000D)
    .ARM.Collect$$$$0000000F                 0x00000298   Section        0  entry11a.o(.ARM.Collect$$$$0000000F)
    .ARM.Collect$$$$00002712                 0x00000298   Section        4  entry2.o(.ARM.Collect$$$$00002712)
    __lit__00000000                          0x00000298   Data           4  entry2.o(.ARM.Collect$$$$00002712)
    .emb_text                                0x0000029c   Section      182  port.o(.emb_text)
    $v0                                      0x0000029c   Number         0  port.o(.emb_text)
    .text                                    0x00000352   Section        0  memcpya.o(.text)
    .text                                    0x00000376   Section        0  memseta.o(.text)
    .text                                    0x0000039c   Section       36  init.o(.text)
    .text                                    0x000003c0   Section        0  __dczerorl.o(.text)
    i.ButtonsInit                            0x000003fc   Section        0  buttons.o(i.ButtonsInit)
    i.ConfigureUART                          0x00000460   Section        0  freertos_demo.o(i.ConfigureUART)
    i.GPIODirModeSet                         0x000004bc   Section        0  gpio.o(i.GPIODirModeSet)
    i.GPIOIntClear                           0x000004e4   Section        0  gpio.o(i.GPIOIntClear)
    i.GPIOIntDisable                         0x000004ea   Section        0  gpio.o(i.GPIOIntDisable)
    i.GPIOIntEnable                          0x000004f8   Section        0  gpio.o(i.GPIOIntEnable)
    i.GPIOIntRegister                        0x00000504   Section        0  gpio.o(i.GPIOIntRegister)
    i.GPIOIntTypeSet                         0x0000051e   Section        0  gpio.o(i.GPIOIntTypeSet)
    i.GPIOPadConfigSet                       0x0000056e   Section        0  gpio.o(i.GPIOPadConfigSet)
    i.GPIOPinTypeGPIOOutput                  0x000006a6   Section        0  gpio.o(i.GPIOPinTypeGPIOOutput)
    i.GPIOPinWrite                           0x000006c2   Section        0  gpio.o(i.GPIOPinWrite)
    i.IntEnable                              0x000006c8   Section        0  interrupt.o(i.IntEnable)
    i.IntRegister                            0x0000072c   Section        0  interrupt.o(i.IntRegister)
    i.LEDTask                                0x00000760   Section        0  led_task.o(i.LEDTask)
    LEDTask                                  0x00000761   Thumb Code   214  led_task.o(i.LEDTask)
    i.LEDTaskInit                            0x0000088c   Section        0  led_task.o(i.LEDTaskInit)
    i.RGBColorSet                            0x0000094c   Section        0  rgb.o(i.RGBColorSet)
    i.RGBDisable                             0x000009dc   Section        0  rgb.o(i.RGBDisable)
    i.RGBEnable                              0x00000a38   Section        0  rgb.o(i.RGBEnable)
    i.RGBInit                                0x00000ae4   Section        0  rgb.o(i.RGBInit)
    i.RGBIntensitySet                        0x00000bb4   Section        0  rgb.o(i.RGBIntensitySet)
    i.SwitchTask                             0x00000bc8   Section        0  switch_task.o(i.SwitchTask)
    SwitchTask                               0x00000bc9   Thumb Code   170  switch_task.o(i.SwitchTask)
    i.SwitchTaskInit                         0x00000ce4   Section        0  switch_task.o(i.SwitchTaskInit)
    i.UARTClockSourceSet                     0x00000d6c   Section        0  uart.o(i.UARTClockSourceSet)
    i.UARTStdioConfig                        0x00000d74   Section        0  uartstdio.o(i.UARTStdioConfig)
    i.UARTprintf                             0x00000dd0   Section        0  uartstdio.o(i.UARTprintf)
    i.UARTvprintf                            0x00000de4   Section        0  uartstdio.o(i.UARTvprintf)
    i.UARTwrite                              0x00000f98   Section        0  uartstdio.o(i.UARTwrite)
    i._GPIOIntNumberGet                      0x00000fd4   Section        0  gpio.o(i._GPIOIntNumberGet)
    _GPIOIntNumberGet                        0x00000fd5   Thumb Code    62  gpio.o(i._GPIOIntNumberGet)
    i.__scatterload_copy                     0x00001024   Section       14  handlers.o(i.__scatterload_copy)
    i.__scatterload_null                     0x00001032   Section        2  handlers.o(i.__scatterload_null)
    i.__scatterload_zeroinit                 0x00001034   Section       14  handlers.o(i.__scatterload_zeroinit)
    i.main                                   0x00001044   Section        0  freertos_demo.o(i.main)
    i.prvAddCurrentTaskToDelayedList         0x000010ec   Section        0  tasks.o(i.prvAddCurrentTaskToDelayedList)
    prvAddCurrentTaskToDelayedList           0x000010ed   Thumb Code    48  tasks.o(i.prvAddCurrentTaskToDelayedList)
    i.prvCheckTasksWaitingTermination        0x00001120   Section        0  tasks.o(i.prvCheckTasksWaitingTermination)
    prvCheckTasksWaitingTermination          0x00001121   Thumb Code    80  tasks.o(i.prvCheckTasksWaitingTermination)
    i.prvCopyDataFromQueue                   0x00001178   Section        0  queue.o(i.prvCopyDataFromQueue)
    prvCopyDataFromQueue                     0x00001179   Thumb Code    38  queue.o(i.prvCopyDataFromQueue)
    i.prvCopyDataToQueue                     0x0000119e   Section        0  queue.o(i.prvCopyDataToQueue)
    prvCopyDataToQueue                       0x0000119f   Thumb Code   110  queue.o(i.prvCopyDataToQueue)
    i.prvIdleTask                            0x0000120c   Section        0  tasks.o(i.prvIdleTask)
    prvIdleTask                              0x0000120d   Thumb Code     6  tasks.o(i.prvIdleTask)
    i.prvResetNextTaskUnblockTime            0x00001214   Section        0  tasks.o(i.prvResetNextTaskUnblockTime)
    prvResetNextTaskUnblockTime              0x00001215   Thumb Code    26  tasks.o(i.prvResetNextTaskUnblockTime)
    i.prvTaskExitError                       0x00001234   Section        0  port.o(i.prvTaskExitError)
    prvTaskExitError                         0x00001235   Thumb Code    16  port.o(i.prvTaskExitError)
    i.prvUnlockQueue                         0x00001244   Section        0  queue.o(i.prvUnlockQueue)
    prvUnlockQueue                           0x00001245   Thumb Code   100  queue.o(i.prvUnlockQueue)
    i.pvPortMalloc                           0x000012a8   Section        0  heap_2.o(i.pvPortMalloc)
    i.pvTaskIncrementMutexHeldCount          0x0000135c   Section        0  tasks.o(i.pvTaskIncrementMutexHeldCount)
    i.pxPortInitialiseStack                  0x00001374   Section        0  port.o(i.pxPortInitialiseStack)
    i.uxListRemove                           0x0000139c   Section        0  list.o(i.uxListRemove)
    i.vApplicationStackOverflowHook          0x000013c0   Section        0  freertos_demo.o(i.vApplicationStackOverflowHook)
    i.vListInitialise                        0x000013c2   Section        0  list.o(i.vListInitialise)
    i.vListInitialiseItem                    0x000013d8   Section        0  list.o(i.vListInitialiseItem)
    i.vListInsert                            0x000013de   Section        0  list.o(i.vListInsert)
    i.vListInsertEnd                         0x0000140e   Section        0  list.o(i.vListInsertEnd)
    i.vPortEnterCritical                     0x00001428   Section        0  port.o(i.vPortEnterCritical)
    i.vPortExitCritical                      0x00001444   Section        0  port.o(i.vPortExitCritical)
    i.vPortFree                              0x00001458   Section        0  heap_2.o(i.vPortFree)
    i.vPortSetupTimerInterrupt               0x00001494   Section        0  port.o(i.vPortSetupTimerInterrupt)
    i.vSoftwareInterruptHandler              0x000014a4   Section        0  switch_task.o(i.vSoftwareInterruptHandler)
    i.vTaskDelayUntil                        0x000014c8   Section        0  tasks.o(i.vTaskDelayUntil)
    i.vTaskMissedYield                       0x00001538   Section        0  tasks.o(i.vTaskMissedYield)
    i.vTaskPlaceOnEventList                  0x00001544   Section        0  tasks.o(i.vTaskPlaceOnEventList)
    i.vTaskPriorityInherit                   0x00001594   Section        0  tasks.o(i.vTaskPriorityInherit)
    i.vTaskSetTimeOutState                   0x00001618   Section        0  tasks.o(i.vTaskSetTimeOutState)
    i.vTaskStartScheduler                    0x00001628   Section        0  tasks.o(i.vTaskStartScheduler)
    i.vTaskSuspendAll                        0x0000167c   Section        0  tasks.o(i.vTaskSuspendAll)
    i.vTaskSwitchContext                     0x0000168c   Section        0  tasks.o(i.vTaskSwitchContext)
    i.xPortStartScheduler                    0x000016fc   Section        0  port.o(i.xPortStartScheduler)
    i.xPortSysTickHandler                    0x0000173c   Section        0  port.o(i.xPortSysTickHandler)
    i.xQueueCreateMutex                      0x00001768   Section        0  queue.o(i.xQueueCreateMutex)
    i.xQueueGenericCreate                    0x000017b2   Section        0  queue.o(i.xQueueGenericCreate)
    i.xQueueGenericReceive                   0x000017fc   Section        0  queue.o(i.xQueueGenericReceive)
    i.xQueueGenericReset                     0x00001928   Section        0  queue.o(i.xQueueGenericReset)
    i.xQueueGenericSend                      0x00001998   Section        0  queue.o(i.xQueueGenericSend)
    i.xQueueGiveFromISR                      0x00001a98   Section        0  queue.o(i.xQueueGiveFromISR)
    i.xTaskCheckForTimeOut                   0x00001af0   Section        0  tasks.o(i.xTaskCheckForTimeOut)
    i.xTaskGenericCreate                     0x00001b38   Section        0  tasks.o(i.xTaskGenericCreate)
    i.xTaskGetTickCount                      0x00001cc0   Section        0  tasks.o(i.xTaskGetTickCount)
    i.xTaskIncrementTick                     0x00001ccc   Section        0  tasks.o(i.xTaskIncrementTick)
    i.xTaskPriorityDisinherit                0x00001d80   Section        0  tasks.o(i.xTaskPriorityDisinherit)
    i.xTaskRemoveFromEventList               0x00001df0   Section        0  tasks.o(i.xTaskRemoveFromEventList)
    i.xTaskResumeAll                         0x00001e54   Section        0  tasks.o(i.xTaskResumeAll)
    .constdata                               0x00001f04   Section       28  uartstdio.o(.constdata)
    g_pcHex                                  0x00001f04   Data           4  uartstdio.o(.constdata)
    g_ui32UARTBase                           0x00001f08   Data          12  uartstdio.o(.constdata)
    g_ui32UARTPeriph                         0x00001f14   Data          12  uartstdio.o(.constdata)
    .constdata                               0x00001f20   Section      552  gpio.o(.constdata)
    g_ppui32GPIOIntMapBlizzard               0x00001f20   Data         192  gpio.o(.constdata)
    g_ppui32GPIOIntMapSnowflake              0x00001fe0   Data         216  gpio.o(.constdata)
    g_pui32GPIOBaseAddrs                     0x000020b8   Data         144  gpio.o(.constdata)
    .constdata                               0x00002148   Section      268  interrupt.o(.constdata)
    g_pui32Priority                          0x00002148   Data          32  interrupt.o(.constdata)
    g_pui32Regs                              0x00002168   Data         156  interrupt.o(.constdata)
    g_pui32EnRegs                            0x00002204   Data          20  interrupt.o(.constdata)
    g_pui32Dii16Regs                         0x00002218   Data          20  interrupt.o(.constdata)
    g_pui32PendRegs                          0x0000222c   Data          20  interrupt.o(.constdata)
    g_pui32UnpendRegs                        0x00002240   Data          20  interrupt.o(.constdata)
    .conststring                             0x00002254   Section       17  uartstdio.o(.conststring)
    .data                                    0x20000000   Section        3  buttons.o(.data)
    g_ui8ButtonStates                        0x20000000   Data           1  buttons.o(.data)
    ui8SwitchClockA                          0x20000001   Data           1  buttons.o(.data)
    ui8SwitchClockB                          0x20000002   Data           1  buttons.o(.data)
    .data                                    0x20000004   Section        8  freertos_demo.o(.data)
    .data                                    0x2000000c   Section       24  heap_2.o(.data)
    xFreeBytesRemaining                      0x2000000c   Data           4  heap_2.o(.data)
    xHeapHasBeenInitialised                  0x20000010   Data           4  heap_2.o(.data)
    xStart                                   0x20000014   Data           8  heap_2.o(.data)
    xEnd                                     0x2000001c   Data           8  heap_2.o(.data)
    .data                                    0x20000024   Section        8  led_task.o(.data)
    g_ui8ColorsIndx                          0x20000024   Data           1  led_task.o(.data)
    .data                                    0x2000002c   Section        4  port.o(.data)
    uxCriticalNesting                        0x2000002c   Data           4  port.o(.data)
    .data                                    0x20000030   Section        8  rgb.o(.data)
    g_fIntensity                             0x20000030   Data           4  rgb.o(.data)
    ulFlags                                  0x20000034   Data           4  rgb.o(.data)
    .data                                    0x20000038   Section       56  tasks.o(.data)
    uxTasksDeleted                           0x2000003c   Data           4  tasks.o(.data)
    uxCurrentNumberOfTasks                   0x20000040   Data           4  tasks.o(.data)
    xTickCount                               0x20000044   Data           4  tasks.o(.data)
    uxTopReadyPriority                       0x20000048   Data           4  tasks.o(.data)
    xSchedulerRunning                        0x2000004c   Data           4  tasks.o(.data)
    uxPendedTicks                            0x20000050   Data           4  tasks.o(.data)
    xYieldPending                            0x20000054   Data           4  tasks.o(.data)
    xNumOfOverflows                          0x20000058   Data           4  tasks.o(.data)
    uxTaskNumber                             0x2000005c   Data           4  tasks.o(.data)
    xNextTaskUnblockTime                     0x20000060   Data           4  tasks.o(.data)
    uxSchedulerSuspended                     0x20000064   Data           4  tasks.o(.data)
    pxDelayedTaskList                        0x20000068   Data           4  tasks.o(.data)
    pxOverflowDelayedTaskList                0x2000006c   Data           4  tasks.o(.data)
    .data                                    0x20000070   Section        8  uartstdio.o(.data)
    bLastWasCR                               0x20000070   Data           1  uartstdio.o(.data)
    g_ui32Base                               0x20000074   Data           4  uartstdio.o(.data)
    vtable                                   0x20000400   Section      620  interrupt.o(vtable)
    g_pfnRAMVectors                          0x20000400   Data         620  interrupt.o(vtable)
    .bss                                     0x2000066c   Section    30000  heap_2.o(.bss)
    ucHeap                                   0x2000066c   Data       30000  heap_2.o(.bss)
    .bss                                     0x20007b9c   Section       12  led_task.o(.bss)
    g_pui32Colors                            0x20007b9c   Data          12  led_task.o(.bss)
    .bss                                     0x20007ba8   Section       12  rgb.o(.bss)
    g_ui32Colors                             0x20007ba8   Data          12  rgb.o(.bss)
    .bss                                     0x20007bb4   Section      420  tasks.o(.bss)
    pxReadyTasksLists                        0x20007bb4   Data         320  tasks.o(.bss)
    xDelayedTaskList1                        0x20007cf4   Data          20  tasks.o(.bss)
    xDelayedTaskList2                        0x20007d08   Data          20  tasks.o(.bss)
    xPendingReadyList                        0x20007d1c   Data          20  tasks.o(.bss)
    xTasksWaitingTermination                 0x20007d30   Data          20  tasks.o(.bss)
    xSuspendedTaskList                       0x20007d44   Data          20  tasks.o(.bss)
    STACK                                    0x20007d58   Section      512  startup_rvmdk.o(STACK)
    StackMem                                 0x20007d58   Data           0  startup_rvmdk.o(STACK)

    Global Symbols

    Symbol Name                              Value     Ov Type        Size  Object(Section)

    BuildAttributes$$THM_ISAv4$E$P$D$K$B$S$7EM$VFPi3$EXTD16$VFPS$VFMA$PE$A:L22UL41UL21$X:L11$S22US41US21$IEEE1$IW$USESV6$~STKCKD$USESV7$~SHL$OTIME$ROPI$EBA8$MICROLIB$REQ8$PRES8$EABIv2 0x00000000   Number         0  anon$$obj.o ABSOLUTE
    __ARM_use_no_argv                        0x00000000   Number         0  freertos_demo.o ABSOLUTE
    __Vectors                                0x00000000   Data           0  startup_rvmdk.o(RESET)
    __cpp_initialize__aeabi_                  - Undefined Weak Reference
    __cxa_finalize                            - Undefined Weak Reference
    _clock_init                               - Undefined Weak Reference
    _microlib_exit                            - Undefined Weak Reference
    Reset_Handler                            0x0000026d   Thumb Code     0  startup_rvmdk.o(RESET)
    __main                                   0x00000289   Thumb Code     0  entry.o(.ARM.Collect$$$$00000000)
    _main_stk                                0x00000289   Thumb Code     0  entry2.o(.ARM.Collect$$$$00000001)
    _main_scatterload                        0x0000028d   Thumb Code     0  entry5.o(.ARM.Collect$$$$00000004)
    __main_after_scatterload                 0x00000291   Thumb Code     0  entry5.o(.ARM.Collect$$$$00000004)
    _main_clock                              0x00000291   Thumb Code     0  entry7b.o(.ARM.Collect$$$$00000008)
    _main_cpp_init                           0x00000291   Thumb Code     0  entry8b.o(.ARM.Collect$$$$0000000A)
    _main_init                               0x00000291   Thumb Code     0  entry9a.o(.ARM.Collect$$$$0000000B)
    __rt_final_cpp                           0x00000299   Thumb Code     0  entry10a.o(.ARM.Collect$$$$0000000D)
    __rt_final_exit                          0x00000299   Thumb Code     0  entry11a.o(.ARM.Collect$$$$0000000F)
    vPortSVCHandler                          0x0000029d   Thumb Code    28  port.o(.emb_text)
    __asm___6_port_c_39a90d8d__prvStartFirstTask 0x000002bd   Thumb Code    28  port.o(.emb_text)
    __asm___6_port_c_39a90d8d__prvEnableVFP  0x000002dd   Thumb Code    16  port.o(.emb_text)
    xPortPendSVHandler                       0x000002f1   Thumb Code    88  port.o(.emb_text)
    vPortGetIPSR                             0x0000034d   Thumb Code     6  port.o(.emb_text)
    __aeabi_memcpy                           0x00000353   Thumb Code    36  memcpya.o(.text)
    __aeabi_memcpy4                          0x00000353   Thumb Code     0  memcpya.o(.text)
    __aeabi_memcpy8                          0x00000353   Thumb Code     0  memcpya.o(.text)
    __aeabi_memset                           0x00000377   Thumb Code    14  memseta.o(.text)
    __aeabi_memset4                          0x00000377   Thumb Code     0  memseta.o(.text)
    __aeabi_memset8                          0x00000377   Thumb Code     0  memseta.o(.text)
    __aeabi_memclr                           0x00000385   Thumb Code     4  memseta.o(.text)
    __aeabi_memclr4                          0x00000385   Thumb Code     0  memseta.o(.text)
    __aeabi_memclr8                          0x00000385   Thumb Code     0  memseta.o(.text)
    _memset$wrapper                          0x00000389   Thumb Code    18  memseta.o(.text)
    __scatterload                            0x0000039d   Thumb Code    28  init.o(.text)
    __scatterload_rt2                        0x0000039d   Thumb Code     0  init.o(.text)
    __decompress                             0x000003c1   Thumb Code     0  __dczerorl.o(.text)
    __decompress0                            0x000003c1   Thumb Code    58  __dczerorl.o(.text)
    ButtonsInit                              0x000003fd   Thumb Code    78  buttons.o(i.ButtonsInit)
    ConfigureUART                            0x00000461   Thumb Code    76  freertos_demo.o(i.ConfigureUART)
    GPIODirModeSet                           0x000004bd   Thumb Code    40  gpio.o(i.GPIODirModeSet)
    GPIOIntClear                             0x000004e5   Thumb Code     6  gpio.o(i.GPIOIntClear)
    GPIOIntDisable                           0x000004eb   Thumb Code    14  gpio.o(i.GPIOIntDisable)
    GPIOIntEnable                            0x000004f9   Thumb Code    12  gpio.o(i.GPIOIntEnable)
    GPIOIntRegister                          0x00000505   Thumb Code    26  gpio.o(i.GPIOIntRegister)
    GPIOIntTypeSet                           0x0000051f   Thumb Code    80  gpio.o(i.GPIOIntTypeSet)
    GPIOPadConfigSet                         0x0000056f   Thumb Code   312  gpio.o(i.GPIOPadConfigSet)
    GPIOPinTypeGPIOOutput                    0x000006a7   Thumb Code    28  gpio.o(i.GPIOPinTypeGPIOOutput)
    GPIOPinWrite                             0x000006c3   Thumb Code     6  gpio.o(i.GPIOPinWrite)
    IntEnable                                0x000006c9   Thumb Code    92  interrupt.o(i.IntEnable)
    IntRegister                              0x0000072d   Thumb Code    44  interrupt.o(i.IntRegister)
    LEDTaskInit                              0x0000088d   Thumb Code   102  led_task.o(i.LEDTaskInit)
    RGBColorSet                              0x0000094d   Thumb Code   126  rgb.o(i.RGBColorSet)
    RGBDisable                               0x000009dd   Thumb Code    78  rgb.o(i.RGBDisable)
    RGBEnable                                0x00000a39   Thumb Code   146  rgb.o(i.RGBEnable)
    RGBInit                                  0x00000ae5   Thumb Code   180  rgb.o(i.RGBInit)
    RGBIntensitySet                          0x00000bb5   Thumb Code    12  rgb.o(i.RGBIntensitySet)
    SwitchTaskInit                           0x00000ce5   Thumb Code   108  switch_task.o(i.SwitchTaskInit)
    UARTClockSourceSet                       0x00000d6d   Thumb Code     6  uart.o(i.UARTClockSourceSet)
    UARTStdioConfig                          0x00000d75   Thumb Code    82  uartstdio.o(i.UARTStdioConfig)
    UARTprintf                               0x00000dd1   Thumb Code    18  uartstdio.o(i.UARTprintf)
    UARTvprintf                              0x00000de5   Thumb Code   420  uartstdio.o(i.UARTvprintf)
    UARTwrite                                0x00000f99   Thumb Code    56  uartstdio.o(i.UARTwrite)
    __scatterload_copy                       0x00001025   Thumb Code    14  handlers.o(i.__scatterload_copy)
    __scatterload_null                       0x00001033   Thumb Code     2  handlers.o(i.__scatterload_null)
    __scatterload_zeroinit                   0x00001035   Thumb Code    14  handlers.o(i.__scatterload_zeroinit)
    main                                     0x00001045   Thumb Code   104  freertos_demo.o(i.main)
    pvPortMalloc                             0x000012a9   Thumb Code   172  heap_2.o(i.pvPortMalloc)
    pvTaskIncrementMutexHeldCount            0x0000135d   Thumb Code    18  tasks.o(i.pvTaskIncrementMutexHeldCount)
    pxPortInitialiseStack                    0x00001375   Thumb Code    36  port.o(i.pxPortInitialiseStack)
    uxListRemove                             0x0000139d   Thumb Code    36  list.o(i.uxListRemove)
    vApplicationStackOverflowHook            0x000013c1   Thumb Code     2  freertos_demo.o(i.vApplicationStackOverflowHook)
    vListInitialise                          0x000013c3   Thumb Code    22  list.o(i.vListInitialise)
    vListInitialiseItem                      0x000013d9   Thumb Code     6  list.o(i.vListInitialiseItem)
    vListInsert                              0x000013df   Thumb Code    48  list.o(i.vListInsert)
    vListInsertEnd                           0x0000140f   Thumb Code    24  list.o(i.vListInsertEnd)
    vPortEnterCritical                       0x00001429   Thumb Code    24  port.o(i.vPortEnterCritical)
    vPortExitCritical                        0x00001445   Thumb Code    16  port.o(i.vPortExitCritical)
    vPortFree                                0x00001459   Thumb Code    56  heap_2.o(i.vPortFree)
    vPortSetupTimerInterrupt                 0x00001495   Thumb Code    16  port.o(i.vPortSetupTimerInterrupt)
    vSoftwareInterruptHandler                0x000014a5   Thumb Code    26  switch_task.o(i.vSoftwareInterruptHandler)
    vTaskDelayUntil                          0x000014c9   Thumb Code   102  tasks.o(i.vTaskDelayUntil)
    vTaskMissedYield                         0x00001539   Thumb Code     8  tasks.o(i.vTaskMissedYield)
    vTaskPlaceOnEventList                    0x00001545   Thumb Code    70  tasks.o(i.vTaskPlaceOnEventList)
    vTaskPriorityInherit                     0x00001595   Thumb Code   124  tasks.o(i.vTaskPriorityInherit)
    vTaskSetTimeOutState                     0x00001619   Thumb Code    12  tasks.o(i.vTaskSetTimeOutState)
    vTaskStartScheduler                      0x00001629   Thumb Code    66  tasks.o(i.vTaskStartScheduler)
    vTaskSuspendAll                          0x0000167d   Thumb Code    10  tasks.o(i.vTaskSuspendAll)
    vTaskSwitchContext                       0x0000168d   Thumb Code   104  tasks.o(i.vTaskSwitchContext)
    xPortStartScheduler                      0x000016fd   Thumb Code    52  port.o(i.xPortStartScheduler)
    xPortSysTickHandler                      0x0000173d   Thumb Code    38  port.o(i.xPortSysTickHandler)
    xQueueCreateMutex                        0x00001769   Thumb Code    74  queue.o(i.xQueueCreateMutex)
    xQueueGenericCreate                      0x000017b3   Thumb Code    72  queue.o(i.xQueueGenericCreate)
    xQueueGenericReceive                     0x000017fd   Thumb Code   296  queue.o(i.xQueueGenericReceive)
    xQueueGenericReset                       0x00001929   Thumb Code   106  queue.o(i.xQueueGenericReset)
    xQueueGenericSend                        0x00001999   Thumb Code   252  queue.o(i.xQueueGenericSend)
    xQueueGiveFromISR                        0x00001a99   Thumb Code    86  queue.o(i.xQueueGiveFromISR)
    xTaskCheckForTimeOut                     0x00001af1   Thumb Code    66  tasks.o(i.xTaskCheckForTimeOut)
    xTaskGenericCreate                       0x00001b39   Thumb Code   376  tasks.o(i.xTaskGenericCreate)
    xTaskGetTickCount                        0x00001cc1   Thumb Code     6  tasks.o(i.xTaskGetTickCount)
    xTaskIncrementTick                       0x00001ccd   Thumb Code   172  tasks.o(i.xTaskIncrementTick)
    xTaskPriorityDisinherit                  0x00001d81   Thumb Code   102  tasks.o(i.xTaskPriorityDisinherit)
    xTaskRemoveFromEventList                 0x00001df1   Thumb Code    88  tasks.o(i.xTaskRemoveFromEventList)
    xTaskResumeAll                           0x00001e55   Thumb Code   164  tasks.o(i.xTaskResumeAll)
    Region$$Table$$Base                      0x00002268   Number         0  anon$$obj.o(Region$$Table)
    Region$$Table$$Limit                     0x00002288   Number         0  anon$$obj.o(Region$$Table)
    g_pUARTSemaphore                         0x20000004   Data           4  freertos_demo.o(.data)
    xBinarySemaphore                         0x20000008   Data           4  freertos_demo.o(.data)
    g_pLEDQueue                              0x20000028   Data           4  led_task.o(.data)
    pxCurrentTCB                             0x20000038   Data           4  tasks.o(.data)
    __initial_sp                             0x20007f58   Data           0  startup_rvmdk.o(STACK)



==============================================================================

Memory Map of the image

  Image Entry point : 0x0000026d

  Load Region LR_IROM (Base: 0x00000000, Size: 0x000028f4, Max: 0x00040000, ABSOLUTE, COMPRESSED[0x000022a4])

    Execution Region ER_IROM (Base: 0x00000000, Size: 0x00002288, Max: 0x00040000, ABSOLUTE)

    Base Addr    Size         Type   Attr      Idx    E Section Name        Object

    0x00000000   0x00000288   Code   RO          560  * RESET               startup_rvmdk.o
    0x00000288   0x00000000   Code   RO         2152  * .ARM.Collect$$$$00000000  mc_w.l(entry.o)
    0x00000288   0x00000004   Code   RO         2163    .ARM.Collect$$$$00000001  mc_w.l(entry2.o)
    0x0000028c   0x00000004   Code   RO         2166    .ARM.Collect$$$$00000004  mc_w.l(entry5.o)
    0x00000290   0x00000000   Code   RO         2168    .ARM.Collect$$$$00000008  mc_w.l(entry7b.o)
    0x00000290   0x00000000   Code   RO         2170    .ARM.Collect$$$$0000000A  mc_w.l(entry8b.o)
    0x00000290   0x00000008   Code   RO         2171    .ARM.Collect$$$$0000000B  mc_w.l(entry9a.o)
    0x00000298   0x00000000   Code   RO         2173    .ARM.Collect$$$$0000000D  mc_w.l(entry10a.o)
    0x00000298   0x00000000   Code   RO         2175    .ARM.Collect$$$$0000000F  mc_w.l(entry11a.o)
    0x00000298   0x00000004   Code   RO         2164    .ARM.Collect$$$$00002712  mc_w.l(entry2.o)
    0x0000029c   0x000000b6   Code   RO          243    .emb_text           port.o
    0x00000352   0x00000024   Code   RO         2155    .text               mc_w.l(memcpya.o)
    0x00000376   0x00000024   Code   RO         2157    .text               mc_w.l(memseta.o)
    0x0000039a   0x00000002   PAD
    0x0000039c   0x00000024   Code   RO         2180    .text               mc_w.l(init.o)
    0x000003c0   0x0000003a   Code   RO         2190    .text               mc_w.l(__dczerorl.o)
    0x000003fa   0x00000002   PAD
    0x000003fc   0x00000064   Code   RO            1    i.ButtonsInit       buttons.o
    0x00000460   0x0000005c   Code   RO           56    i.ConfigureUART     freertos_demo.o
    0x000004bc   0x00000028   Code   RO         1057    i.GPIODirModeSet    driverlib.lib(gpio.o)
    0x000004e4   0x00000006   Code   RO         1058    i.GPIOIntClear      driverlib.lib(gpio.o)
    0x000004ea   0x0000000e   Code   RO         1059    i.GPIOIntDisable    driverlib.lib(gpio.o)
    0x000004f8   0x0000000c   Code   RO         1060    i.GPIOIntEnable     driverlib.lib(gpio.o)
    0x00000504   0x0000001a   Code   RO         1061    i.GPIOIntRegister   driverlib.lib(gpio.o)
    0x0000051e   0x00000050   Code   RO         1065    i.GPIOIntTypeSet    driverlib.lib(gpio.o)
    0x0000056e   0x00000138   Code   RO         1069    i.GPIOPadConfigSet  driverlib.lib(gpio.o)
    0x000006a6   0x0000001c   Code   RO         1081    i.GPIOPinTypeGPIOOutput  driverlib.lib(gpio.o)
    0x000006c2   0x00000006   Code   RO         1099    i.GPIOPinWrite      driverlib.lib(gpio.o)
    0x000006c8   0x00000064   Code   RO         2043    i.IntEnable         driverlib.lib(interrupt.o)
    0x0000072c   0x00000034   Code   RO         2055    i.IntRegister       driverlib.lib(interrupt.o)
    0x00000760   0x0000012c   Code   RO          176    i.LEDTask           led_task.o
    0x0000088c   0x000000c0   Code   RO          177    i.LEDTaskInit       led_task.o
    0x0000094c   0x00000090   Code   RO          483    i.RGBColorSet       rgb.o
    0x000009dc   0x0000005c   Code   RO          484    i.RGBDisable        rgb.o
    0x00000a38   0x000000ac   Code   RO          485    i.RGBEnable         rgb.o
    0x00000ae4   0x000000d0   Code   RO          486    i.RGBInit           rgb.o
    0x00000bb4   0x00000014   Code   RO          487    i.RGBIntensitySet   rgb.o
    0x00000bc8   0x0000011c   Code   RO          564    i.SwitchTask        switch_task.o
    0x00000ce4   0x00000088   Code   RO          565    i.SwitchTaskInit    switch_task.o
    0x00000d6c   0x00000006   Code   RO         1749    i.UARTClockSourceSet  driverlib.lib(uart.o)
    0x00000d72   0x00000002   PAD
    0x00000d74   0x0000005c   Code   RO          884    i.UARTStdioConfig   uartstdio.o
    0x00000dd0   0x00000012   Code   RO          887    i.UARTprintf        uartstdio.o
    0x00000de2   0x00000002   PAD
    0x00000de4   0x000001b4   Code   RO          888    i.UARTvprintf       uartstdio.o
    0x00000f98   0x0000003c   Code   RO          889    i.UARTwrite         uartstdio.o
    0x00000fd4   0x00000050   Code   RO         1100    i._GPIOIntNumberGet  driverlib.lib(gpio.o)
    0x00001024   0x0000000e   Code   RO         2184    i.__scatterload_copy  mc_w.l(handlers.o)
    0x00001032   0x00000002   Code   RO         2185    i.__scatterload_null  mc_w.l(handlers.o)
    0x00001034   0x0000000e   Code   RO         2186    i.__scatterload_zeroinit  mc_w.l(handlers.o)
    0x00001042   0x00000002   PAD
    0x00001044   0x000000a8   Code   RO           57    i.main              freertos_demo.o
    0x000010ec   0x00000034   Code   RO          588    i.prvAddCurrentTaskToDelayedList  tasks.o
    0x00001120   0x00000058   Code   RO          589    i.prvCheckTasksWaitingTermination  tasks.o
    0x00001178   0x00000026   Code   RO          312    i.prvCopyDataFromQueue  queue.o
    0x0000119e   0x0000006e   Code   RO          313    i.prvCopyDataToQueue  queue.o
    0x0000120c   0x00000006   Code   RO          590    i.prvIdleTask       tasks.o
    0x00001212   0x00000002   PAD
    0x00001214   0x00000020   Code   RO          592    i.prvResetNextTaskUnblockTime  tasks.o
    0x00001234   0x00000010   Code   RO          244    i.prvTaskExitError  port.o
    0x00001244   0x00000064   Code   RO          314    i.prvUnlockQueue    queue.o
    0x000012a8   0x000000b4   Code   RO          134    i.pvPortMalloc      heap_2.o
    0x0000135c   0x00000018   Code   RO          595    i.pvTaskIncrementMutexHeldCount  tasks.o
    0x00001374   0x00000028   Code   RO          245    i.pxPortInitialiseStack  port.o
    0x0000139c   0x00000024   Code   RO          207    i.uxListRemove      list.o
    0x000013c0   0x00000002   Code   RO           58    i.vApplicationStackOverflowHook  freertos_demo.o
    0x000013c2   0x00000016   Code   RO          208    i.vListInitialise   list.o
    0x000013d8   0x00000006   Code   RO          209    i.vListInitialiseItem  list.o
    0x000013de   0x00000030   Code   RO          210    i.vListInsert       list.o
    0x0000140e   0x00000018   Code   RO          211    i.vListInsertEnd    list.o
    0x00001426   0x00000002   PAD
    0x00001428   0x0000001c   Code   RO          247    i.vPortEnterCritical  port.o
    0x00001444   0x00000014   Code   RO          248    i.vPortExitCritical  port.o
    0x00001458   0x0000003c   Code   RO          135    i.vPortFree         heap_2.o
    0x00001494   0x00000010   Code   RO          249    i.vPortSetupTimerInterrupt  port.o
    0x000014a4   0x00000024   Code   RO          566    i.vSoftwareInterruptHandler  switch_task.o
    0x000014c8   0x00000070   Code   RO          605    i.vTaskDelayUntil   tasks.o
    0x00001538   0x0000000c   Code   RO          608    i.vTaskMissedYield  tasks.o
    0x00001544   0x00000050   Code   RO          610    i.vTaskPlaceOnEventList  tasks.o
    0x00001594   0x00000084   Code   RO          612    i.vTaskPriorityInherit  tasks.o
    0x00001618   0x00000010   Code   RO          616    i.vTaskSetTimeOutState  tasks.o
    0x00001628   0x00000054   Code   RO          617    i.vTaskStartScheduler  tasks.o
    0x0000167c   0x00000010   Code   RO          619    i.vTaskSuspendAll   tasks.o
    0x0000168c   0x00000070   Code   RO          620    i.vTaskSwitchContext  tasks.o
    0x000016fc   0x00000040   Code   RO          250    i.xPortStartScheduler  port.o
    0x0000173c   0x0000002c   Code   RO          251    i.xPortSysTickHandler  port.o
    0x00001768   0x0000004a   Code   RO          324    i.xQueueCreateMutex  queue.o
    0x000017b2   0x00000048   Code   RO          325    i.xQueueGenericCreate  queue.o
    0x000017fa   0x00000002   PAD
    0x000017fc   0x0000012c   Code   RO          326    i.xQueueGenericReceive  queue.o
    0x00001928   0x00000070   Code   RO          327    i.xQueueGenericReset  queue.o
    0x00001998   0x00000100   Code   RO          328    i.xQueueGenericSend  queue.o
    0x00001a98   0x00000056   Code   RO          330    i.xQueueGiveFromISR  queue.o
    0x00001aee   0x00000002   PAD
    0x00001af0   0x00000048   Code   RO          621    i.xTaskCheckForTimeOut  tasks.o
    0x00001b38   0x00000188   Code   RO          622    i.xTaskGenericCreate  tasks.o
    0x00001cc0   0x0000000c   Code   RO          626    i.xTaskGetTickCount  tasks.o
    0x00001ccc   0x000000b4   Code   RO          628    i.xTaskIncrementTick  tasks.o
    0x00001d80   0x00000070   Code   RO          631    i.xTaskPriorityDisinherit  tasks.o
    0x00001df0   0x00000064   Code   RO          632    i.xTaskRemoveFromEventList  tasks.o
    0x00001e54   0x000000b0   Code   RO          634    i.xTaskResumeAll    tasks.o
    0x00001f04   0x0000001c   Data   RO          890    .constdata          uartstdio.o
    0x00001f20   0x00000228   Data   RO         1101    .constdata          driverlib.lib(gpio.o)
    0x00002148   0x0000010c   Data   RO         2059    .constdata          driverlib.lib(interrupt.o)
    0x00002254   0x00000011   Data   RO          891    .conststring        uartstdio.o
    0x00002265   0x00000003   PAD
    0x00002268   0x00000020   Data   RO         2182    Region$$Table       anon$$obj.o


    Execution Region RW_IRAM (Base: 0x20000000, Size: 0x00007f58, Max: 0x00008000, ABSOLUTE, COMPRESSED[0x0000001c])

    Base Addr    Size         Type   Attr      Idx    E Section Name        Object

    0x20000000   0x00000003   Data   RW            3    .data               buttons.o
    0x20000003   0x00000001   PAD
    0x20000004   0x00000008   Data   RW           59    .data               freertos_demo.o
    0x2000000c   0x00000018   Data   RW          139    .data               heap_2.o
    0x20000024   0x00000008   Data   RW          179    .data               led_task.o
    0x2000002c   0x00000004   Data   RW          252    .data               port.o
    0x20000030   0x00000008   Data   RW          490    .data               rgb.o
    0x20000038   0x00000038   Data   RW          637    .data               tasks.o
    0x20000070   0x00000008   Data   RW          892    .data               uartstdio.o
    0x20000078   0x00000388   PAD
    0x20000400   0x0000026c   Data   RW         2060    vtable              driverlib.lib(interrupt.o)
    0x2000066c   0x00007530   Zero   RW          138    .bss                heap_2.o
    0x20007b9c   0x0000000c   Zero   RW          178    .bss                led_task.o
    0x20007ba8   0x0000000c   Zero   RW          489    .bss                rgb.o
    0x20007bb4   0x000001a4   Zero   RW          636    .bss                tasks.o
    0x20007d58   0x00000200   Zero   RW          558    STACK               startup_rvmdk.o


==============================================================================

Image component sizes


      Code (inc. data)   RO Data    RW Data    ZI Data      Debug   Object Name

       100         22          0          3          0       6008   buttons.o
       262         80          0          8          0      18787   freertos_demo.o
       240         12          0         24      30000       4551   heap_2.o
       492        176          0          8         12       2303   led_task.o
       136          0          0          0          0       3298   list.o
       410         46          0          4          0      15868   port.o
      1148         14          0          0          0      17542   queue.o
       636         94          0          8         12       4008   rgb.o
       648        622          0          0        512        232   startup_rvmdk.o
       456        152          0          0          0       1817   switch_task.o
      1810        162          0         56        420      17948   tasks.o
       606         30         45          8          0       4572   uartstdio.o

    ----------------------------------------------------------------------
      6954       1410         80       1024      30956      96934   Object Totals
         0          0         32          0          0          0   (incl. Generated)
        10          0          3        905          0          0   (incl. Padding)

    ----------------------------------------------------------------------

      Code (inc. data)   RO Data    RW Data    ZI Data      Debug   Library Member Name

       604         18        552          0          0       9738   gpio.o
       152         16        268        620          0       2150   interrupt.o
         6          0          0          0          0        497   uart.o
        58          0          0          0          0          0   __dczerorl.o
         0          0          0          0          0          0   entry.o
         0          0          0          0          0          0   entry10a.o
         0          0          0          0          0          0   entry11a.o
         8          4          0          0          0          0   entry2.o
         4          0          0          0          0          0   entry5.o
         0          0          0          0          0          0   entry7b.o
         0          0          0          0          0          0   entry8b.o
         8          4          0          0          0          0   entry9a.o
        30          0          0          0          0          0   handlers.o
        36          8          0          0          0         68   init.o
        36          0          0          0          0         68   memcpya.o
        36          0          0          0          0        108   memseta.o

    ----------------------------------------------------------------------
       986         50        820        620          0      12629   Library Totals
         8          0          0          0          0          0   (incl. Padding)

    ----------------------------------------------------------------------

      Code (inc. data)   RO Data    RW Data    ZI Data      Debug   Library Name

       762         34        820        620          0      12385   driverlib.lib
       216         16          0          0          0        244   mc_w.l

    ----------------------------------------------------------------------
       986         50        820        620          0      12629   Library Totals

    ----------------------------------------------------------------------

==============================================================================


      Code (inc. data)   RO Data    RW Data    ZI Data      Debug   

      7940       1460        900       1644      30956     102711   Grand Totals
      7940       1460        900         28      30956     102711   ELF Image Totals (compressed)
      7940       1460        900         28          0          0   ROM Totals

==============================================================================

    Total RO  Size (Code + RO Data)                 8840 (   8.63kB)
    Total RW  Size (RW Data + ZI Data)             32600 (  31.84kB)
    Total ROM Size (Code + RO Data + RW Data)       8868 (   8.66kB)

==============================================================================

