<html>
<body>
<pre>
<h1>µVision Build Log</h1>
<h2>Project:</h2>
C:\ti\TivaWare_C_Series-2.1.4.178\examples\boards\ek-tm4c123gxl\freertos_demo\freertos_demo.uvproj
Project File Date:  04/25/2018

<h2>Output:</h2>
Rebuild target 'freertos_demo'
compiling buttons.c...
compiling freertos_demo.c...
compiling heap_2.c...
compiling led_task.c...
compiling list.c...
compiling port.c...
compiling queue.c...
compiling rgb.c...
assembling startup_rvmdk.S...
compiling switch_task.c...
switch_task.c(70): warning:  #550-D: variable "ui16LastTime" was set but never used
      portTickType ui16LastTime;
switch_task.c(71): warning:  #177-D: variable "ui32SwitchDelay" was declared but never referenced
      uint32_t ui32SwitchDelay = 25;
switch_task.c(72): warning:  #550-D: variable "ui8CurButtonState" was set but never used
      uint8_t ui8CurButtonState, ui8PrevButtonState;
switch_task.c(72): warning:  #550-D: variable "ui8PrevButtonState" was set but never used
      uint8_t ui8CurButtonState, ui8PrevButtonState;
switch_task.c: 4 warnings, 0 errors
compiling tasks.c...
compiling uartstdio.c...
compiling ustdlib.c...
linking...
Program Size: Code=7940 RO-data=900 RW-data=1644 ZI-data=30956  
After Build - User command #1: fromelf --bin --output .\rvmdk\freertos_demo.bin .\rvmdk\freertos_demo.axf
".\rvmdk\freertos_demo.axf" - 0 Error(s), 4 Warning(s).
Load "C:\\ti\\TivaWare_C_Series-2.1.4.178\\examples\\boards\\ek-tm4c123gxl\\freertos_demo\\rvmdk\\freertos_demo.axf" 
Connecting: Mode=JTAG, Speed=1000000Hz
Erase Done.
Programming Done.
Verify OK.
</pre>
</body>
</html>
ed
